None
Data loaded | train: 200 | val: 40 | test: 60 | split: splitdefault

============================================================
Model: AE3dFCDeep | latent_dim: 8
============================================================
Training AE3dFCDeep | device=cuda | batch_size=1 | patience=30 | max_epochs=300
Epoch 1/300 | train: 0.109702 | val: 0.055132 | lr: 5.00e-05 ✓ best
Epoch 2/300 | train: 0.037873 | val: 0.025205 | lr: 5.00e-05 ✓ best
Epoch 3/300 | train: 0.019662 | val: 0.013400 | lr: 5.00e-05 ✓ best
Epoch 4/300 | train: 0.012545 | val: 0.008967 | lr: 5.00e-05 ✓ best
Epoch 5/300 | train: 0.008919 | val: 0.006233 | lr: 5.00e-05 ✓ best
Epoch 6/300 | train: 0.007032 | val: 0.004916 | lr: 5.00e-05 ✓ best
Epoch 7/300 | train: 0.005629 | val: 0.003743 | lr: 5.00e-05 ✓ best
Epoch 8/300 | train: 0.004644 | val: 0.003192 | lr: 5.00e-05 ✓ best
Epoch 9/300 | train: 0.003935 | val: 0.002690 | lr: 5.00e-05 ✓ best
Epoch 10/300 | train: 0.003499 | val: 0.002310 | lr: 5.00e-05 ✓ best
Epoch 11/300 | train: 0.003207 | val: 0.002172 | lr: 5.00e-05 ✓ best
Epoch 12/300 | train: 0.002835 | val: 0.001845 | lr: 5.00e-05 ✓ best
Epoch 13/300 | train: 0.002606 | val: 0.001719 | lr: 5.00e-05 ✓ best
Epoch 14/300 | train: 0.002397 | val: 0.001565 | lr: 5.00e-05 ✓ best
Epoch 15/300 | train: 0.002260 | val: 0.001398 | lr: 5.00e-05 ✓ best
Epoch 16/300 | train: 0.002185 | val: 0.001295 | lr: 5.00e-05 ✓ best
Epoch 17/300 | train: 0.002075 | val: 0.001265 | lr: 5.00e-05 ✓ best
Epoch 18/300 | train: 0.001968 | val: 0.001209 | lr: 5.00e-05 ✓ best
Epoch 19/300 | train: 0.001886 | val: 0.001176 | lr: 5.00e-05 ✓ best
Epoch 20/300 | train: 0.001900 | val: 0.001096 | lr: 5.00e-05 ✓ best
Epoch 21/300 | train: 0.001808 | val: 0.001298 | lr: 5.00e-05 (no improvement for 1 epochs)
Epoch 22/300 | train: 0.001786 | val: 0.001094 | lr: 5.00e-05 ✓ best
Epoch 23/300 | train: 0.001727 | val: 0.001003 | lr: 5.00e-05 ✓ best
Epoch 24/300 | train: 0.001692 | val: 0.000989 | lr: 5.00e-05 ✓ best
Epoch 25/300 | train: 0.001596 | val: 0.000911 | lr: 5.00e-05 ✓ best
Epoch 26/300 | train: 0.001519 | val: 0.000977 | lr: 5.00e-05 (no improvement for 1 epochs)
Epoch 27/300 | train: 0.001471 | val: 0.000944 | lr: 5.00e-05 (no improvement for 2 epochs)
Epoch 28/300 | train: 0.001534 | val: 0.001094 | lr: 5.00e-05 (no improvement for 3 epochs)
Epoch 29/300 | train: 0.001484 | val: 0.000862 | lr: 5.00e-05 ✓ best
Epoch 30/300 | train: 0.001399 | val: 0.000917 | lr: 5.00e-05 (no improvement for 1 epochs)
Epoch 31/300 | train: 0.001396 | val: 0.000825 | lr: 5.00e-05 ✓ best
Epoch 32/300 | train: 0.001388 | val: 0.000875 | lr: 5.00e-05 (no improvement for 1 epochs)
Epoch 33/300 | train: 0.001352 | val: 0.000901 | lr: 5.00e-05 (no improvement for 2 epochs)
Epoch 34/300 | train: 0.001190 | val: 0.000907 | lr: 5.00e-05 (no improvement for 3 epochs)
Epoch 35/300 | train: 0.001177 | val: 0.000866 | lr: 5.00e-05 (no improvement for 4 epochs)
Epoch 36/300 | train: 0.001144 | val: 0.000840 | lr: 5.00e-05 (no improvement for 5 epochs)
Epoch 37/300 | train: 0.001157 | val: 0.000856 | lr: 5.00e-05 (no improvement for 6 epochs)
Epoch 38/300 | train: 0.001199 | val: 0.000824 | lr: 5.00e-05 ✓ best
Epoch 39/300 | train: 0.001140 | val: 0.000756 | lr: 5.00e-05 ✓ best
Epoch 40/300 | train: 0.001103 | val: 0.000950 | lr: 5.00e-05 (no improvement for 1 epochs)
Epoch 41/300 | train: 0.001052 | val: 0.001035 | lr: 5.00e-05 (no improvement for 2 epochs)
Epoch 42/300 | train: 0.001113 | val: 0.000874 | lr: 5.00e-05 (no improvement for 3 epochs)
Epoch 43/300 | train: 0.001054 | val: 0.000765 | lr: 5.00e-05 (no improvement for 4 epochs)
Epoch 44/300 | train: 0.001007 | val: 0.000749 | lr: 5.00e-05 ✓ best
Epoch 45/300 | train: 0.001006 | val: 0.000799 | lr: 5.00e-05 (no improvement for 1 epochs)
Epoch 46/300 | train: 0.000940 | val: 0.000766 | lr: 5.00e-05 (no improvement for 2 epochs)
Epoch 47/300 | train: 0.000936 | val: 0.000810 | lr: 5.00e-05 (no improvement for 3 epochs)
Epoch 48/300 | train: 0.001058 | val: 0.000712 | lr: 5.00e-05 ✓ best
Epoch 49/300 | train: 0.001043 | val: 0.000762 | lr: 5.00e-05 (no improvement for 1 epochs)
Epoch 50/300 | train: 0.000961 | val: 0.000706 | lr: 5.00e-05 ✓ best
Epoch 51/300 | train: 0.000947 | val: 0.000794 | lr: 5.00e-05 (no improvement for 1 epochs)
Epoch 52/300 | train: 0.000879 | val: 0.000784 | lr: 5.00e-05 (no improvement for 2 epochs)
Epoch 53/300 | train: 0.000875 | val: 0.000784 | lr: 5.00e-05 (no improvement for 3 epochs)
Epoch 54/300 | train: 0.000850 | val: 0.001085 | lr: 5.00e-05 (no improvement for 4 epochs)
Epoch 55/300 | train: 0.000826 | val: 0.000758 | lr: 5.00e-05 (no improvement for 5 epochs)
Epoch 56/300 | train: 0.000824 | val: 0.000694 | lr: 5.00e-05 ✓ best
Epoch 57/300 | train: 0.000937 | val: 0.000939 | lr: 5.00e-05 (no improvement for 1 epochs)
Epoch 58/300 | train: 0.000894 | val: 0.000817 | lr: 5.00e-05 (no improvement for 2 epochs)
Epoch 59/300 | train: 0.000853 | val: 0.000850 | lr: 5.00e-05 (no improvement for 3 epochs)
Epoch 60/300 | train: 0.000823 | val: 0.000675 | lr: 5.00e-05 ✓ best
Epoch 61/300 | train: 0.000818 | val: 0.000941 | lr: 5.00e-05 (no improvement for 1 epochs)
Epoch 62/300 | train: 0.000881 | val: 0.000738 | lr: 5.00e-05 (no improvement for 2 epochs)
Epoch 63/300 | train: 0.000840 | val: 0.000851 | lr: 5.00e-05 (no improvement for 3 epochs)
Epoch 64/300 | train: 0.000814 | val: 0.000717 | lr: 5.00e-05 (no improvement for 4 epochs)
Epoch 65/300 | train: 0.000753 | val: 0.000844 | lr: 5.00e-05 (no improvement for 5 epochs)
Epoch 66/300 | train: 0.000771 | val: 0.000787 | lr: 5.00e-05 (no improvement for 6 epochs)
Epoch 67/300 | train: 0.000786 | val: 0.000730 | lr: 2.50e-05 (no improvement for 7 epochs)
Epoch 68/300 | train: 0.000702 | val: 0.000662 | lr: 2.50e-05 ✓ best
Epoch 69/300 | train: 0.000635 | val: 0.000755 | lr: 2.50e-05 (no improvement for 1 epochs)
Epoch 70/300 | train: 0.000610 | val: 0.000764 | lr: 2.50e-05 (no improvement for 2 epochs)
Epoch 71/300 | train: 0.000599 | val: 0.000745 | lr: 2.50e-05 (no improvement for 3 epochs)
Epoch 72/300 | train: 0.000589 | val: 0.000707 | lr: 2.50e-05 (no improvement for 4 epochs)
Epoch 73/300 | train: 0.000583 | val: 0.000765 | lr: 2.50e-05 (no improvement for 5 epochs)
Epoch 74/300 | train: 0.000580 | val: 0.000742 | lr: 2.50e-05 (no improvement for 6 epochs)
Epoch 75/300 | train: 0.000576 | val: 0.000781 | lr: 1.25e-05 (no improvement for 7 epochs)
Epoch 76/300 | train: 0.000558 | val: 0.000722 | lr: 1.25e-05 (no improvement for 8 epochs)
Epoch 77/300 | train: 0.000544 | val: 0.000724 | lr: 1.25e-05 (no improvement for 9 epochs)
Epoch 78/300 | train: 0.000539 | val: 0.000756 | lr: 1.25e-05 (no improvement for 10 epochs)
Epoch 79/300 | train: 0.000535 | val: 0.000738 | lr: 1.25e-05 (no improvement for 11 epochs)
Epoch 80/300 | train: 0.000532 | val: 0.000750 | lr: 1.25e-05 (no improvement for 12 epochs)
Epoch 81/300 | train: 0.000527 | val: 0.000782 | lr: 1.25e-05 (no improvement for 13 epochs)
Epoch 82/300 | train: 0.000524 | val: 0.000782 | lr: 6.25e-06 (no improvement for 14 epochs)
Epoch 83/300 | train: 0.000516 | val: 0.000739 | lr: 6.25e-06 (no improvement for 15 epochs)
Epoch 84/300 | train: 0.000510 | val: 0.000749 | lr: 6.25e-06 (no improvement for 16 epochs)
Epoch 85/300 | train: 0.000508 | val: 0.000739 | lr: 6.25e-06 (no improvement for 17 epochs)
Epoch 86/300 | train: 0.000505 | val: 0.000738 | lr: 6.25e-06 (no improvement for 18 epochs)
Epoch 87/300 | train: 0.000504 | val: 0.000744 | lr: 6.25e-06 (no improvement for 19 epochs)
Epoch 88/300 | train: 0.000502 | val: 0.000763 | lr: 6.25e-06 (no improvement for 20 epochs)
Epoch 89/300 | train: 0.000500 | val: 0.000738 | lr: 3.13e-06 (no improvement for 21 epochs)
Epoch 90/300 | train: 0.000494 | val: 0.000761 | lr: 3.13e-06 (no improvement for 22 epochs)
Epoch 91/300 | train: 0.000492 | val: 0.000752 | lr: 3.13e-06 (no improvement for 23 epochs)
Epoch 92/300 | train: 0.000490 | val: 0.000750 | lr: 3.13e-06 (no improvement for 24 epochs)
Epoch 93/300 | train: 0.000489 | val: 0.000748 | lr: 3.13e-06 (no improvement for 25 epochs)
Epoch 94/300 | train: 0.000488 | val: 0.000748 | lr: 3.13e-06 (no improvement for 26 epochs)
Epoch 95/300 | train: 0.000487 | val: 0.000745 | lr: 3.13e-06 (no improvement for 27 epochs)
Epoch 96/300 | train: 0.000486 | val: 0.000753 | lr: 1.56e-06 (no improvement for 28 epochs)
Epoch 97/300 | train: 0.000483 | val: 0.000752 | lr: 1.56e-06 (no improvement for 29 epochs)
Epoch 98/300 | train: 0.000482 | val: 0.000756 | lr: 1.56e-06 (no improvement for 30 epochs)

Early stopping at epoch 98. Best epoch: 68 (val loss: 0.000662).
/home/renku/work/SDSC-IRM/src/visualization/ae_plots.py:1115: UserWarning: Data has no positive values, and therefore cannot be log-scaled.
  ax2.set_yscale("log")
Loss plot saved: /home/renku/work/SDSC-IRM/results/0_tempo/AE_AE3dFCDeep_200patients_splitdefault_8dims_aiagent_existing_AE3dFCDeep_train_val_loss.png
