None
Data loaded | train: 200 | val: 40 | test: 60 | split: splitdefault

============================================================
Model: AE3dDilatedAttention | latent_dim: 8
============================================================
/home/renku/work/.venv/lib/python3.13/site-packages/torch/nn/modules/linear.py:124: UserWarning: Initializing zero-element tensors is a no-op
  init.kaiming_uniform_(self.weight, a=math.sqrt(5))
Training AE3dDilatedAttention | device=cuda | batch_size=1 | patience=30 | max_epochs=300
Epoch 1/300 | train: 0.154086 | val: 0.082191 | lr: 5.00e-05 ✓ best
Epoch 2/300 | train: 0.052705 | val: 0.032477 | lr: 5.00e-05 ✓ best
Epoch 3/300 | train: 0.024591 | val: 0.016828 | lr: 5.00e-05 ✓ best
Epoch 4/300 | train: 0.014757 | val: 0.010803 | lr: 5.00e-05 ✓ best
Epoch 5/300 | train: 0.010221 | val: 0.007425 | lr: 5.00e-05 ✓ best
Epoch 6/300 | train: 0.007723 | val: 0.006131 | lr: 5.00e-05 ✓ best
Epoch 7/300 | train: 0.006077 | val: 0.005886 | lr: 5.00e-05 ✓ best
Epoch 8/300 | train: 0.005063 | val: 0.004346 | lr: 5.00e-05 ✓ best
Epoch 9/300 | train: 0.004379 | val: 0.003284 | lr: 5.00e-05 ✓ best
Epoch 10/300 | train: 0.003667 | val: 0.002608 | lr: 5.00e-05 ✓ best
Epoch 11/300 | train: 0.003263 | val: 0.002369 | lr: 5.00e-05 ✓ best
Epoch 12/300 | train: 0.002949 | val: 0.001998 | lr: 5.00e-05 ✓ best
Epoch 13/300 | train: 0.002657 | val: 0.002391 | lr: 5.00e-05 (no improvement for 1 epochs)
Epoch 14/300 | train: 0.002460 | val: 0.001627 | lr: 5.00e-05 ✓ best
Epoch 15/300 | train: 0.002303 | val: 0.001633 | lr: 5.00e-05 (no improvement for 1 epochs)
Epoch 16/300 | train: 0.002157 | val: 0.001721 | lr: 5.00e-05 (no improvement for 2 epochs)
Epoch 17/300 | train: 0.002109 | val: 0.001497 | lr: 5.00e-05 ✓ best
Epoch 18/300 | train: 0.002007 | val: 0.001528 | lr: 5.00e-05 (no improvement for 1 epochs)
Epoch 19/300 | train: 0.001976 | val: 0.001612 | lr: 5.00e-05 (no improvement for 2 epochs)
Epoch 20/300 | train: 0.001796 | val: 0.001568 | lr: 5.00e-05 (no improvement for 3 epochs)
Epoch 21/300 | train: 0.001749 | val: 0.001224 | lr: 5.00e-05 ✓ best
Epoch 22/300 | train: 0.001643 | val: 0.001592 | lr: 5.00e-05 (no improvement for 1 epochs)
Epoch 23/300 | train: 0.001574 | val: 0.001298 | lr: 5.00e-05 (no improvement for 2 epochs)
Epoch 24/300 | train: 0.001541 | val: 0.001155 | lr: 5.00e-05 ✓ best
Epoch 25/300 | train: 0.001519 | val: 0.001045 | lr: 5.00e-05 ✓ best
Epoch 26/300 | train: 0.001621 | val: 0.000978 | lr: 5.00e-05 ✓ best
Epoch 27/300 | train: 0.001506 | val: 0.001008 | lr: 5.00e-05 (no improvement for 1 epochs)
Epoch 28/300 | train: 0.001447 | val: 0.001167 | lr: 5.00e-05 (no improvement for 2 epochs)
Epoch 29/300 | train: 0.001602 | val: 0.001002 | lr: 5.00e-05 (no improvement for 3 epochs)
Epoch 30/300 | train: 0.001507 | val: 0.000995 | lr: 5.00e-05 (no improvement for 4 epochs)
Epoch 31/300 | train: 0.001383 | val: 0.000881 | lr: 5.00e-05 ✓ best
Epoch 32/300 | train: 0.001372 | val: 0.000947 | lr: 5.00e-05 (no improvement for 1 epochs)
Epoch 33/300 | train: 0.001313 | val: 0.001040 | lr: 5.00e-05 (no improvement for 2 epochs)
Epoch 34/300 | train: 0.001385 | val: 0.000928 | lr: 5.00e-05 (no improvement for 3 epochs)
Epoch 35/300 | train: 0.001374 | val: 0.000862 | lr: 5.00e-05 ✓ best
Epoch 36/300 | train: 0.001265 | val: 0.000957 | lr: 5.00e-05 (no improvement for 1 epochs)
Epoch 37/300 | train: 0.001230 | val: 0.000829 | lr: 5.00e-05 ✓ best
Epoch 38/300 | train: 0.001236 | val: 0.001045 | lr: 5.00e-05 (no improvement for 1 epochs)
Epoch 39/300 | train: 0.001232 | val: 0.000919 | lr: 5.00e-05 (no improvement for 2 epochs)
Epoch 40/300 | train: 0.001223 | val: 0.000775 | lr: 5.00e-05 ✓ best
Epoch 41/300 | train: 0.001207 | val: 0.000812 | lr: 5.00e-05 (no improvement for 1 epochs)
Epoch 42/300 | train: 0.001185 | val: 0.000986 | lr: 5.00e-05 (no improvement for 2 epochs)
Epoch 43/300 | train: 0.001148 | val: 0.000875 | lr: 5.00e-05 (no improvement for 3 epochs)
Epoch 44/300 | train: 0.001119 | val: 0.000760 | lr: 5.00e-05 ✓ best
Epoch 45/300 | train: 0.001122 | val: 0.001129 | lr: 5.00e-05 (no improvement for 1 epochs)
Epoch 46/300 | train: 0.001102 | val: 0.000980 | lr: 5.00e-05 (no improvement for 2 epochs)
Epoch 47/300 | train: 0.001128 | val: 0.000720 | lr: 5.00e-05 ✓ best
Epoch 48/300 | train: 0.001135 | val: 0.000875 | lr: 5.00e-05 (no improvement for 1 epochs)
Epoch 49/300 | train: 0.001089 | val: 0.000766 | lr: 5.00e-05 (no improvement for 2 epochs)
Epoch 50/300 | train: 0.001136 | val: 0.000858 | lr: 5.00e-05 (no improvement for 3 epochs)
Epoch 51/300 | train: 0.001126 | val: 0.000861 | lr: 5.00e-05 (no improvement for 4 epochs)
Epoch 52/300 | train: 0.001085 | val: 0.000968 | lr: 5.00e-05 (no improvement for 5 epochs)
Epoch 53/300 | train: 0.001086 | val: 0.000893 | lr: 5.00e-05 (no improvement for 6 epochs)
Epoch 54/300 | train: 0.001054 | val: 0.000919 | lr: 2.50e-05 (no improvement for 7 epochs)
Epoch 55/300 | train: 0.000968 | val: 0.000886 | lr: 2.50e-05 (no improvement for 8 epochs)
Epoch 56/300 | train: 0.000929 | val: 0.000839 | lr: 2.50e-05 (no improvement for 9 epochs)
Epoch 57/300 | train: 0.000911 | val: 0.000920 | lr: 2.50e-05 (no improvement for 10 epochs)
Epoch 58/300 | train: 0.000900 | val: 0.000867 | lr: 2.50e-05 (no improvement for 11 epochs)
Epoch 59/300 | train: 0.000890 | val: 0.000864 | lr: 2.50e-05 (no improvement for 12 epochs)
Epoch 60/300 | train: 0.000883 | val: 0.000873 | lr: 2.50e-05 (no improvement for 13 epochs)
Epoch 61/300 | train: 0.000877 | val: 0.000890 | lr: 1.25e-05 (no improvement for 14 epochs)
Epoch 62/300 | train: 0.000863 | val: 0.000921 | lr: 1.25e-05 (no improvement for 15 epochs)
Epoch 63/300 | train: 0.000853 | val: 0.000887 | lr: 1.25e-05 (no improvement for 16 epochs)
Epoch 64/300 | train: 0.000848 | val: 0.000883 | lr: 1.25e-05 (no improvement for 17 epochs)
Epoch 65/300 | train: 0.000843 | val: 0.000876 | lr: 1.25e-05 (no improvement for 18 epochs)
Epoch 66/300 | train: 0.000839 | val: 0.000879 | lr: 1.25e-05 (no improvement for 19 epochs)
Epoch 67/300 | train: 0.000834 | val: 0.000901 | lr: 1.25e-05 (no improvement for 20 epochs)
Epoch 68/300 | train: 0.000831 | val: 0.000896 | lr: 6.25e-06 (no improvement for 21 epochs)
Epoch 69/300 | train: 0.000823 | val: 0.000895 | lr: 6.25e-06 (no improvement for 22 epochs)
Epoch 70/300 | train: 0.000818 | val: 0.000888 | lr: 6.25e-06 (no improvement for 23 epochs)
Epoch 71/300 | train: 0.000815 | val: 0.000888 | lr: 6.25e-06 (no improvement for 24 epochs)
Epoch 72/300 | train: 0.000812 | val: 0.000908 | lr: 6.25e-06 (no improvement for 25 epochs)
Epoch 73/300 | train: 0.000810 | val: 0.000911 | lr: 6.25e-06 (no improvement for 26 epochs)
Epoch 74/300 | train: 0.000807 | val: 0.000905 | lr: 6.25e-06 (no improvement for 27 epochs)
Epoch 75/300 | train: 0.000805 | val: 0.000881 | lr: 3.13e-06 (no improvement for 28 epochs)
Epoch 76/300 | train: 0.000800 | val: 0.000913 | lr: 3.13e-06 (no improvement for 29 epochs)
Epoch 77/300 | train: 0.000798 | val: 0.000904 | lr: 3.13e-06 (no improvement for 30 epochs)

Early stopping at epoch 77. Best epoch: 47 (val loss: 0.000720).
/home/renku/work/SDSC-IRM/src/visualization/ae_plots.py:1115: UserWarning: Data has no positive values, and therefore cannot be log-scaled.
  ax2.set_yscale("log")
Loss plot saved: /home/renku/work/SDSC-IRM/results/0_tempo/AE_AE3dDilatedAttention_200patients_splitdefault_8dims_aiagent_existing_AE3dDilatedAttention_train_val_loss.png
