None
Data loaded | train: 200 | val: 40 | test: 60 | split: splitdefault

============================================================
Model: AE3dConv | latent_dim: 8
============================================================
Training AE3dConv | device=cuda | batch_size=1 | patience=30 | max_epochs=300
Epoch 1/300 | train: 0.234228 | val: 0.187315 | lr: 5.00e-05 ✓ best
Epoch 2/300 | train: 0.090990 | val: 0.037498 | lr: 5.00e-05 ✓ best
Epoch 3/300 | train: 0.025760 | val: 0.015916 | lr: 5.00e-05 ✓ best
Epoch 4/300 | train: 0.014236 | val: 0.009397 | lr: 5.00e-05 ✓ best
Epoch 5/300 | train: 0.009812 | val: 0.007070 | lr: 5.00e-05 ✓ best
Epoch 6/300 | train: 0.007656 | val: 0.005128 | lr: 5.00e-05 ✓ best
Epoch 7/300 | train: 0.006364 | val: 0.004398 | lr: 5.00e-05 ✓ best
Epoch 8/300 | train: 0.005239 | val: 0.003841 | lr: 5.00e-05 ✓ best
Epoch 9/300 | train: 0.004612 | val: 0.002915 | lr: 5.00e-05 ✓ best
Epoch 10/300 | train: 0.004072 | val: 0.003674 | lr: 5.00e-05 (no improvement for 1 epochs)
Epoch 11/300 | train: 0.003619 | val: 0.002356 | lr: 5.00e-05 ✓ best
Epoch 12/300 | train: 0.003269 | val: 0.002641 | lr: 5.00e-05 (no improvement for 1 epochs)
Epoch 13/300 | train: 0.002981 | val: 0.002244 | lr: 5.00e-05 ✓ best
Epoch 14/300 | train: 0.002751 | val: 0.002211 | lr: 5.00e-05 ✓ best
Epoch 15/300 | train: 0.002725 | val: 0.001718 | lr: 5.00e-05 ✓ best
Epoch 16/300 | train: 0.002521 | val: 0.001914 | lr: 5.00e-05 (no improvement for 1 epochs)
Epoch 17/300 | train: 0.002325 | val: 0.001426 | lr: 5.00e-05 ✓ best
Epoch 18/300 | train: 0.002155 | val: 0.001411 | lr: 5.00e-05 ✓ best
Epoch 19/300 | train: 0.002142 | val: 0.001272 | lr: 5.00e-05 ✓ best
Epoch 20/300 | train: 0.002050 | val: 0.001237 | lr: 5.00e-05 ✓ best
Epoch 21/300 | train: 0.001943 | val: 0.001123 | lr: 5.00e-05 ✓ best
Epoch 22/300 | train: 0.001894 | val: 0.001322 | lr: 5.00e-05 (no improvement for 1 epochs)
Epoch 23/300 | train: 0.001887 | val: 0.001273 | lr: 5.00e-05 (no improvement for 2 epochs)
Epoch 24/300 | train: 0.001916 | val: 0.001204 | lr: 5.00e-05 (no improvement for 3 epochs)
Epoch 25/300 | train: 0.001800 | val: 0.001128 | lr: 5.00e-05 (no improvement for 4 epochs)
Epoch 26/300 | train: 0.001815 | val: 0.001136 | lr: 5.00e-05 (no improvement for 5 epochs)
Epoch 27/300 | train: 0.001650 | val: 0.000981 | lr: 5.00e-05 ✓ best
Epoch 28/300 | train: 0.001591 | val: 0.001020 | lr: 5.00e-05 (no improvement for 1 epochs)
Epoch 29/300 | train: 0.001600 | val: 0.001035 | lr: 5.00e-05 (no improvement for 2 epochs)
Epoch 30/300 | train: 0.001596 | val: 0.001069 | lr: 5.00e-05 (no improvement for 3 epochs)
Epoch 31/300 | train: 0.001572 | val: 0.001580 | lr: 5.00e-05 (no improvement for 4 epochs)
Epoch 32/300 | train: 0.001563 | val: 0.001330 | lr: 5.00e-05 (no improvement for 5 epochs)
Epoch 33/300 | train: 0.001598 | val: 0.000980 | lr: 5.00e-05 ✓ best
Epoch 34/300 | train: 0.001714 | val: 0.001046 | lr: 5.00e-05 (no improvement for 1 epochs)
Epoch 35/300 | train: 0.001752 | val: 0.001469 | lr: 5.00e-05 (no improvement for 2 epochs)
Epoch 36/300 | train: 0.001539 | val: 0.000846 | lr: 5.00e-05 ✓ best
Epoch 37/300 | train: 0.001496 | val: 0.000895 | lr: 5.00e-05 (no improvement for 1 epochs)
Epoch 38/300 | train: 0.001464 | val: 0.001003 | lr: 5.00e-05 (no improvement for 2 epochs)
Epoch 39/300 | train: 0.001440 | val: 0.000877 | lr: 5.00e-05 (no improvement for 3 epochs)
Epoch 40/300 | train: 0.001432 | val: 0.000935 | lr: 5.00e-05 (no improvement for 4 epochs)
Epoch 41/300 | train: 0.001370 | val: 0.000897 | lr: 5.00e-05 (no improvement for 5 epochs)
Epoch 42/300 | train: 0.001415 | val: 0.001003 | lr: 5.00e-05 (no improvement for 6 epochs)
Epoch 43/300 | train: 0.001430 | val: 0.001004 | lr: 2.50e-05 (no improvement for 7 epochs)
Epoch 44/300 | train: 0.001354 | val: 0.000840 | lr: 2.50e-05 ✓ best
Epoch 45/300 | train: 0.001266 | val: 0.000853 | lr: 2.50e-05 (no improvement for 1 epochs)
Epoch 46/300 | train: 0.001247 | val: 0.000937 | lr: 2.50e-05 (no improvement for 2 epochs)
Epoch 47/300 | train: 0.001232 | val: 0.000971 | lr: 2.50e-05 (no improvement for 3 epochs)
Epoch 48/300 | train: 0.001224 | val: 0.000915 | lr: 2.50e-05 (no improvement for 4 epochs)
Epoch 49/300 | train: 0.001214 | val: 0.000984 | lr: 2.50e-05 (no improvement for 5 epochs)
Epoch 50/300 | train: 0.001209 | val: 0.001046 | lr: 2.50e-05 (no improvement for 6 epochs)
Epoch 51/300 | train: 0.001221 | val: 0.001165 | lr: 1.25e-05 (no improvement for 7 epochs)
Epoch 52/300 | train: 0.001195 | val: 0.000954 | lr: 1.25e-05 (no improvement for 8 epochs)
Epoch 53/300 | train: 0.001164 | val: 0.000944 | lr: 1.25e-05 (no improvement for 9 epochs)
Epoch 54/300 | train: 0.001156 | val: 0.000952 | lr: 1.25e-05 (no improvement for 10 epochs)
Epoch 55/300 | train: 0.001152 | val: 0.000896 | lr: 1.25e-05 (no improvement for 11 epochs)
Epoch 56/300 | train: 0.001146 | val: 0.000947 | lr: 1.25e-05 (no improvement for 12 epochs)
Epoch 57/300 | train: 0.001141 | val: 0.001041 | lr: 1.25e-05 (no improvement for 13 epochs)
Epoch 58/300 | train: 0.001137 | val: 0.000952 | lr: 6.25e-06 (no improvement for 14 epochs)
Epoch 59/300 | train: 0.001123 | val: 0.000928 | lr: 6.25e-06 (no improvement for 15 epochs)
Epoch 60/300 | train: 0.001117 | val: 0.000934 | lr: 6.25e-06 (no improvement for 16 epochs)
Epoch 61/300 | train: 0.001112 | val: 0.000947 | lr: 6.25e-06 (no improvement for 17 epochs)
Epoch 62/300 | train: 0.001108 | val: 0.000949 | lr: 6.25e-06 (no improvement for 18 epochs)
Epoch 63/300 | train: 0.001106 | val: 0.000931 | lr: 6.25e-06 (no improvement for 19 epochs)
Epoch 64/300 | train: 0.001103 | val: 0.000928 | lr: 6.25e-06 (no improvement for 20 epochs)
Epoch 65/300 | train: 0.001100 | val: 0.000971 | lr: 3.13e-06 (no improvement for 21 epochs)
Epoch 66/300 | train: 0.001092 | val: 0.000933 | lr: 3.13e-06 (no improvement for 22 epochs)
Epoch 67/300 | train: 0.001089 | val: 0.000951 | lr: 3.13e-06 (no improvement for 23 epochs)
Epoch 68/300 | train: 0.001087 | val: 0.000955 | lr: 3.13e-06 (no improvement for 24 epochs)
Epoch 69/300 | train: 0.001085 | val: 0.000950 | lr: 3.13e-06 (no improvement for 25 epochs)
Epoch 70/300 | train: 0.001084 | val: 0.000953 | lr: 3.13e-06 (no improvement for 26 epochs)
Epoch 71/300 | train: 0.001082 | val: 0.000943 | lr: 3.13e-06 (no improvement for 27 epochs)
Epoch 72/300 | train: 0.001080 | val: 0.000934 | lr: 1.56e-06 (no improvement for 28 epochs)
Epoch 73/300 | train: 0.001076 | val: 0.000953 | lr: 1.56e-06 (no improvement for 29 epochs)
Epoch 74/300 | train: 0.001075 | val: 0.000942 | lr: 1.56e-06 (no improvement for 30 epochs)

Early stopping at epoch 74. Best epoch: 44 (val loss: 0.000840).
/home/renku/work/SDSC-IRM/src/visualization/ae_plots.py:1115: UserWarning: Data has no positive values, and therefore cannot be log-scaled.
  ax2.set_yscale("log")
Loss plot saved: /home/renku/work/SDSC-IRM/results/0_tempo/AE_AE3dConv_200patients_splitdefault_8dims_aiagent_existing_AE3dConv_train_val_loss.png
[train] R2 mean=0.8135 std=0.0639 | MSE mean=335.316711
[validation] R2 mean=0.7002 std=0.1371 | MSE mean=221.449493
[test] R2 mean=0.7487 std=0.1133 | MSE mean=259.332855

============================================================
Model: AE3dConv | latent_dim: 60
============================================================
Training AE3dConv | device=cuda | batch_size=1 | patience=30 | max_epochs=300
Epoch 1/300 | train: 0.123116 | val: 0.062743 | lr: 5.00e-05 ✓ best
Epoch 2/300 | train: 0.041458 | val: 0.025860 | lr: 5.00e-05 ✓ best
Epoch 3/300 | train: 0.020133 | val: 0.013711 | lr: 5.00e-05 ✓ best
Epoch 4/300 | train: 0.012297 | val: 0.009074 | lr: 5.00e-05 ✓ best
Epoch 5/300 | train: 0.008611 | val: 0.006568 | lr: 5.00e-05 ✓ best
Epoch 6/300 | train: 0.006670 | val: 0.004689 | lr: 5.00e-05 ✓ best
Epoch 7/300 | train: 0.005020 | val: 0.003667 | lr: 5.00e-05 ✓ best
Epoch 8/300 | train: 0.004180 | val: 0.003175 | lr: 5.00e-05 ✓ best
Epoch 9/300 | train: 0.003597 | val: 0.002671 | lr: 5.00e-05 ✓ best
Epoch 10/300 | train: 0.003112 | val: 0.002298 | lr: 5.00e-05 ✓ best
Epoch 11/300 | train: 0.002972 | val: 0.002080 | lr: 5.00e-05 ✓ best
Epoch 12/300 | train: 0.002623 | val: 0.001741 | lr: 5.00e-05 ✓ best
Epoch 13/300 | train: 0.002365 | val: 0.001765 | lr: 5.00e-05 (no improvement for 1 epochs)
Epoch 14/300 | train: 0.002195 | val: 0.001730 | lr: 5.00e-05 ✓ best
Epoch 15/300 | train: 0.002052 | val: 0.001612 | lr: 5.00e-05 ✓ best
Epoch 16/300 | train: 0.001995 | val: 0.001292 | lr: 5.00e-05 ✓ best
Epoch 17/300 | train: 0.001881 | val: 0.001244 | lr: 5.00e-05 ✓ best
Epoch 18/300 | train: 0.001750 | val: 0.001131 | lr: 5.00e-05 ✓ best
Epoch 19/300 | train: 0.001680 | val: 0.001272 | lr: 5.00e-05 (no improvement for 1 epochs)
Epoch 20/300 | train: 0.001633 | val: 0.001085 | lr: 5.00e-05 ✓ best
Epoch 21/300 | train: 0.001562 | val: 0.001327 | lr: 5.00e-05 (no improvement for 1 epochs)
Epoch 22/300 | train: 0.001539 | val: 0.001040 | lr: 5.00e-05 ✓ best
Epoch 23/300 | train: 0.001504 | val: 0.000912 | lr: 5.00e-05 ✓ best
Epoch 24/300 | train: 0.001524 | val: 0.000869 | lr: 5.00e-05 ✓ best
Epoch 25/300 | train: 0.001469 | val: 0.001407 | lr: 5.00e-05 (no improvement for 1 epochs)
Epoch 26/300 | train: 0.001395 | val: 0.001352 | lr: 5.00e-05 (no improvement for 2 epochs)
Epoch 27/300 | train: 0.001314 | val: 0.000852 | lr: 5.00e-05 ✓ best
Epoch 28/300 | train: 0.001266 | val: 0.000835 | lr: 5.00e-05 ✓ best
Epoch 29/300 | train: 0.001232 | val: 0.000824 | lr: 5.00e-05 ✓ best
Epoch 30/300 | train: 0.001201 | val: 0.000823 | lr: 5.00e-05 ✓ best
Epoch 31/300 | train: 0.001237 | val: 0.000887 | lr: 5.00e-05 (no improvement for 1 epochs)
Epoch 32/300 | train: 0.001210 | val: 0.000768 | lr: 5.00e-05 ✓ best
Epoch 33/300 | train: 0.001175 | val: 0.000901 | lr: 5.00e-05 (no improvement for 1 epochs)
Epoch 34/300 | train: 0.001172 | val: 0.000742 | lr: 5.00e-05 ✓ best
Epoch 35/300 | train: 0.001142 | val: 0.000907 | lr: 5.00e-05 (no improvement for 1 epochs)
Epoch 36/300 | train: 0.001089 | val: 0.000973 | lr: 5.00e-05 (no improvement for 2 epochs)
Epoch 37/300 | train: 0.001105 | val: 0.000750 | lr: 5.00e-05 (no improvement for 3 epochs)
Epoch 38/300 | train: 0.001261 | val: 0.000981 | lr: 5.00e-05 (no improvement for 4 epochs)
Epoch 39/300 | train: 0.001169 | val: 0.000801 | lr: 5.00e-05 (no improvement for 5 epochs)
Epoch 40/300 | train: 0.001103 | val: 0.000790 | lr: 5.00e-05 (no improvement for 6 epochs)
Epoch 41/300 | train: 0.001046 | val: 0.000665 | lr: 5.00e-05 ✓ best
Epoch 42/300 | train: 0.001011 | val: 0.000838 | lr: 5.00e-05 (no improvement for 1 epochs)
Epoch 43/300 | train: 0.001005 | val: 0.000708 | lr: 5.00e-05 (no improvement for 2 epochs)
Epoch 44/300 | train: 0.001015 | val: 0.000702 | lr: 5.00e-05 (no improvement for 3 epochs)
Epoch 45/300 | train: 0.001048 | val: 0.000865 | lr: 5.00e-05 (no improvement for 4 epochs)
Epoch 46/300 | train: 0.001043 | val: 0.000681 | lr: 5.00e-05 (no improvement for 5 epochs)
Epoch 47/300 | train: 0.000978 | val: 0.000803 | lr: 5.00e-05 (no improvement for 6 epochs)
Epoch 48/300 | train: 0.000948 | val: 0.000865 | lr: 2.50e-05 (no improvement for 7 epochs)
Epoch 49/300 | train: 0.000899 | val: 0.000717 | lr: 2.50e-05 (no improvement for 8 epochs)
Epoch 50/300 | train: 0.000869 | val: 0.000735 | lr: 2.50e-05 (no improvement for 9 epochs)
Epoch 51/300 | train: 0.000855 | val: 0.000713 | lr: 2.50e-05 (no improvement for 10 epochs)
Epoch 52/300 | train: 0.000844 | val: 0.000717 | lr: 2.50e-05 (no improvement for 11 epochs)
Epoch 53/300 | train: 0.000835 | val: 0.000726 | lr: 2.50e-05 (no improvement for 12 epochs)
Epoch 54/300 | train: 0.000829 | val: 0.000707 | lr: 2.50e-05 (no improvement for 13 epochs)
Epoch 55/300 | train: 0.000825 | val: 0.000725 | lr: 1.25e-05 (no improvement for 14 epochs)
Epoch 56/300 | train: 0.000813 | val: 0.000730 | lr: 1.25e-05 (no improvement for 15 epochs)
Epoch 57/300 | train: 0.000804 | val: 0.000729 | lr: 1.25e-05 (no improvement for 16 epochs)
Epoch 58/300 | train: 0.000798 | val: 0.000740 | lr: 1.25e-05 (no improvement for 17 epochs)
Epoch 59/300 | train: 0.000794 | val: 0.000734 | lr: 1.25e-05 (no improvement for 18 epochs)
Epoch 60/300 | train: 0.000790 | val: 0.000733 | lr: 1.25e-05 (no improvement for 19 epochs)
Epoch 61/300 | train: 0.000787 | val: 0.000730 | lr: 1.25e-05 (no improvement for 20 epochs)
Epoch 62/300 | train: 0.000785 | val: 0.000714 | lr: 6.25e-06 (no improvement for 21 epochs)
Epoch 63/300 | train: 0.000778 | val: 0.000718 | lr: 6.25e-06 (no improvement for 22 epochs)
Epoch 64/300 | train: 0.000773 | val: 0.000733 | lr: 6.25e-06 (no improvement for 23 epochs)
Epoch 65/300 | train: 0.000770 | val: 0.000728 | lr: 6.25e-06 (no improvement for 24 epochs)
Epoch 66/300 | train: 0.000767 | val: 0.000731 | lr: 6.25e-06 (no improvement for 25 epochs)
Epoch 67/300 | train: 0.000765 | val: 0.000732 | lr: 6.25e-06 (no improvement for 26 epochs)
Epoch 68/300 | train: 0.000762 | val: 0.000734 | lr: 6.25e-06 (no improvement for 27 epochs)
Epoch 69/300 | train: 0.000760 | val: 0.000725 | lr: 3.13e-06 (no improvement for 28 epochs)
Epoch 70/300 | train: 0.000756 | val: 0.000734 | lr: 3.13e-06 (no improvement for 29 epochs)
Epoch 71/300 | train: 0.000754 | val: 0.000732 | lr: 3.13e-06 (no improvement for 30 epochs)

Early stopping at epoch 71. Best epoch: 41 (val loss: 0.000665).
/home/renku/work/SDSC-IRM/src/visualization/ae_plots.py:1115: UserWarning: Data has no positive values, and therefore cannot be log-scaled.
  ax2.set_yscale("log")
Loss plot saved: /home/renku/work/SDSC-IRM/results/0_tempo/AE_AE3dConv_200patients_splitdefault_60dims_aiagent_existing_AE3dConv_train_val_loss.png
