None
Data loaded | train: 200 | val: 40 | test: 60 | split: splitdefault
/home/renku/work/.venv/lib/python3.13/site-packages/torch/nn/modules/linear.py:124: UserWarning: Initializing zero-element tensors is a no-op
  init.kaiming_uniform_(self.weight, a=math.sqrt(5))
Training AE3dDilatedCBAM | device=cuda | batch_size=1 | patience=30 | max_epochs=300
Epoch 1/300 | train: 0.131235 | val: 0.069159 | lr: 5.00e-05 ✓ best
Epoch 2/300 | train: 0.045853 | val: 0.029188 | lr: 5.00e-05 ✓ best
Epoch 3/300 | train: 0.022522 | val: 0.015548 | lr: 5.00e-05 ✓ best
Epoch 4/300 | train: 0.013749 | val: 0.010108 | lr: 5.00e-05 ✓ best
Epoch 5/300 | train: 0.009487 | val: 0.007041 | lr: 5.00e-05 ✓ best
Epoch 6/300 | train: 0.007054 | val: 0.005566 | lr: 5.00e-05 ✓ best
Epoch 7/300 | train: 0.005593 | val: 0.004099 | lr: 5.00e-05 ✓ best
Epoch 8/300 | train: 0.004582 | val: 0.003387 | lr: 5.00e-05 ✓ best
Epoch 9/300 | train: 0.003873 | val: 0.002815 | lr: 5.00e-05 ✓ best
Epoch 10/300 | train: 0.003471 | val: 0.002778 | lr: 5.00e-05 ✓ best
Epoch 11/300 | train: 0.003068 | val: 0.002152 | lr: 5.00e-05 ✓ best
Epoch 12/300 | train: 0.002727 | val: 0.001950 | lr: 5.00e-05 ✓ best
Epoch 13/300 | train: 0.002506 | val: 0.001669 | lr: 5.00e-05 ✓ best
Epoch 14/300 | train: 0.002357 | val: 0.001475 | lr: 5.00e-05 ✓ best
Epoch 15/300 | train: 0.002232 | val: 0.001511 | lr: 5.00e-05 (no improvement for 1 epochs)
Epoch 16/300 | train: 0.002126 | val: 0.001380 | lr: 5.00e-05 ✓ best
Epoch 17/300 | train: 0.001979 | val: 0.001483 | lr: 5.00e-05 (no improvement for 1 epochs)
Epoch 18/300 | train: 0.001866 | val: 0.001231 | lr: 5.00e-05 ✓ best
Epoch 19/300 | train: 0.001807 | val: 0.001073 | lr: 5.00e-05 ✓ best
Epoch 20/300 | train: 0.001670 | val: 0.001037 | lr: 5.00e-05 ✓ best
Epoch 21/300 | train: 0.001612 | val: 0.001323 | lr: 5.00e-05 (no improvement for 1 epochs)
Epoch 22/300 | train: 0.001544 | val: 0.001009 | lr: 5.00e-05 ✓ best
Epoch 23/300 | train: 0.001528 | val: 0.000998 | lr: 5.00e-05 ✓ best
Epoch 24/300 | train: 0.001504 | val: 0.001194 | lr: 5.00e-05 (no improvement for 1 epochs)
Epoch 25/300 | train: 0.001401 | val: 0.000890 | lr: 5.00e-05 ✓ best
Epoch 26/300 | train: 0.001409 | val: 0.000982 | lr: 5.00e-05 (no improvement for 1 epochs)
Epoch 27/300 | train: 0.001442 | val: 0.000747 | lr: 5.00e-05 ✓ best
Epoch 28/300 | train: 0.001540 | val: 0.000988 | lr: 5.00e-05 (no improvement for 1 epochs)
Epoch 29/300 | train: 0.001391 | val: 0.000969 | lr: 5.00e-05 (no improvement for 2 epochs)
Epoch 30/300 | train: 0.001329 | val: 0.000886 | lr: 5.00e-05 (no improvement for 3 epochs)
Epoch 31/300 | train: 0.001266 | val: 0.001022 | lr: 5.00e-05 (no improvement for 4 epochs)
Epoch 32/300 | train: 0.001205 | val: 0.000945 | lr: 5.00e-05 (no improvement for 5 epochs)
Epoch 33/300 | train: 0.001183 | val: 0.000726 | lr: 5.00e-05 ✓ best
Epoch 34/300 | train: 0.001180 | val: 0.000994 | lr: 5.00e-05 (no improvement for 1 epochs)
Epoch 35/300 | train: 0.001205 | val: 0.000830 | lr: 5.00e-05 (no improvement for 2 epochs)
Epoch 36/300 | train: 0.001198 | val: 0.000820 | lr: 5.00e-05 (no improvement for 3 epochs)
Epoch 37/300 | train: 0.001202 | val: 0.000766 | lr: 5.00e-05 (no improvement for 4 epochs)
Epoch 38/300 | train: 0.001156 | val: 0.000844 | lr: 5.00e-05 (no improvement for 5 epochs)
Epoch 39/300 | train: 0.001130 | val: 0.000692 | lr: 5.00e-05 ✓ best
Epoch 40/300 | train: 0.001109 | val: 0.000732 | lr: 5.00e-05 (no improvement for 1 epochs)
Epoch 41/300 | train: 0.001121 | val: 0.000746 | lr: 5.00e-05 (no improvement for 2 epochs)
Epoch 42/300 | train: 0.001103 | val: 0.000729 | lr: 5.00e-05 (no improvement for 3 epochs)
Epoch 43/300 | train: 0.001073 | val: 0.000659 | lr: 5.00e-05 ✓ best
Epoch 44/300 | train: 0.001112 | val: 0.000738 | lr: 5.00e-05 (no improvement for 1 epochs)
Epoch 45/300 | train: 0.001074 | val: 0.000729 | lr: 5.00e-05 (no improvement for 2 epochs)
Epoch 46/300 | train: 0.001126 | val: 0.000642 | lr: 5.00e-05 ✓ best
Epoch 47/300 | train: 0.001071 | val: 0.000708 | lr: 5.00e-05 (no improvement for 1 epochs)
Epoch 48/300 | train: 0.001029 | val: 0.000738 | lr: 5.00e-05 (no improvement for 2 epochs)
Epoch 49/300 | train: 0.000993 | val: 0.000787 | lr: 5.00e-05 (no improvement for 3 epochs)
Epoch 50/300 | train: 0.000993 | val: 0.000615 | lr: 5.00e-05 ✓ best
Epoch 51/300 | train: 0.000971 | val: 0.000659 | lr: 5.00e-05 (no improvement for 1 epochs)
Epoch 52/300 | train: 0.000954 | val: 0.000671 | lr: 5.00e-05 (no improvement for 2 epochs)
Epoch 53/300 | train: 0.000963 | val: 0.000707 | lr: 5.00e-05 (no improvement for 3 epochs)
Epoch 54/300 | train: 0.000997 | val: 0.000758 | lr: 5.00e-05 (no improvement for 4 epochs)
Epoch 55/300 | train: 0.001002 | val: 0.000803 | lr: 5.00e-05 (no improvement for 5 epochs)
Epoch 56/300 | train: 0.000984 | val: 0.000762 | lr: 5.00e-05 (no improvement for 6 epochs)
Epoch 57/300 | train: 0.000962 | val: 0.000893 | lr: 2.50e-05 (no improvement for 7 epochs)
Epoch 58/300 | train: 0.000900 | val: 0.000703 | lr: 2.50e-05 (no improvement for 8 epochs)
Epoch 59/300 | train: 0.000849 | val: 0.000681 | lr: 2.50e-05 (no improvement for 9 epochs)
Epoch 60/300 | train: 0.000829 | val: 0.000678 | lr: 2.50e-05 (no improvement for 10 epochs)
Epoch 61/300 | train: 0.000817 | val: 0.000690 | lr: 2.50e-05 (no improvement for 11 epochs)
Epoch 62/300 | train: 0.000809 | val: 0.000692 | lr: 2.50e-05 (no improvement for 12 epochs)
Epoch 63/300 | train: 0.000803 | val: 0.000668 | lr: 2.50e-05 (no improvement for 13 epochs)
Epoch 64/300 | train: 0.000797 | val: 0.000666 | lr: 1.25e-05 (no improvement for 14 epochs)
Epoch 65/300 | train: 0.000789 | val: 0.000681 | lr: 1.25e-05 (no improvement for 15 epochs)
Epoch 66/300 | train: 0.000783 | val: 0.000677 | lr: 1.25e-05 (no improvement for 16 epochs)
Epoch 67/300 | train: 0.000779 | val: 0.000686 | lr: 1.25e-05 (no improvement for 17 epochs)
Epoch 68/300 | train: 0.000775 | val: 0.000682 | lr: 1.25e-05 (no improvement for 18 epochs)
Epoch 69/300 | train: 0.000772 | val: 0.000684 | lr: 1.25e-05 (no improvement for 19 epochs)
Epoch 70/300 | train: 0.000769 | val: 0.000688 | lr: 1.25e-05 (no improvement for 20 epochs)
Epoch 71/300 | train: 0.000766 | val: 0.000698 | lr: 6.25e-06 (no improvement for 21 epochs)
Epoch 72/300 | train: 0.000761 | val: 0.000690 | lr: 6.25e-06 (no improvement for 22 epochs)
Epoch 73/300 | train: 0.000757 | val: 0.000692 | lr: 6.25e-06 (no improvement for 23 epochs)
Epoch 74/300 | train: 0.000755 | val: 0.000690 | lr: 6.25e-06 (no improvement for 24 epochs)
Epoch 75/300 | train: 0.000753 | val: 0.000689 | lr: 6.25e-06 (no improvement for 25 epochs)
Epoch 76/300 | train: 0.000751 | val: 0.000690 | lr: 6.25e-06 (no improvement for 26 epochs)
Epoch 77/300 | train: 0.000749 | val: 0.000691 | lr: 6.25e-06 (no improvement for 27 epochs)
Epoch 78/300 | train: 0.000747 | val: 0.000692 | lr: 3.13e-06 (no improvement for 28 epochs)
Epoch 79/300 | train: 0.000743 | val: 0.000692 | lr: 3.13e-06 (no improvement for 29 epochs)
Epoch 80/300 | train: 0.000742 | val: 0.000695 | lr: 3.13e-06 (no improvement for 30 epochs)

Early stopping at epoch 80. Best epoch: 50 (val loss: 0.000615).
/home/renku/work/SDSC-IRM/src/visualization/ae_plots.py:1115: UserWarning: Data has no positive values, and therefore cannot be log-scaled.
  ax2.set_yscale("log")
Loss plot saved: /home/renku/work/SDSC-IRM/results/0_tempo/AE_AE3dDilatedCBAM_200patients_splitdefault_120dims_aiagent_AE3dDilatedCBAM_train_val_loss.png
