None
Data loaded | train: 200 | val: 40 | test: 60 | split: splitdefault

============================================================
Model: AE3dFCDeepAsymV4 | latent_dim: 8
============================================================
Training AE3dFCDeepAsymV4 | device=cuda | batch_size=1 | patience=30 | max_epochs=300
Epoch 1/300 | train: 0.139216 | val: 0.079403 | lr: 5.00e-05 ✓ best
Epoch 2/300 | train: 0.051600 | val: 0.032092 | lr: 5.00e-05 ✓ best
Epoch 3/300 | train: 0.024028 | val: 0.016214 | lr: 5.00e-05 ✓ best
Epoch 4/300 | train: 0.013856 | val: 0.010029 | lr: 5.00e-05 ✓ best
Epoch 5/300 | train: 0.009474 | val: 0.006951 | lr: 5.00e-05 ✓ best
Epoch 6/300 | train: 0.007135 | val: 0.004980 | lr: 5.00e-05 ✓ best
Epoch 7/300 | train: 0.005547 | val: 0.003944 | lr: 5.00e-05 ✓ best
Epoch 8/300 | train: 0.004649 | val: 0.003242 | lr: 5.00e-05 ✓ best
Epoch 9/300 | train: 0.003959 | val: 0.002828 | lr: 5.00e-05 ✓ best
Epoch 10/300 | train: 0.003539 | val: 0.002478 | lr: 5.00e-05 ✓ best
Epoch 11/300 | train: 0.003130 | val: 0.001978 | lr: 5.00e-05 ✓ best
Epoch 12/300 | train: 0.002747 | val: 0.001747 | lr: 5.00e-05 ✓ best
Epoch 13/300 | train: 0.002512 | val: 0.001569 | lr: 5.00e-05 ✓ best
Epoch 14/300 | train: 0.002320 | val: 0.001488 | lr: 5.00e-05 ✓ best
Epoch 15/300 | train: 0.002253 | val: 0.001329 | lr: 5.00e-05 ✓ best
Epoch 16/300 | train: 0.002117 | val: 0.001698 | lr: 5.00e-05 (no improvement for 1 epochs)
Epoch 17/300 | train: 0.001951 | val: 0.001256 | lr: 5.00e-05 ✓ best
Epoch 18/300 | train: 0.001927 | val: 0.001182 | lr: 5.00e-05 ✓ best
Epoch 19/300 | train: 0.001813 | val: 0.001314 | lr: 5.00e-05 (no improvement for 1 epochs)
Epoch 20/300 | train: 0.001801 | val: 0.001135 | lr: 5.00e-05 ✓ best
Epoch 21/300 | train: 0.001725 | val: 0.001105 | lr: 5.00e-05 ✓ best
Epoch 22/300 | train: 0.001667 | val: 0.001302 | lr: 5.00e-05 (no improvement for 1 epochs)
Epoch 23/300 | train: 0.001588 | val: 0.000966 | lr: 5.00e-05 ✓ best
Epoch 24/300 | train: 0.001533 | val: 0.000967 | lr: 5.00e-05 (no improvement for 1 epochs)
Epoch 25/300 | train: 0.001474 | val: 0.000861 | lr: 5.00e-05 ✓ best
Epoch 26/300 | train: 0.001527 | val: 0.000954 | lr: 5.00e-05 (no improvement for 1 epochs)
Epoch 27/300 | train: 0.001460 | val: 0.000863 | lr: 5.00e-05 (no improvement for 2 epochs)
Epoch 28/300 | train: 0.001441 | val: 0.000909 | lr: 5.00e-05 (no improvement for 3 epochs)
Epoch 29/300 | train: 0.001372 | val: 0.000817 | lr: 5.00e-05 ✓ best
Epoch 30/300 | train: 0.001413 | val: 0.001201 | lr: 5.00e-05 (no improvement for 1 epochs)
Epoch 31/300 | train: 0.001388 | val: 0.000820 | lr: 5.00e-05 (no improvement for 2 epochs)
Epoch 32/300 | train: 0.001335 | val: 0.000766 | lr: 5.00e-05 ✓ best
Epoch 33/300 | train: 0.001272 | val: 0.000758 | lr: 5.00e-05 ✓ best
Epoch 34/300 | train: 0.001288 | val: 0.000784 | lr: 5.00e-05 (no improvement for 1 epochs)
Epoch 35/300 | train: 0.001304 | val: 0.000841 | lr: 5.00e-05 (no improvement for 2 epochs)
Epoch 36/300 | train: 0.001236 | val: 0.001040 | lr: 5.00e-05 (no improvement for 3 epochs)
Epoch 37/300 | train: 0.001194 | val: 0.000818 | lr: 5.00e-05 (no improvement for 4 epochs)
Epoch 38/300 | train: 0.001141 | val: 0.000904 | lr: 5.00e-05 (no improvement for 5 epochs)
Epoch 39/300 | train: 0.001125 | val: 0.000756 | lr: 5.00e-05 ✓ best
Epoch 40/300 | train: 0.001121 | val: 0.000817 | lr: 5.00e-05 (no improvement for 1 epochs)
Epoch 41/300 | train: 0.001112 | val: 0.000948 | lr: 5.00e-05 (no improvement for 2 epochs)
Epoch 42/300 | train: 0.001215 | val: 0.000807 | lr: 5.00e-05 (no improvement for 3 epochs)
Epoch 43/300 | train: 0.001326 | val: 0.000746 | lr: 5.00e-05 ✓ best
Epoch 44/300 | train: 0.001193 | val: 0.000845 | lr: 5.00e-05 (no improvement for 1 epochs)
Epoch 45/300 | train: 0.001153 | val: 0.000723 | lr: 5.00e-05 ✓ best
Epoch 46/300 | train: 0.001092 | val: 0.000892 | lr: 5.00e-05 (no improvement for 1 epochs)
Epoch 47/300 | train: 0.001073 | val: 0.000828 | lr: 5.00e-05 (no improvement for 2 epochs)
Epoch 48/300 | train: 0.001045 | val: 0.000987 | lr: 5.00e-05 (no improvement for 3 epochs)
Epoch 49/300 | train: 0.001063 | val: 0.000905 | lr: 5.00e-05 (no improvement for 4 epochs)
Epoch 50/300 | train: 0.001058 | val: 0.000704 | lr: 5.00e-05 ✓ best
Epoch 51/300 | train: 0.001030 | val: 0.000886 | lr: 5.00e-05 (no improvement for 1 epochs)
Epoch 52/300 | train: 0.000976 | val: 0.000920 | lr: 5.00e-05 (no improvement for 2 epochs)
Epoch 53/300 | train: 0.000969 | val: 0.000841 | lr: 5.00e-05 (no improvement for 3 epochs)
Epoch 54/300 | train: 0.000982 | val: 0.000787 | lr: 5.00e-05 (no improvement for 4 epochs)
Epoch 55/300 | train: 0.000994 | val: 0.000722 | lr: 5.00e-05 (no improvement for 5 epochs)
Epoch 56/300 | train: 0.001004 | val: 0.000880 | lr: 5.00e-05 (no improvement for 6 epochs)
Epoch 57/300 | train: 0.000986 | val: 0.000838 | lr: 2.50e-05 (no improvement for 7 epochs)
Epoch 58/300 | train: 0.000933 | val: 0.000794 | lr: 2.50e-05 (no improvement for 8 epochs)
Epoch 59/300 | train: 0.000852 | val: 0.000804 | lr: 2.50e-05 (no improvement for 9 epochs)
Epoch 60/300 | train: 0.000830 | val: 0.000874 | lr: 2.50e-05 (no improvement for 10 epochs)
Epoch 61/300 | train: 0.000817 | val: 0.000879 | lr: 2.50e-05 (no improvement for 11 epochs)
Epoch 62/300 | train: 0.000806 | val: 0.000864 | lr: 2.50e-05 (no improvement for 12 epochs)
Epoch 63/300 | train: 0.000800 | val: 0.000831 | lr: 2.50e-05 (no improvement for 13 epochs)
Epoch 64/300 | train: 0.000795 | val: 0.000864 | lr: 1.25e-05 (no improvement for 14 epochs)
Epoch 65/300 | train: 0.000781 | val: 0.000877 | lr: 1.25e-05 (no improvement for 15 epochs)
Epoch 66/300 | train: 0.000771 | val: 0.000848 | lr: 1.25e-05 (no improvement for 16 epochs)
Epoch 67/300 | train: 0.000766 | val: 0.000859 | lr: 1.25e-05 (no improvement for 17 epochs)
Epoch 68/300 | train: 0.000762 | val: 0.000869 | lr: 1.25e-05 (no improvement for 18 epochs)
Epoch 69/300 | train: 0.000757 | val: 0.000849 | lr: 1.25e-05 (no improvement for 19 epochs)
Epoch 70/300 | train: 0.000754 | val: 0.000869 | lr: 1.25e-05 (no improvement for 20 epochs)
Epoch 71/300 | train: 0.000750 | val: 0.000851 | lr: 6.25e-06 (no improvement for 21 epochs)
Epoch 72/300 | train: 0.000743 | val: 0.000861 | lr: 6.25e-06 (no improvement for 22 epochs)
Epoch 73/300 | train: 0.000739 | val: 0.000857 | lr: 6.25e-06 (no improvement for 23 epochs)
Epoch 74/300 | train: 0.000736 | val: 0.000859 | lr: 6.25e-06 (no improvement for 24 epochs)
Epoch 75/300 | train: 0.000734 | val: 0.000871 | lr: 6.25e-06 (no improvement for 25 epochs)
Epoch 76/300 | train: 0.000732 | val: 0.000864 | lr: 6.25e-06 (no improvement for 26 epochs)
Epoch 77/300 | train: 0.000730 | val: 0.000872 | lr: 6.25e-06 (no improvement for 27 epochs)
Epoch 78/300 | train: 0.000728 | val: 0.000877 | lr: 3.13e-06 (no improvement for 28 epochs)
Epoch 79/300 | train: 0.000724 | val: 0.000873 | lr: 3.13e-06 (no improvement for 29 epochs)
Epoch 80/300 | train: 0.000722 | val: 0.000873 | lr: 3.13e-06 (no improvement for 30 epochs)

Early stopping at epoch 80. Best epoch: 50 (val loss: 0.000704).
/home/renku/work/SDSC-IRM/src/visualization/ae_plots.py:1115: UserWarning: Data has no positive values, and therefore cannot be log-scaled.
  ax2.set_yscale("log")
Loss plot saved: /home/renku/work/SDSC-IRM/results/0_tempo/AE_AE3dFCDeepAsymV4_200patients_splitdefault_8dims_aiagent_AE3dFCDeepAsymV4_train_val_loss.png
