None
Data loaded | train: 200 | val: 40 | test: 60 | split: splitdefault
Training AE3dDilatedAttentionReduction4 | device=cuda | batch_size=1 | patience=30 | max_epochs=300
Epoch 1/300 | train: 0.122404 | val: 0.065629 | lr: 5.00e-05 ✓ best
Epoch 2/300 | train: 0.044678 | val: 0.027760 | lr: 5.00e-05 ✓ best
Epoch 3/300 | train: 0.021324 | val: 0.014599 | lr: 5.00e-05 ✓ best
Epoch 4/300 | train: 0.012599 | val: 0.009004 | lr: 5.00e-05 ✓ best
Epoch 5/300 | train: 0.008510 | val: 0.006043 | lr: 5.00e-05 ✓ best
Epoch 6/300 | train: 0.006503 | val: 0.005803 | lr: 5.00e-05 ✓ best
Epoch 7/300 | train: 0.005149 | val: 0.003732 | lr: 5.00e-05 ✓ best
Epoch 8/300 | train: 0.004194 | val: 0.002966 | lr: 5.00e-05 ✓ best
Epoch 9/300 | train: 0.003557 | val: 0.002587 | lr: 5.00e-05 ✓ best
Epoch 10/300 | train: 0.003116 | val: 0.002182 | lr: 5.00e-05 ✓ best
Epoch 11/300 | train: 0.002767 | val: 0.001926 | lr: 5.00e-05 ✓ best
Epoch 12/300 | train: 0.002503 | val: 0.001739 | lr: 5.00e-05 ✓ best
Epoch 13/300 | train: 0.002325 | val: 0.001809 | lr: 5.00e-05 (no improvement for 1 epochs)
Epoch 14/300 | train: 0.002146 | val: 0.001546 | lr: 5.00e-05 ✓ best
Epoch 15/300 | train: 0.002054 | val: 0.001497 | lr: 5.00e-05 ✓ best
Epoch 16/300 | train: 0.002067 | val: 0.002762 | lr: 5.00e-05 (no improvement for 1 epochs)
Epoch 17/300 | train: 0.001929 | val: 0.001301 | lr: 5.00e-05 ✓ best
Epoch 18/300 | train: 0.001776 | val: 0.001153 | lr: 5.00e-05 ✓ best
Epoch 19/300 | train: 0.001727 | val: 0.001173 | lr: 5.00e-05 (no improvement for 1 epochs)
Epoch 20/300 | train: 0.001647 | val: 0.001585 | lr: 5.00e-05 (no improvement for 2 epochs)
Epoch 21/300 | train: 0.001582 | val: 0.001023 | lr: 5.00e-05 ✓ best
Epoch 22/300 | train: 0.001477 | val: 0.001052 | lr: 5.00e-05 (no improvement for 1 epochs)
Epoch 23/300 | train: 0.001410 | val: 0.001129 | lr: 5.00e-05 (no improvement for 2 epochs)
Epoch 24/300 | train: 0.001400 | val: 0.000984 | lr: 5.00e-05 ✓ best
Epoch 25/300 | train: 0.001366 | val: 0.000906 | lr: 5.00e-05 ✓ best
Epoch 26/300 | train: 0.001357 | val: 0.000910 | lr: 5.00e-05 (no improvement for 1 epochs)
Epoch 27/300 | train: 0.001332 | val: 0.000979 | lr: 5.00e-05 (no improvement for 2 epochs)
Epoch 28/300 | train: 0.001300 | val: 0.000846 | lr: 5.00e-05 ✓ best
Epoch 29/300 | train: 0.001279 | val: 0.000946 | lr: 5.00e-05 (no improvement for 1 epochs)
Epoch 30/300 | train: 0.001277 | val: 0.000925 | lr: 5.00e-05 (no improvement for 2 epochs)
Epoch 31/300 | train: 0.001272 | val: 0.001270 | lr: 5.00e-05 (no improvement for 3 epochs)
Epoch 32/300 | train: 0.001286 | val: 0.000759 | lr: 5.00e-05 ✓ best
Epoch 33/300 | train: 0.001270 | val: 0.001268 | lr: 5.00e-05 (no improvement for 1 epochs)
Epoch 34/300 | train: 0.001275 | val: 0.000939 | lr: 5.00e-05 (no improvement for 2 epochs)
Epoch 35/300 | train: 0.001141 | val: 0.001054 | lr: 5.00e-05 (no improvement for 3 epochs)
Epoch 36/300 | train: 0.001093 | val: 0.000807 | lr: 5.00e-05 (no improvement for 4 epochs)
Epoch 37/300 | train: 0.001088 | val: 0.001084 | lr: 5.00e-05 (no improvement for 5 epochs)
Epoch 38/300 | train: 0.001107 | val: 0.000949 | lr: 5.00e-05 (no improvement for 6 epochs)
Epoch 39/300 | train: 0.001077 | val: 0.000773 | lr: 2.50e-05 (no improvement for 7 epochs)
Epoch 40/300 | train: 0.001014 | val: 0.000812 | lr: 2.50e-05 (no improvement for 8 epochs)
Epoch 41/300 | train: 0.000965 | val: 0.000830 | lr: 2.50e-05 (no improvement for 9 epochs)
Epoch 42/300 | train: 0.000937 | val: 0.000848 | lr: 2.50e-05 (no improvement for 10 epochs)
Epoch 43/300 | train: 0.000919 | val: 0.000815 | lr: 2.50e-05 (no improvement for 11 epochs)
Epoch 44/300 | train: 0.000906 | val: 0.000784 | lr: 2.50e-05 (no improvement for 12 epochs)
Epoch 45/300 | train: 0.000894 | val: 0.000817 | lr: 2.50e-05 (no improvement for 13 epochs)
Epoch 46/300 | train: 0.000886 | val: 0.000820 | lr: 1.25e-05 (no improvement for 14 epochs)
Epoch 47/300 | train: 0.000873 | val: 0.000849 | lr: 1.25e-05 (no improvement for 15 epochs)
Epoch 48/300 | train: 0.000863 | val: 0.000825 | lr: 1.25e-05 (no improvement for 16 epochs)
Epoch 49/300 | train: 0.000855 | val: 0.000819 | lr: 1.25e-05 (no improvement for 17 epochs)
Epoch 50/300 | train: 0.000849 | val: 0.000835 | lr: 1.25e-05 (no improvement for 18 epochs)
Epoch 51/300 | train: 0.000846 | val: 0.000801 | lr: 1.25e-05 (no improvement for 19 epochs)
Epoch 52/300 | train: 0.000848 | val: 0.000791 | lr: 1.25e-05 (no improvement for 20 epochs)
Epoch 53/300 | train: 0.000841 | val: 0.000809 | lr: 6.25e-06 (no improvement for 21 epochs)
Epoch 54/300 | train: 0.000832 | val: 0.000824 | lr: 6.25e-06 (no improvement for 22 epochs)
Epoch 55/300 | train: 0.000822 | val: 0.000802 | lr: 6.25e-06 (no improvement for 23 epochs)
Epoch 56/300 | train: 0.000816 | val: 0.000811 | lr: 6.25e-06 (no improvement for 24 epochs)
Epoch 57/300 | train: 0.000811 | val: 0.000804 | lr: 6.25e-06 (no improvement for 25 epochs)
Epoch 58/300 | train: 0.000808 | val: 0.000816 | lr: 6.25e-06 (no improvement for 26 epochs)
Epoch 59/300 | train: 0.000804 | val: 0.000815 | lr: 6.25e-06 (no improvement for 27 epochs)
Epoch 60/300 | train: 0.000801 | val: 0.000808 | lr: 3.13e-06 (no improvement for 28 epochs)
Epoch 61/300 | train: 0.000796 | val: 0.000819 | lr: 3.13e-06 (no improvement for 29 epochs)
Epoch 62/300 | train: 0.000794 | val: 0.000811 | lr: 3.13e-06 (no improvement for 30 epochs)

Early stopping at epoch 62. Best epoch: 32 (val loss: 0.000759).
/home/renku/work/SDSC-IRM/src/visualization/ae_plots.py:1115: UserWarning: Data has no positive values, and therefore cannot be log-scaled.
  ax2.set_yscale("log")
Loss plot saved: /home/renku/work/SDSC-IRM/results/0_tempo/AE_AE3dDilatedAttentionReduction4_200patients_splitdefault_120dims_aiagent_AE3dDilatedAttentionReduction4_train_val_loss.png
