None
Data loaded | train: 200 | val: 40 | test: 60 | split: splitdefault

============================================================
Model: AE3dAsymResidualV4 | latent_dim: 8
============================================================
Training AE3dAsymResidualV4 | device=cuda | batch_size=1 | patience=30 | max_epochs=300
Epoch 1/300 | train: 0.076792 | val: 0.022567 | lr: 5.00e-05 ✓ best
Epoch 2/300 | train: 0.013966 | val: 0.006781 | lr: 5.00e-05 ✓ best
Epoch 3/300 | train: 0.006465 | val: 0.003523 | lr: 5.00e-05 ✓ best
Epoch 4/300 | train: 0.004543 | val: 0.002575 | lr: 5.00e-05 ✓ best
Epoch 5/300 | train: 0.003495 | val: 0.001725 | lr: 5.00e-05 ✓ best
Epoch 6/300 | train: 0.002817 | val: 0.001359 | lr: 5.00e-05 ✓ best
Epoch 7/300 | train: 0.002599 | val: 0.001286 | lr: 5.00e-05 ✓ best
Epoch 8/300 | train: 0.002208 | val: 0.001584 | lr: 5.00e-05 (no improvement for 1 epochs)
Epoch 9/300 | train: 0.002082 | val: 0.000990 | lr: 5.00e-05 ✓ best
Epoch 10/300 | train: 0.001867 | val: 0.001029 | lr: 5.00e-05 (no improvement for 1 epochs)
Epoch 11/300 | train: 0.001753 | val: 0.000995 | lr: 5.00e-05 (no improvement for 2 epochs)
Epoch 12/300 | train: 0.001704 | val: 0.000930 | lr: 5.00e-05 ✓ best
Epoch 13/300 | train: 0.001788 | val: 0.000987 | lr: 5.00e-05 (no improvement for 1 epochs)
Epoch 14/300 | train: 0.001710 | val: 0.000895 | lr: 5.00e-05 ✓ best
Epoch 15/300 | train: 0.001609 | val: 0.000770 | lr: 5.00e-05 ✓ best
Epoch 16/300 | train: 0.001581 | val: 0.000772 | lr: 5.00e-05 (no improvement for 1 epochs)
Epoch 17/300 | train: 0.001479 | val: 0.000779 | lr: 5.00e-05 (no improvement for 2 epochs)
Epoch 18/300 | train: 0.001395 | val: 0.000781 | lr: 5.00e-05 (no improvement for 3 epochs)
Epoch 19/300 | train: 0.001380 | val: 0.000778 | lr: 5.00e-05 (no improvement for 4 epochs)
Epoch 20/300 | train: 0.001507 | val: 0.000937 | lr: 5.00e-05 (no improvement for 5 epochs)
Epoch 21/300 | train: 0.001446 | val: 0.000889 | lr: 5.00e-05 (no improvement for 6 epochs)
Epoch 22/300 | train: 0.001491 | val: 0.000856 | lr: 2.50e-05 (no improvement for 7 epochs)
Epoch 23/300 | train: 0.001309 | val: 0.000828 | lr: 2.50e-05 (no improvement for 8 epochs)
Epoch 24/300 | train: 0.001213 | val: 0.000781 | lr: 2.50e-05 (no improvement for 9 epochs)
Epoch 25/300 | train: 0.001178 | val: 0.000834 | lr: 2.50e-05 (no improvement for 10 epochs)
Epoch 26/300 | train: 0.001153 | val: 0.000786 | lr: 2.50e-05 (no improvement for 11 epochs)
Epoch 27/300 | train: 0.001139 | val: 0.000807 | lr: 2.50e-05 (no improvement for 12 epochs)
Epoch 28/300 | train: 0.001131 | val: 0.000745 | lr: 2.50e-05 ✓ best
Epoch 29/300 | train: 0.001133 | val: 0.000768 | lr: 2.50e-05 (no improvement for 1 epochs)
Epoch 30/300 | train: 0.001136 | val: 0.000752 | lr: 2.50e-05 (no improvement for 2 epochs)
Epoch 31/300 | train: 0.001117 | val: 0.000951 | lr: 2.50e-05 (no improvement for 3 epochs)
Epoch 32/300 | train: 0.001119 | val: 0.000781 | lr: 2.50e-05 (no improvement for 4 epochs)
Epoch 33/300 | train: 0.001114 | val: 0.000765 | lr: 2.50e-05 (no improvement for 5 epochs)
Epoch 34/300 | train: 0.001120 | val: 0.000883 | lr: 2.50e-05 (no improvement for 6 epochs)
Epoch 35/300 | train: 0.001117 | val: 0.000863 | lr: 1.25e-05 (no improvement for 7 epochs)
Epoch 36/300 | train: 0.001070 | val: 0.000839 | lr: 1.25e-05 (no improvement for 8 epochs)
Epoch 37/300 | train: 0.001023 | val: 0.000815 | lr: 1.25e-05 (no improvement for 9 epochs)
Epoch 38/300 | train: 0.001003 | val: 0.000833 | lr: 1.25e-05 (no improvement for 10 epochs)
Epoch 39/300 | train: 0.000991 | val: 0.000829 | lr: 1.25e-05 (no improvement for 11 epochs)
Epoch 40/300 | train: 0.000982 | val: 0.000823 | lr: 1.25e-05 (no improvement for 12 epochs)
Epoch 41/300 | train: 0.000976 | val: 0.000820 | lr: 1.25e-05 (no improvement for 13 epochs)
Epoch 42/300 | train: 0.000969 | val: 0.000841 | lr: 6.25e-06 (no improvement for 14 epochs)
Epoch 43/300 | train: 0.000958 | val: 0.000841 | lr: 6.25e-06 (no improvement for 15 epochs)
Epoch 44/300 | train: 0.000948 | val: 0.000825 | lr: 6.25e-06 (no improvement for 16 epochs)
Epoch 45/300 | train: 0.000943 | val: 0.000829 | lr: 6.25e-06 (no improvement for 17 epochs)
Epoch 46/300 | train: 0.000939 | val: 0.000818 | lr: 6.25e-06 (no improvement for 18 epochs)
Epoch 47/300 | train: 0.000934 | val: 0.000832 | lr: 6.25e-06 (no improvement for 19 epochs)
Epoch 48/300 | train: 0.000930 | val: 0.000830 | lr: 6.25e-06 (no improvement for 20 epochs)
Epoch 49/300 | train: 0.000927 | val: 0.000852 | lr: 3.13e-06 (no improvement for 21 epochs)
Epoch 50/300 | train: 0.000919 | val: 0.000839 | lr: 3.13e-06 (no improvement for 22 epochs)
Epoch 51/300 | train: 0.000915 | val: 0.000825 | lr: 3.13e-06 (no improvement for 23 epochs)
Epoch 52/300 | train: 0.000912 | val: 0.000839 | lr: 3.13e-06 (no improvement for 24 epochs)
Epoch 53/300 | train: 0.000910 | val: 0.000838 | lr: 3.13e-06 (no improvement for 25 epochs)
Epoch 54/300 | train: 0.000907 | val: 0.000838 | lr: 3.13e-06 (no improvement for 26 epochs)
Epoch 55/300 | train: 0.000904 | val: 0.000835 | lr: 3.13e-06 (no improvement for 27 epochs)
Epoch 56/300 | train: 0.000902 | val: 0.000842 | lr: 1.56e-06 (no improvement for 28 epochs)
Epoch 57/300 | train: 0.000898 | val: 0.000843 | lr: 1.56e-06 (no improvement for 29 epochs)
Epoch 58/300 | train: 0.000896 | val: 0.000850 | lr: 1.56e-06 (no improvement for 30 epochs)

Early stopping at epoch 58. Best epoch: 28 (val loss: 0.000745).
/home/renku/work/SDSC-IRM/src/visualization/ae_plots.py:1115: UserWarning: Data has no positive values, and therefore cannot be log-scaled.
  ax2.set_yscale("log")
Loss plot saved: /home/renku/work/SDSC-IRM/results/0_tempo/AE_AE3dAsymResidualV4_200patients_splitdefault_8dims_aiagent_AE3dAsymResidualV4_train_val_loss.png
[train] R2 mean=0.8445 std=0.0537 | MSE mean=293.601837
[validation] R2 mean=0.7291 std=0.1523 | MSE mean=196.326538
[test] R2 mean=0.7665 std=0.1142 | MSE mean=221.843918

============================================================
Model: AE3dAsymResidualV4 | latent_dim: 60
============================================================
Training AE3dAsymResidualV4 | device=cuda | batch_size=1 | patience=30 | max_epochs=300
Epoch 1/300 | train: 0.078115 | val: 0.025028 | lr: 5.00e-05 ✓ best
Epoch 2/300 | train: 0.016533 | val: 0.009014 | lr: 5.00e-05 ✓ best
Epoch 3/300 | train: 0.008094 | val: 0.004936 | lr: 5.00e-05 ✓ best
Epoch 4/300 | train: 0.005359 | val: 0.003061 | lr: 5.00e-05 ✓ best
Epoch 5/300 | train: 0.004126 | val: 0.002317 | lr: 5.00e-05 ✓ best
Epoch 6/300 | train: 0.003503 | val: 0.001746 | lr: 5.00e-05 ✓ best
Epoch 7/300 | train: 0.002671 | val: 0.001643 | lr: 5.00e-05 ✓ best
Epoch 8/300 | train: 0.002223 | val: 0.001349 | lr: 5.00e-05 ✓ best
Epoch 9/300 | train: 0.002140 | val: 0.001357 | lr: 5.00e-05 (no improvement for 1 epochs)
Epoch 10/300 | train: 0.001902 | val: 0.001070 | lr: 5.00e-05 ✓ best
Epoch 11/300 | train: 0.001900 | val: 0.000975 | lr: 5.00e-05 ✓ best
Epoch 12/300 | train: 0.001797 | val: 0.000916 | lr: 5.00e-05 ✓ best
Epoch 13/300 | train: 0.001687 | val: 0.000853 | lr: 5.00e-05 ✓ best
Epoch 14/300 | train: 0.001631 | val: 0.000844 | lr: 5.00e-05 ✓ best
Epoch 15/300 | train: 0.001499 | val: 0.001125 | lr: 5.00e-05 (no improvement for 1 epochs)
Epoch 16/300 | train: 0.001440 | val: 0.000844 | lr: 5.00e-05 (no improvement for 2 epochs)
Epoch 17/300 | train: 0.001383 | val: 0.000998 | lr: 5.00e-05 (no improvement for 3 epochs)
Epoch 18/300 | train: 0.001400 | val: 0.001028 | lr: 5.00e-05 (no improvement for 4 epochs)
Epoch 19/300 | train: 0.001351 | val: 0.000725 | lr: 5.00e-05 ✓ best
Epoch 20/300 | train: 0.001349 | val: 0.000653 | lr: 5.00e-05 ✓ best
Epoch 21/300 | train: 0.001374 | val: 0.000769 | lr: 5.00e-05 (no improvement for 1 epochs)
Epoch 22/300 | train: 0.001305 | val: 0.000678 | lr: 5.00e-05 (no improvement for 2 epochs)
Epoch 23/300 | train: 0.001229 | val: 0.000868 | lr: 5.00e-05 (no improvement for 3 epochs)
Epoch 24/300 | train: 0.001237 | val: 0.000750 | lr: 5.00e-05 (no improvement for 4 epochs)
Epoch 25/300 | train: 0.001238 | val: 0.000641 | lr: 5.00e-05 ✓ best
Epoch 26/300 | train: 0.001199 | val: 0.001123 | lr: 5.00e-05 (no improvement for 1 epochs)
Epoch 27/300 | train: 0.001241 | val: 0.000687 | lr: 5.00e-05 (no improvement for 2 epochs)
Epoch 28/300 | train: 0.001299 | val: 0.000641 | lr: 5.00e-05 (no improvement for 3 epochs)
Epoch 29/300 | train: 0.001180 | val: 0.000646 | lr: 5.00e-05 (no improvement for 4 epochs)
Epoch 30/300 | train: 0.001170 | val: 0.000868 | lr: 5.00e-05 (no improvement for 5 epochs)
Epoch 31/300 | train: 0.001119 | val: 0.000851 | lr: 5.00e-05 (no improvement for 6 epochs)
Epoch 32/300 | train: 0.001073 | val: 0.000653 | lr: 2.50e-05 (no improvement for 7 epochs)
Epoch 33/300 | train: 0.001028 | val: 0.000695 | lr: 2.50e-05 (no improvement for 8 epochs)
Epoch 34/300 | train: 0.000972 | val: 0.000680 | lr: 2.50e-05 (no improvement for 9 epochs)
Epoch 35/300 | train: 0.000946 | val: 0.000652 | lr: 2.50e-05 (no improvement for 10 epochs)
Epoch 36/300 | train: 0.000933 | val: 0.000707 | lr: 2.50e-05 (no improvement for 11 epochs)
Epoch 37/300 | train: 0.000916 | val: 0.000667 | lr: 2.50e-05 (no improvement for 12 epochs)
Epoch 38/300 | train: 0.000906 | val: 0.000673 | lr: 2.50e-05 (no improvement for 13 epochs)
Epoch 39/300 | train: 0.000903 | val: 0.000646 | lr: 1.25e-05 (no improvement for 14 epochs)
Epoch 40/300 | train: 0.000893 | val: 0.000667 | lr: 1.25e-05 (no improvement for 15 epochs)
Epoch 41/300 | train: 0.000877 | val: 0.000680 | lr: 1.25e-05 (no improvement for 16 epochs)
Epoch 42/300 | train: 0.000864 | val: 0.000659 | lr: 1.25e-05 (no improvement for 17 epochs)
Epoch 43/300 | train: 0.000854 | val: 0.000671 | lr: 1.25e-05 (no improvement for 18 epochs)
Epoch 44/300 | train: 0.000847 | val: 0.000669 | lr: 1.25e-05 (no improvement for 19 epochs)
Epoch 45/300 | train: 0.000841 | val: 0.000655 | lr: 1.25e-05 (no improvement for 20 epochs)
Epoch 46/300 | train: 0.000834 | val: 0.000674 | lr: 6.25e-06 (no improvement for 21 epochs)
Epoch 47/300 | train: 0.000824 | val: 0.000672 | lr: 6.25e-06 (no improvement for 22 epochs)
Epoch 48/300 | train: 0.000818 | val: 0.000665 | lr: 6.25e-06 (no improvement for 23 epochs)
Epoch 49/300 | train: 0.000814 | val: 0.000664 | lr: 6.25e-06 (no improvement for 24 epochs)
Epoch 50/300 | train: 0.000810 | val: 0.000673 | lr: 6.25e-06 (no improvement for 25 epochs)
Epoch 51/300 | train: 0.000806 | val: 0.000658 | lr: 6.25e-06 (no improvement for 26 epochs)
Epoch 52/300 | train: 0.000802 | val: 0.000664 | lr: 6.25e-06 (no improvement for 27 epochs)
Epoch 53/300 | train: 0.000798 | val: 0.000674 | lr: 3.13e-06 (no improvement for 28 epochs)
Epoch 54/300 | train: 0.000792 | val: 0.000671 | lr: 3.13e-06 (no improvement for 29 epochs)
Epoch 55/300 | train: 0.000790 | val: 0.000673 | lr: 3.13e-06 (no improvement for 30 epochs)

Early stopping at epoch 55. Best epoch: 25 (val loss: 0.000641).
/home/renku/work/SDSC-IRM/src/visualization/ae_plots.py:1115: UserWarning: Data has no positive values, and therefore cannot be log-scaled.
  ax2.set_yscale("log")
Loss plot saved: /home/renku/work/SDSC-IRM/results/0_tempo/AE_AE3dAsymResidualV4_200patients_splitdefault_60dims_aiagent_AE3dAsymResidualV4_train_val_loss.png
[train] R2 mean=0.8429 std=0.0528 | MSE mean=308.585754
[validation] R2 mean=0.7773 std=0.0997 | MSE mean=168.943878
[test] R2 mean=0.8073 std=0.0783 | MSE mean=195.407150

============================================================
Model: AE3dAsymResidualV4 | latent_dim: 240
============================================================
Training AE3dAsymResidualV4 | device=cuda | batch_size=1 | patience=30 | max_epochs=300
Epoch 1/300 | train: 0.044809 | val: 0.011714 | lr: 5.00e-05 ✓ best
Epoch 2/300 | train: 0.008643 | val: 0.004080 | lr: 5.00e-05 ✓ best
Epoch 3/300 | train: 0.005092 | val: 0.003017 | lr: 5.00e-05 ✓ best
Epoch 4/300 | train: 0.003666 | val: 0.001814 | lr: 5.00e-05 ✓ best
Epoch 5/300 | train: 0.003002 | val: 0.001528 | lr: 5.00e-05 ✓ best
Epoch 6/300 | train: 0.002462 | val: 0.001596 | lr: 5.00e-05 (no improvement for 1 epochs)
Epoch 7/300 | train: 0.002252 | val: 0.001119 | lr: 5.00e-05 ✓ best
Epoch 8/300 | train: 0.002183 | val: 0.001077 | lr: 5.00e-05 ✓ best
Epoch 9/300 | train: 0.001983 | val: 0.000859 | lr: 5.00e-05 ✓ best
Epoch 10/300 | train: 0.001711 | val: 0.000825 | lr: 5.00e-05 ✓ best
Epoch 11/300 | train: 0.001598 | val: 0.000817 | lr: 5.00e-05 ✓ best
Epoch 12/300 | train: 0.001541 | val: 0.000715 | lr: 5.00e-05 ✓ best
Epoch 13/300 | train: 0.001451 | val: 0.000683 | lr: 5.00e-05 ✓ best
Epoch 14/300 | train: 0.001456 | val: 0.000667 | lr: 5.00e-05 ✓ best
Epoch 15/300 | train: 0.001386 | val: 0.000647 | lr: 5.00e-05 ✓ best
Epoch 16/300 | train: 0.001443 | val: 0.000744 | lr: 5.00e-05 (no improvement for 1 epochs)
Epoch 17/300 | train: 0.001482 | val: 0.000700 | lr: 5.00e-05 (no improvement for 2 epochs)
Epoch 18/300 | train: 0.001353 | val: 0.000655 | lr: 5.00e-05 (no improvement for 3 epochs)
Epoch 19/300 | train: 0.001277 | val: 0.000615 | lr: 5.00e-05 ✓ best
Epoch 20/300 | train: 0.001357 | val: 0.000618 | lr: 5.00e-05 (no improvement for 1 epochs)
Epoch 21/300 | train: 0.001237 | val: 0.000670 | lr: 5.00e-05 (no improvement for 2 epochs)
Epoch 22/300 | train: 0.001240 | val: 0.000628 | lr: 5.00e-05 (no improvement for 3 epochs)
Epoch 23/300 | train: 0.001150 | val: 0.000697 | lr: 5.00e-05 (no improvement for 4 epochs)
Epoch 24/300 | train: 0.001254 | val: 0.000883 | lr: 5.00e-05 (no improvement for 5 epochs)
Epoch 25/300 | train: 0.001169 | val: 0.000699 | lr: 5.00e-05 (no improvement for 6 epochs)
Epoch 26/300 | train: 0.001121 | val: 0.000640 | lr: 2.50e-05 (no improvement for 7 epochs)
Epoch 27/300 | train: 0.000975 | val: 0.000762 | lr: 2.50e-05 (no improvement for 8 epochs)
Epoch 28/300 | train: 0.000835 | val: 0.000576 | lr: 2.50e-05 ✓ best
Epoch 29/300 | train: 0.000776 | val: 0.000594 | lr: 2.50e-05 (no improvement for 1 epochs)
Epoch 30/300 | train: 0.000743 | val: 0.000595 | lr: 2.50e-05 (no improvement for 2 epochs)
Epoch 31/300 | train: 0.000715 | val: 0.000557 | lr: 2.50e-05 ✓ best
Epoch 32/300 | train: 0.000703 | val: 0.000637 | lr: 2.50e-05 (no improvement for 1 epochs)
Epoch 33/300 | train: 0.000691 | val: 0.000570 | lr: 2.50e-05 (no improvement for 2 epochs)
Epoch 34/300 | train: 0.000698 | val: 0.000666 | lr: 2.50e-05 (no improvement for 3 epochs)
Epoch 35/300 | train: 0.000737 | val: 0.000564 | lr: 2.50e-05 (no improvement for 4 epochs)
Epoch 36/300 | train: 0.000739 | val: 0.000736 | lr: 2.50e-05 (no improvement for 5 epochs)
Epoch 37/300 | train: 0.000730 | val: 0.000548 | lr: 2.50e-05 ✓ best
Epoch 38/300 | train: 0.000691 | val: 0.000533 | lr: 2.50e-05 ✓ best
Epoch 39/300 | train: 0.000688 | val: 0.000676 | lr: 2.50e-05 (no improvement for 1 epochs)
Epoch 40/300 | train: 0.000633 | val: 0.000669 | lr: 2.50e-05 (no improvement for 2 epochs)
Epoch 41/300 | train: 0.000638 | val: 0.000612 | lr: 2.50e-05 (no improvement for 3 epochs)
Epoch 42/300 | train: 0.000607 | val: 0.000517 | lr: 2.50e-05 ✓ best
Epoch 43/300 | train: 0.000590 | val: 0.000575 | lr: 2.50e-05 (no improvement for 1 epochs)
Epoch 44/300 | train: 0.000620 | val: 0.000527 | lr: 2.50e-05 (no improvement for 2 epochs)
Epoch 45/300 | train: 0.000585 | val: 0.000537 | lr: 2.50e-05 (no improvement for 3 epochs)
Epoch 46/300 | train: 0.000613 | val: 0.000631 | lr: 2.50e-05 (no improvement for 4 epochs)
Epoch 47/300 | train: 0.000625 | val: 0.000552 | lr: 2.50e-05 (no improvement for 5 epochs)
Epoch 48/300 | train: 0.000651 | val: 0.000541 | lr: 2.50e-05 (no improvement for 6 epochs)
Epoch 49/300 | train: 0.000593 | val: 0.000599 | lr: 1.25e-05 (no improvement for 7 epochs)
Epoch 50/300 | train: 0.000532 | val: 0.000534 | lr: 1.25e-05 (no improvement for 8 epochs)
Epoch 51/300 | train: 0.000495 | val: 0.000552 | lr: 1.25e-05 (no improvement for 9 epochs)
Epoch 52/300 | train: 0.000481 | val: 0.000559 | lr: 1.25e-05 (no improvement for 10 epochs)
Epoch 53/300 | train: 0.000473 | val: 0.000550 | lr: 1.25e-05 (no improvement for 11 epochs)
Epoch 54/300 | train: 0.000466 | val: 0.000568 | lr: 1.25e-05 (no improvement for 12 epochs)
Epoch 55/300 | train: 0.000460 | val: 0.000557 | lr: 1.25e-05 (no improvement for 13 epochs)
Epoch 56/300 | train: 0.000455 | val: 0.000567 | lr: 6.25e-06 (no improvement for 14 epochs)
Epoch 57/300 | train: 0.000447 | val: 0.000549 | lr: 6.25e-06 (no improvement for 15 epochs)
Epoch 58/300 | train: 0.000442 | val: 0.000554 | lr: 6.25e-06 (no improvement for 16 epochs)
Epoch 59/300 | train: 0.000439 | val: 0.000568 | lr: 6.25e-06 (no improvement for 17 epochs)
Epoch 60/300 | train: 0.000436 | val: 0.000563 | lr: 6.25e-06 (no improvement for 18 epochs)
Epoch 61/300 | train: 0.000433 | val: 0.000561 | lr: 6.25e-06 (no improvement for 19 epochs)
Epoch 62/300 | train: 0.000429 | val: 0.000567 | lr: 6.25e-06 (no improvement for 20 epochs)
Epoch 63/300 | train: 0.000426 | val: 0.000564 | lr: 3.13e-06 (no improvement for 21 epochs)
Epoch 64/300 | train: 0.000421 | val: 0.000565 | lr: 3.13e-06 (no improvement for 22 epochs)
Epoch 65/300 | train: 0.000418 | val: 0.000565 | lr: 3.13e-06 (no improvement for 23 epochs)
Epoch 66/300 | train: 0.000417 | val: 0.000565 | lr: 3.13e-06 (no improvement for 24 epochs)
Epoch 67/300 | train: 0.000415 | val: 0.000564 | lr: 3.13e-06 (no improvement for 25 epochs)
Epoch 68/300 | train: 0.000413 | val: 0.000567 | lr: 3.13e-06 (no improvement for 26 epochs)
Epoch 69/300 | train: 0.000411 | val: 0.000564 | lr: 3.13e-06 (no improvement for 27 epochs)
Epoch 70/300 | train: 0.000409 | val: 0.000565 | lr: 1.56e-06 (no improvement for 28 epochs)
Epoch 71/300 | train: 0.000406 | val: 0.000566 | lr: 1.56e-06 (no improvement for 29 epochs)
Epoch 72/300 | train: 0.000404 | val: 0.000570 | lr: 1.56e-06 (no improvement for 30 epochs)

Early stopping at epoch 72. Best epoch: 42 (val loss: 0.000517).
/home/renku/work/SDSC-IRM/src/visualization/ae_plots.py:1115: UserWarning: Data has no positive values, and therefore cannot be log-scaled.
  ax2.set_yscale("log")
Loss plot saved: /home/renku/work/SDSC-IRM/results/0_tempo/AE_AE3dAsymResidualV4_200patients_splitdefault_240dims_aiagent_AE3dAsymResidualV4_train_val_loss.png
