None
Data loaded | train: 200 | val: 40 | test: 60 | split: splitdefault
/home/renku/work/.venv/lib/python3.13/site-packages/torch/nn/modules/linear.py:124: UserWarning: Initializing zero-element tensors is a no-op
  init.kaiming_uniform_(self.weight, a=math.sqrt(5))
Training AE3dDilatedMSBottleneck | device=cuda | batch_size=1 | patience=30 | max_epochs=300
Epoch 1/300 | train: 0.146188 | val: 0.080472 | lr: 5.00e-05 ✓ best
Epoch 2/300 | train: 0.052683 | val: 0.032096 | lr: 5.00e-05 ✓ best
Epoch 3/300 | train: 0.023857 | val: 0.016454 | lr: 5.00e-05 ✓ best
Epoch 4/300 | train: 0.013937 | val: 0.009950 | lr: 5.00e-05 ✓ best
Epoch 5/300 | train: 0.009548 | val: 0.007144 | lr: 5.00e-05 ✓ best
Epoch 6/300 | train: 0.006995 | val: 0.005141 | lr: 5.00e-05 ✓ best
Epoch 7/300 | train: 0.005515 | val: 0.004067 | lr: 5.00e-05 ✓ best
Epoch 8/300 | train: 0.004494 | val: 0.003296 | lr: 5.00e-05 ✓ best
Epoch 9/300 | train: 0.003806 | val: 0.003072 | lr: 5.00e-05 ✓ best
Epoch 10/300 | train: 0.003420 | val: 0.002752 | lr: 5.00e-05 ✓ best
Epoch 11/300 | train: 0.003021 | val: 0.002175 | lr: 5.00e-05 ✓ best
Epoch 12/300 | train: 0.002720 | val: 0.001851 | lr: 5.00e-05 ✓ best
Epoch 13/300 | train: 0.002447 | val: 0.001661 | lr: 5.00e-05 ✓ best
Epoch 14/300 | train: 0.002348 | val: 0.001601 | lr: 5.00e-05 ✓ best
Epoch 15/300 | train: 0.002154 | val: 0.001341 | lr: 5.00e-05 ✓ best
Epoch 16/300 | train: 0.002037 | val: 0.001413 | lr: 5.00e-05 (no improvement for 1 epochs)
Epoch 17/300 | train: 0.001931 | val: 0.001206 | lr: 5.00e-05 ✓ best
Epoch 18/300 | train: 0.001873 | val: 0.001143 | lr: 5.00e-05 ✓ best
Epoch 19/300 | train: 0.001776 | val: 0.001127 | lr: 5.00e-05 ✓ best
Epoch 20/300 | train: 0.001646 | val: 0.001079 | lr: 5.00e-05 ✓ best
Epoch 21/300 | train: 0.001597 | val: 0.000987 | lr: 5.00e-05 ✓ best
Epoch 22/300 | train: 0.001524 | val: 0.001234 | lr: 5.00e-05 (no improvement for 1 epochs)
Epoch 23/300 | train: 0.001481 | val: 0.001021 | lr: 5.00e-05 (no improvement for 2 epochs)
Epoch 24/300 | train: 0.001452 | val: 0.000905 | lr: 5.00e-05 ✓ best
Epoch 25/300 | train: 0.001411 | val: 0.000895 | lr: 5.00e-05 ✓ best
Epoch 26/300 | train: 0.001423 | val: 0.000849 | lr: 5.00e-05 ✓ best
Epoch 27/300 | train: 0.001389 | val: 0.000804 | lr: 5.00e-05 ✓ best
Epoch 28/300 | train: 0.001369 | val: 0.000832 | lr: 5.00e-05 (no improvement for 1 epochs)
Epoch 29/300 | train: 0.001372 | val: 0.000920 | lr: 5.00e-05 (no improvement for 2 epochs)
Epoch 30/300 | train: 0.001309 | val: 0.000958 | lr: 5.00e-05 (no improvement for 3 epochs)
Epoch 31/300 | train: 0.001283 | val: 0.001217 | lr: 5.00e-05 (no improvement for 4 epochs)
Epoch 32/300 | train: 0.001260 | val: 0.000894 | lr: 5.00e-05 (no improvement for 5 epochs)
Epoch 33/300 | train: 0.001205 | val: 0.000768 | lr: 5.00e-05 ✓ best
Epoch 34/300 | train: 0.001235 | val: 0.000797 | lr: 5.00e-05 (no improvement for 1 epochs)
Epoch 35/300 | train: 0.001216 | val: 0.000851 | lr: 5.00e-05 (no improvement for 2 epochs)
Epoch 36/300 | train: 0.001155 | val: 0.000697 | lr: 5.00e-05 ✓ best
Epoch 37/300 | train: 0.001126 | val: 0.000766 | lr: 5.00e-05 (no improvement for 1 epochs)
Epoch 38/300 | train: 0.001105 | val: 0.000705 | lr: 5.00e-05 (no improvement for 2 epochs)
Epoch 39/300 | train: 0.001110 | val: 0.000795 | lr: 5.00e-05 (no improvement for 3 epochs)
Epoch 40/300 | train: 0.001117 | val: 0.000788 | lr: 5.00e-05 (no improvement for 4 epochs)
Epoch 41/300 | train: 0.001084 | val: 0.000683 | lr: 5.00e-05 ✓ best
Epoch 42/300 | train: 0.001069 | val: 0.000853 | lr: 5.00e-05 (no improvement for 1 epochs)
Epoch 43/300 | train: 0.001049 | val: 0.000853 | lr: 5.00e-05 (no improvement for 2 epochs)
Epoch 44/300 | train: 0.001064 | val: 0.000726 | lr: 5.00e-05 (no improvement for 3 epochs)
Epoch 45/300 | train: 0.001062 | val: 0.000872 | lr: 5.00e-05 (no improvement for 4 epochs)
Epoch 46/300 | train: 0.001067 | val: 0.000794 | lr: 5.00e-05 (no improvement for 5 epochs)
Epoch 47/300 | train: 0.001028 | val: 0.001344 | lr: 5.00e-05 (no improvement for 6 epochs)
Epoch 48/300 | train: 0.001071 | val: 0.000616 | lr: 5.00e-05 ✓ best
Epoch 49/300 | train: 0.001049 | val: 0.000625 | lr: 5.00e-05 (no improvement for 1 epochs)
Epoch 50/300 | train: 0.001023 | val: 0.000689 | lr: 5.00e-05 (no improvement for 2 epochs)
Epoch 51/300 | train: 0.000977 | val: 0.000648 | lr: 5.00e-05 (no improvement for 3 epochs)
Epoch 52/300 | train: 0.000950 | val: 0.000779 | lr: 5.00e-05 (no improvement for 4 epochs)
Epoch 53/300 | train: 0.000940 | val: 0.000767 | lr: 5.00e-05 (no improvement for 5 epochs)
Epoch 54/300 | train: 0.000951 | val: 0.000686 | lr: 5.00e-05 (no improvement for 6 epochs)
Epoch 55/300 | train: 0.000976 | val: 0.000725 | lr: 2.50e-05 (no improvement for 7 epochs)
Epoch 56/300 | train: 0.000905 | val: 0.000688 | lr: 2.50e-05 (no improvement for 8 epochs)
Epoch 57/300 | train: 0.000849 | val: 0.000747 | lr: 2.50e-05 (no improvement for 9 epochs)
Epoch 58/300 | train: 0.000828 | val: 0.000690 | lr: 2.50e-05 (no improvement for 10 epochs)
Epoch 59/300 | train: 0.000816 | val: 0.000691 | lr: 2.50e-05 (no improvement for 11 epochs)
Epoch 60/300 | train: 0.000808 | val: 0.000679 | lr: 2.50e-05 (no improvement for 12 epochs)
Epoch 61/300 | train: 0.000801 | val: 0.000684 | lr: 2.50e-05 (no improvement for 13 epochs)
Epoch 62/300 | train: 0.000797 | val: 0.000689 | lr: 1.25e-05 (no improvement for 14 epochs)
Epoch 63/300 | train: 0.000789 | val: 0.000695 | lr: 1.25e-05 (no improvement for 15 epochs)
Epoch 64/300 | train: 0.000780 | val: 0.000698 | lr: 1.25e-05 (no improvement for 16 epochs)
Epoch 65/300 | train: 0.000775 | val: 0.000694 | lr: 1.25e-05 (no improvement for 17 epochs)
Epoch 66/300 | train: 0.000771 | val: 0.000696 | lr: 1.25e-05 (no improvement for 18 epochs)
Epoch 67/300 | train: 0.000767 | val: 0.000693 | lr: 1.25e-05 (no improvement for 19 epochs)
Epoch 68/300 | train: 0.000763 | val: 0.000695 | lr: 1.25e-05 (no improvement for 20 epochs)
Epoch 69/300 | train: 0.000760 | val: 0.000707 | lr: 6.25e-06 (no improvement for 21 epochs)
Epoch 70/300 | train: 0.000755 | val: 0.000684 | lr: 6.25e-06 (no improvement for 22 epochs)
Epoch 71/300 | train: 0.000751 | val: 0.000697 | lr: 6.25e-06 (no improvement for 23 epochs)
Epoch 72/300 | train: 0.000749 | val: 0.000697 | lr: 6.25e-06 (no improvement for 24 epochs)
Epoch 73/300 | train: 0.000746 | val: 0.000698 | lr: 6.25e-06 (no improvement for 25 epochs)
Epoch 74/300 | train: 0.000744 | val: 0.000693 | lr: 6.25e-06 (no improvement for 26 epochs)
Epoch 75/300 | train: 0.000742 | val: 0.000697 | lr: 6.25e-06 (no improvement for 27 epochs)
Epoch 76/300 | train: 0.000739 | val: 0.000704 | lr: 3.13e-06 (no improvement for 28 epochs)
Epoch 77/300 | train: 0.000736 | val: 0.000704 | lr: 3.13e-06 (no improvement for 29 epochs)
Epoch 78/300 | train: 0.000735 | val: 0.000695 | lr: 3.13e-06 (no improvement for 30 epochs)

Early stopping at epoch 78. Best epoch: 48 (val loss: 0.000616).
/home/renku/work/SDSC-IRM/src/visualization/ae_plots.py:1115: UserWarning: Data has no positive values, and therefore cannot be log-scaled.
  ax2.set_yscale("log")
Loss plot saved: /home/renku/work/SDSC-IRM/results/0_tempo/AE_AE3dDilatedMSBottleneck_200patients_splitdefault_120dims_aiagent_AE3dDilatedMSBottleneck_train_val_loss.png
