None
Data loaded | train: 200 | val: 40 | test: 60 | split: splitdefault

============================================================
Model: AE3dCurrent | latent_dim: 8
============================================================
Training AE3dCurrent | device=cuda | batch_size=1 | patience=30 | max_epochs=300
Epoch 1/300 | train: 0.107099 | val: 0.052590 | lr: 5.00e-05 ✓ best
Epoch 2/300 | train: 0.035696 | val: 0.022329 | lr: 5.00e-05 ✓ best
Epoch 3/300 | train: 0.018042 | val: 0.012364 | lr: 5.00e-05 ✓ best
Epoch 4/300 | train: 0.011358 | val: 0.007926 | lr: 5.00e-05 ✓ best
Epoch 5/300 | train: 0.007885 | val: 0.005917 | lr: 5.00e-05 ✓ best
Epoch 6/300 | train: 0.005924 | val: 0.004260 | lr: 5.00e-05 ✓ best
Epoch 7/300 | train: 0.004773 | val: 0.003422 | lr: 5.00e-05 ✓ best
Epoch 8/300 | train: 0.003991 | val: 0.002995 | lr: 5.00e-05 ✓ best
Epoch 9/300 | train: 0.003474 | val: 0.002578 | lr: 5.00e-05 ✓ best
Epoch 10/300 | train: 0.003100 | val: 0.002314 | lr: 5.00e-05 ✓ best
Epoch 11/300 | train: 0.002786 | val: 0.002136 | lr: 5.00e-05 ✓ best
Epoch 12/300 | train: 0.002600 | val: 0.001754 | lr: 5.00e-05 ✓ best
Epoch 13/300 | train: 0.002412 | val: 0.001637 | lr: 5.00e-05 ✓ best
Epoch 14/300 | train: 0.002235 | val: 0.001704 | lr: 5.00e-05 (no improvement for 1 epochs)
Epoch 15/300 | train: 0.002118 | val: 0.001399 | lr: 5.00e-05 ✓ best
Epoch 16/300 | train: 0.002012 | val: 0.002129 | lr: 5.00e-05 (no improvement for 1 epochs)
Epoch 17/300 | train: 0.001924 | val: 0.001291 | lr: 5.00e-05 ✓ best
Epoch 18/300 | train: 0.001875 | val: 0.001324 | lr: 5.00e-05 (no improvement for 1 epochs)
Epoch 19/300 | train: 0.001804 | val: 0.001338 | lr: 5.00e-05 (no improvement for 2 epochs)
Epoch 20/300 | train: 0.001753 | val: 0.001315 | lr: 5.00e-05 (no improvement for 3 epochs)
Epoch 21/300 | train: 0.001696 | val: 0.001351 | lr: 5.00e-05 (no improvement for 4 epochs)
Epoch 22/300 | train: 0.001635 | val: 0.001342 | lr: 5.00e-05 (no improvement for 5 epochs)
Epoch 23/300 | train: 0.001597 | val: 0.001229 | lr: 5.00e-05 ✓ best
Epoch 24/300 | train: 0.001587 | val: 0.000965 | lr: 5.00e-05 ✓ best
Epoch 25/300 | train: 0.001578 | val: 0.001429 | lr: 5.00e-05 (no improvement for 1 epochs)
Epoch 26/300 | train: 0.001531 | val: 0.000934 | lr: 5.00e-05 ✓ best
Epoch 27/300 | train: 0.001495 | val: 0.001134 | lr: 5.00e-05 (no improvement for 1 epochs)
Epoch 28/300 | train: 0.001451 | val: 0.000907 | lr: 5.00e-05 ✓ best
Epoch 29/300 | train: 0.001436 | val: 0.001057 | lr: 5.00e-05 (no improvement for 1 epochs)
Epoch 30/300 | train: 0.001468 | val: 0.000953 | lr: 5.00e-05 (no improvement for 2 epochs)
Epoch 31/300 | train: 0.001401 | val: 0.000896 | lr: 5.00e-05 ✓ best
Epoch 32/300 | train: 0.001382 | val: 0.000964 | lr: 5.00e-05 (no improvement for 1 epochs)
Epoch 33/300 | train: 0.001355 | val: 0.001026 | lr: 5.00e-05 (no improvement for 2 epochs)
Epoch 34/300 | train: 0.001355 | val: 0.001303 | lr: 5.00e-05 (no improvement for 3 epochs)
Epoch 35/300 | train: 0.001347 | val: 0.000885 | lr: 5.00e-05 ✓ best
Epoch 36/300 | train: 0.001343 | val: 0.000883 | lr: 5.00e-05 ✓ best
Epoch 37/300 | train: 0.001313 | val: 0.000820 | lr: 5.00e-05 ✓ best
Epoch 38/300 | train: 0.001305 | val: 0.000829 | lr: 5.00e-05 (no improvement for 1 epochs)
Epoch 39/300 | train: 0.001293 | val: 0.000944 | lr: 5.00e-05 (no improvement for 2 epochs)
Epoch 40/300 | train: 0.001262 | val: 0.000946 | lr: 5.00e-05 (no improvement for 3 epochs)
Epoch 41/300 | train: 0.001264 | val: 0.001000 | lr: 5.00e-05 (no improvement for 4 epochs)
Epoch 42/300 | train: 0.001291 | val: 0.001026 | lr: 5.00e-05 (no improvement for 5 epochs)
Epoch 43/300 | train: 0.001264 | val: 0.000991 | lr: 5.00e-05 (no improvement for 6 epochs)
Epoch 44/300 | train: 0.001265 | val: 0.000953 | lr: 2.50e-05 (no improvement for 7 epochs)
Epoch 45/300 | train: 0.001213 | val: 0.000994 | lr: 2.50e-05 (no improvement for 8 epochs)
Epoch 46/300 | train: 0.001171 | val: 0.000834 | lr: 2.50e-05 (no improvement for 9 epochs)
Epoch 47/300 | train: 0.001157 | val: 0.000904 | lr: 2.50e-05 (no improvement for 10 epochs)
Epoch 48/300 | train: 0.001148 | val: 0.000900 | lr: 2.50e-05 (no improvement for 11 epochs)
Epoch 49/300 | train: 0.001141 | val: 0.001012 | lr: 2.50e-05 (no improvement for 12 epochs)
Epoch 50/300 | train: 0.001136 | val: 0.000911 | lr: 2.50e-05 (no improvement for 13 epochs)
Epoch 51/300 | train: 0.001129 | val: 0.000957 | lr: 1.25e-05 (no improvement for 14 epochs)
Epoch 52/300 | train: 0.001116 | val: 0.000892 | lr: 1.25e-05 (no improvement for 15 epochs)
Epoch 53/300 | train: 0.001111 | val: 0.000915 | lr: 1.25e-05 (no improvement for 16 epochs)
Epoch 54/300 | train: 0.001107 | val: 0.000919 | lr: 1.25e-05 (no improvement for 17 epochs)
Epoch 55/300 | train: 0.001104 | val: 0.000934 | lr: 1.25e-05 (no improvement for 18 epochs)
Epoch 56/300 | train: 0.001101 | val: 0.000900 | lr: 1.25e-05 (no improvement for 19 epochs)
Epoch 57/300 | train: 0.001099 | val: 0.000943 | lr: 1.25e-05 (no improvement for 20 epochs)
Epoch 58/300 | train: 0.001095 | val: 0.000906 | lr: 6.25e-06 (no improvement for 21 epochs)
Epoch 59/300 | train: 0.001088 | val: 0.000925 | lr: 6.25e-06 (no improvement for 22 epochs)
Epoch 60/300 | train: 0.001085 | val: 0.000918 | lr: 6.25e-06 (no improvement for 23 epochs)
Epoch 61/300 | train: 0.001083 | val: 0.000919 | lr: 6.25e-06 (no improvement for 24 epochs)
Epoch 62/300 | train: 0.001082 | val: 0.000931 | lr: 6.25e-06 (no improvement for 25 epochs)
Epoch 63/300 | train: 0.001080 | val: 0.000930 | lr: 6.25e-06 (no improvement for 26 epochs)
Epoch 64/300 | train: 0.001078 | val: 0.000922 | lr: 6.25e-06 (no improvement for 27 epochs)
Epoch 65/300 | train: 0.001076 | val: 0.000895 | lr: 3.13e-06 (no improvement for 28 epochs)
Epoch 66/300 | train: 0.001072 | val: 0.000925 | lr: 3.13e-06 (no improvement for 29 epochs)
Epoch 67/300 | train: 0.001071 | val: 0.000923 | lr: 3.13e-06 (no improvement for 30 epochs)

Early stopping at epoch 67. Best epoch: 37 (val loss: 0.000820).
/home/renku/work/SDSC-IRM/src/visualization/ae_plots.py:1115: UserWarning: Data has no positive values, and therefore cannot be log-scaled.
  ax2.set_yscale("log")
Loss plot saved: /home/renku/work/SDSC-IRM/results/0_tempo/AE_AE3dCurrent_200patients_splitdefault_8dims_aiagent_existing_AE3dCurrent_train_val_loss.png
[train] R2 mean=0.8014 std=0.0659 | MSE mean=349.969910
[validation] R2 mean=0.7133 std=0.1355 | MSE mean=216.129761
[test] R2 mean=0.7700 std=0.0714 | MSE mean=237.824890

============================================================
Model: AE3dCurrent | latent_dim: 60
============================================================
Training AE3dCurrent | device=cuda | batch_size=1 | patience=30 | max_epochs=300
Epoch 1/300 | train: 0.173533 | val: 0.104477 | lr: 5.00e-05 ✓ best
Epoch 2/300 | train: 0.073192 | val: 0.047350 | lr: 5.00e-05 ✓ best
Epoch 3/300 | train: 0.033570 | val: 0.022084 | lr: 5.00e-05 ✓ best
Epoch 4/300 | train: 0.017607 | val: 0.013456 | lr: 5.00e-05 ✓ best
Epoch 5/300 | train: 0.011146 | val: 0.008621 | lr: 5.00e-05 ✓ best
Epoch 6/300 | train: 0.007843 | val: 0.006405 | lr: 5.00e-05 ✓ best
Epoch 7/300 | train: 0.005912 | val: 0.004740 | lr: 5.00e-05 ✓ best
Epoch 8/300 | train: 0.004726 | val: 0.004003 | lr: 5.00e-05 ✓ best
Epoch 9/300 | train: 0.003968 | val: 0.003497 | lr: 5.00e-05 ✓ best
Epoch 10/300 | train: 0.003402 | val: 0.002754 | lr: 5.00e-05 ✓ best
Epoch 11/300 | train: 0.002911 | val: 0.002367 | lr: 5.00e-05 ✓ best
Epoch 12/300 | train: 0.002603 | val: 0.002500 | lr: 5.00e-05 (no improvement for 1 epochs)
Epoch 13/300 | train: 0.002332 | val: 0.002362 | lr: 5.00e-05 ✓ best
Epoch 14/300 | train: 0.002112 | val: 0.001752 | lr: 5.00e-05 ✓ best
Epoch 15/300 | train: 0.001904 | val: 0.001587 | lr: 5.00e-05 ✓ best
Epoch 16/300 | train: 0.001732 | val: 0.001964 | lr: 5.00e-05 (no improvement for 1 epochs)
Epoch 17/300 | train: 0.001655 | val: 0.001371 | lr: 5.00e-05 ✓ best
Epoch 18/300 | train: 0.001501 | val: 0.001279 | lr: 5.00e-05 ✓ best
Epoch 19/300 | train: 0.001437 | val: 0.001216 | lr: 5.00e-05 ✓ best
Epoch 20/300 | train: 0.001376 | val: 0.001463 | lr: 5.00e-05 (no improvement for 1 epochs)
Epoch 21/300 | train: 0.001328 | val: 0.001091 | lr: 5.00e-05 ✓ best
Epoch 22/300 | train: 0.001295 | val: 0.001133 | lr: 5.00e-05 (no improvement for 1 epochs)
Epoch 23/300 | train: 0.001329 | val: 0.001250 | lr: 5.00e-05 (no improvement for 2 epochs)
Epoch 24/300 | train: 0.001199 | val: 0.001067 | lr: 5.00e-05 ✓ best
Epoch 25/300 | train: 0.001112 | val: 0.000996 | lr: 5.00e-05 ✓ best
Epoch 26/300 | train: 0.001049 | val: 0.001259 | lr: 5.00e-05 (no improvement for 1 epochs)
Epoch 27/300 | train: 0.001026 | val: 0.000976 | lr: 5.00e-05 ✓ best
Epoch 28/300 | train: 0.001008 | val: 0.000875 | lr: 5.00e-05 ✓ best
Epoch 29/300 | train: 0.000973 | val: 0.000894 | lr: 5.00e-05 (no improvement for 1 epochs)
Epoch 30/300 | train: 0.000989 | val: 0.001172 | lr: 5.00e-05 (no improvement for 2 epochs)
Epoch 31/300 | train: 0.000965 | val: 0.001087 | lr: 5.00e-05 (no improvement for 3 epochs)
Epoch 32/300 | train: 0.000929 | val: 0.001091 | lr: 5.00e-05 (no improvement for 4 epochs)
Epoch 33/300 | train: 0.000895 | val: 0.000953 | lr: 5.00e-05 (no improvement for 5 epochs)
Epoch 34/300 | train: 0.000883 | val: 0.000784 | lr: 5.00e-05 ✓ best
Epoch 35/300 | train: 0.000830 | val: 0.001416 | lr: 5.00e-05 (no improvement for 1 epochs)
Epoch 36/300 | train: 0.000874 | val: 0.000836 | lr: 5.00e-05 (no improvement for 2 epochs)
Epoch 37/300 | train: 0.000846 | val: 0.000834 | lr: 5.00e-05 (no improvement for 3 epochs)
Epoch 38/300 | train: 0.000842 | val: 0.000789 | lr: 5.00e-05 (no improvement for 4 epochs)
Epoch 39/300 | train: 0.000796 | val: 0.000920 | lr: 5.00e-05 (no improvement for 5 epochs)
Epoch 40/300 | train: 0.000749 | val: 0.000747 | lr: 5.00e-05 ✓ best
Epoch 41/300 | train: 0.000734 | val: 0.000857 | lr: 5.00e-05 (no improvement for 1 epochs)
Epoch 42/300 | train: 0.000716 | val: 0.000881 | lr: 5.00e-05 (no improvement for 2 epochs)
Epoch 43/300 | train: 0.000752 | val: 0.000887 | lr: 5.00e-05 (no improvement for 3 epochs)
Epoch 44/300 | train: 0.000721 | val: 0.000836 | lr: 5.00e-05 (no improvement for 4 epochs)
Epoch 45/300 | train: 0.000689 | val: 0.000747 | lr: 5.00e-05 (no improvement for 5 epochs)
Epoch 46/300 | train: 0.000671 | val: 0.000803 | lr: 5.00e-05 (no improvement for 6 epochs)
Epoch 47/300 | train: 0.000663 | val: 0.000896 | lr: 2.50e-05 (no improvement for 7 epochs)
Epoch 48/300 | train: 0.000634 | val: 0.000739 | lr: 2.50e-05 ✓ best
Epoch 49/300 | train: 0.000589 | val: 0.000780 | lr: 2.50e-05 (no improvement for 1 epochs)
Epoch 50/300 | train: 0.000575 | val: 0.000707 | lr: 2.50e-05 ✓ best
Epoch 51/300 | train: 0.000565 | val: 0.000737 | lr: 2.50e-05 (no improvement for 1 epochs)
Epoch 52/300 | train: 0.000559 | val: 0.000763 | lr: 2.50e-05 (no improvement for 2 epochs)
Epoch 53/300 | train: 0.000555 | val: 0.000736 | lr: 2.50e-05 (no improvement for 3 epochs)
Epoch 54/300 | train: 0.000550 | val: 0.000748 | lr: 2.50e-05 (no improvement for 4 epochs)
Epoch 55/300 | train: 0.000550 | val: 0.000732 | lr: 2.50e-05 (no improvement for 5 epochs)
Epoch 56/300 | train: 0.000556 | val: 0.000758 | lr: 2.50e-05 (no improvement for 6 epochs)
Epoch 57/300 | train: 0.000561 | val: 0.000730 | lr: 1.25e-05 (no improvement for 7 epochs)
Epoch 58/300 | train: 0.000547 | val: 0.000749 | lr: 1.25e-05 (no improvement for 8 epochs)
Epoch 59/300 | train: 0.000522 | val: 0.000736 | lr: 1.25e-05 (no improvement for 9 epochs)
Epoch 60/300 | train: 0.000516 | val: 0.000723 | lr: 1.25e-05 (no improvement for 10 epochs)
Epoch 61/300 | train: 0.000510 | val: 0.000758 | lr: 1.25e-05 (no improvement for 11 epochs)
Epoch 62/300 | train: 0.000506 | val: 0.000752 | lr: 1.25e-05 (no improvement for 12 epochs)
Epoch 63/300 | train: 0.000504 | val: 0.000737 | lr: 1.25e-05 (no improvement for 13 epochs)
Epoch 64/300 | train: 0.000500 | val: 0.000730 | lr: 6.25e-06 (no improvement for 14 epochs)
Epoch 65/300 | train: 0.000495 | val: 0.000736 | lr: 6.25e-06 (no improvement for 15 epochs)
Epoch 66/300 | train: 0.000492 | val: 0.000724 | lr: 6.25e-06 (no improvement for 16 epochs)
Epoch 67/300 | train: 0.000490 | val: 0.000749 | lr: 6.25e-06 (no improvement for 17 epochs)
Epoch 68/300 | train: 0.000488 | val: 0.000739 | lr: 6.25e-06 (no improvement for 18 epochs)
Epoch 69/300 | train: 0.000487 | val: 0.000738 | lr: 6.25e-06 (no improvement for 19 epochs)
Epoch 70/300 | train: 0.000485 | val: 0.000732 | lr: 6.25e-06 (no improvement for 20 epochs)
Epoch 71/300 | train: 0.000483 | val: 0.000745 | lr: 3.13e-06 (no improvement for 21 epochs)
Epoch 72/300 | train: 0.000480 | val: 0.000735 | lr: 3.13e-06 (no improvement for 22 epochs)
Epoch 73/300 | train: 0.000478 | val: 0.000737 | lr: 3.13e-06 (no improvement for 23 epochs)
Epoch 74/300 | train: 0.000477 | val: 0.000735 | lr: 3.13e-06 (no improvement for 24 epochs)
Epoch 75/300 | train: 0.000476 | val: 0.000735 | lr: 3.13e-06 (no improvement for 25 epochs)
Epoch 76/300 | train: 0.000475 | val: 0.000736 | lr: 3.13e-06 (no improvement for 26 epochs)
Epoch 77/300 | train: 0.000474 | val: 0.000733 | lr: 3.13e-06 (no improvement for 27 epochs)
Epoch 78/300 | train: 0.000473 | val: 0.000730 | lr: 1.56e-06 (no improvement for 28 epochs)
Epoch 79/300 | train: 0.000471 | val: 0.000735 | lr: 1.56e-06 (no improvement for 29 epochs)
Epoch 80/300 | train: 0.000470 | val: 0.000733 | lr: 1.56e-06 (no improvement for 30 epochs)

Early stopping at epoch 80. Best epoch: 50 (val loss: 0.000707).
/home/renku/work/SDSC-IRM/src/visualization/ae_plots.py:1115: UserWarning: Data has no positive values, and therefore cannot be log-scaled.
  ax2.set_yscale("log")
Loss plot saved: /home/renku/work/SDSC-IRM/results/0_tempo/AE_AE3dCurrent_200patients_splitdefault_60dims_aiagent_existing_AE3dCurrent_train_val_loss.png
[train] R2 mean=0.8944 std=0.0375 | MSE mean=149.064941
[validation] R2 mean=0.7330 std=0.1819 | MSE mean=186.457382
[test] R2 mean=0.7936 std=0.0913 | MSE mean=207.114944

============================================================
Model: AE3dCurrent | latent_dim: 240
============================================================
Training AE3dCurrent | device=cuda | batch_size=1 | patience=30 | max_epochs=300
Epoch 1/300 | train: 0.253719 | val: 0.205150 | lr: 5.00e-05 ✓ best
Epoch 2/300 | train: 0.128290 | val: 0.068555 | lr: 5.00e-05 ✓ best
Epoch 3/300 | train: 0.043404 | val: 0.025314 | lr: 5.00e-05 ✓ best
Epoch 4/300 | train: 0.019796 | val: 0.012981 | lr: 5.00e-05 ✓ best
Epoch 5/300 | train: 0.012128 | val: 0.008402 | lr: 5.00e-05 ✓ best
Epoch 6/300 | train: 0.008612 | val: 0.005833 | lr: 5.00e-05 ✓ best
Epoch 7/300 | train: 0.006575 | val: 0.004961 | lr: 5.00e-05 ✓ best
Epoch 8/300 | train: 0.005349 | val: 0.004160 | lr: 5.00e-05 ✓ best
Epoch 9/300 | train: 0.004474 | val: 0.003721 | lr: 5.00e-05 ✓ best
Epoch 10/300 | train: 0.003701 | val: 0.003355 | lr: 5.00e-05 ✓ best
Epoch 11/300 | train: 0.003229 | val: 0.002893 | lr: 5.00e-05 ✓ best
Epoch 12/300 | train: 0.002886 | val: 0.002076 | lr: 5.00e-05 ✓ best
Epoch 13/300 | train: 0.002491 | val: 0.001989 | lr: 5.00e-05 ✓ best
Epoch 14/300 | train: 0.002491 | val: 0.002264 | lr: 5.00e-05 (no improvement for 1 epochs)
Epoch 15/300 | train: 0.002373 | val: 0.001959 | lr: 5.00e-05 ✓ best
Epoch 16/300 | train: 0.002032 | val: 0.001596 | lr: 5.00e-05 ✓ best
Epoch 17/300 | train: 0.001863 | val: 0.001583 | lr: 5.00e-05 ✓ best
Epoch 18/300 | train: 0.001737 | val: 0.001432 | lr: 5.00e-05 ✓ best
Epoch 19/300 | train: 0.001640 | val: 0.001312 | lr: 5.00e-05 ✓ best
Epoch 20/300 | train: 0.001540 | val: 0.001340 | lr: 5.00e-05 (no improvement for 1 epochs)
Epoch 21/300 | train: 0.001504 | val: 0.001175 | lr: 5.00e-05 ✓ best
Epoch 22/300 | train: 0.001446 | val: 0.001121 | lr: 5.00e-05 ✓ best
Epoch 23/300 | train: 0.001388 | val: 0.001337 | lr: 5.00e-05 (no improvement for 1 epochs)
Epoch 24/300 | train: 0.001315 | val: 0.001213 | lr: 5.00e-05 (no improvement for 2 epochs)
Epoch 25/300 | train: 0.001272 | val: 0.000952 | lr: 5.00e-05 ✓ best
Epoch 26/300 | train: 0.001264 | val: 0.001023 | lr: 5.00e-05 (no improvement for 1 epochs)
Epoch 27/300 | train: 0.001247 | val: 0.001206 | lr: 5.00e-05 (no improvement for 2 epochs)
Epoch 28/300 | train: 0.001228 | val: 0.000933 | lr: 5.00e-05 ✓ best
Epoch 29/300 | train: 0.001160 | val: 0.001036 | lr: 5.00e-05 (no improvement for 1 epochs)
Epoch 30/300 | train: 0.001187 | val: 0.001018 | lr: 5.00e-05 (no improvement for 2 epochs)
Epoch 31/300 | train: 0.001163 | val: 0.000925 | lr: 5.00e-05 ✓ best
Epoch 32/300 | train: 0.001094 | val: 0.001040 | lr: 5.00e-05 (no improvement for 1 epochs)
Epoch 33/300 | train: 0.001036 | val: 0.000876 | lr: 5.00e-05 ✓ best
Epoch 34/300 | train: 0.001019 | val: 0.001075 | lr: 5.00e-05 (no improvement for 1 epochs)
Epoch 35/300 | train: 0.001032 | val: 0.001120 | lr: 5.00e-05 (no improvement for 2 epochs)
Epoch 36/300 | train: 0.001028 | val: 0.000942 | lr: 5.00e-05 (no improvement for 3 epochs)
Epoch 37/300 | train: 0.001012 | val: 0.000974 | lr: 5.00e-05 (no improvement for 4 epochs)
Epoch 38/300 | train: 0.000980 | val: 0.000814 | lr: 5.00e-05 ✓ best
Epoch 39/300 | train: 0.000957 | val: 0.000860 | lr: 5.00e-05 (no improvement for 1 epochs)
Epoch 40/300 | train: 0.000954 | val: 0.000764 | lr: 5.00e-05 ✓ best
Epoch 41/300 | train: 0.001015 | val: 0.000983 | lr: 5.00e-05 (no improvement for 1 epochs)
Epoch 42/300 | train: 0.000991 | val: 0.000815 | lr: 5.00e-05 (no improvement for 2 epochs)
Epoch 43/300 | train: 0.000943 | val: 0.000804 | lr: 5.00e-05 (no improvement for 3 epochs)
Epoch 44/300 | train: 0.000983 | val: 0.000800 | lr: 5.00e-05 (no improvement for 4 epochs)
Epoch 45/300 | train: 0.000896 | val: 0.000820 | lr: 5.00e-05 (no improvement for 5 epochs)
Epoch 46/300 | train: 0.000862 | val: 0.000928 | lr: 5.00e-05 (no improvement for 6 epochs)
Epoch 47/300 | train: 0.000851 | val: 0.001023 | lr: 2.50e-05 (no improvement for 7 epochs)
Epoch 48/300 | train: 0.000811 | val: 0.000938 | lr: 2.50e-05 (no improvement for 8 epochs)
Epoch 49/300 | train: 0.000780 | val: 0.000851 | lr: 2.50e-05 (no improvement for 9 epochs)
Epoch 50/300 | train: 0.000766 | val: 0.000892 | lr: 2.50e-05 (no improvement for 10 epochs)
Epoch 51/300 | train: 0.000756 | val: 0.000861 | lr: 2.50e-05 (no improvement for 11 epochs)
Epoch 52/300 | train: 0.000749 | val: 0.000881 | lr: 2.50e-05 (no improvement for 12 epochs)
Epoch 53/300 | train: 0.000744 | val: 0.000851 | lr: 2.50e-05 (no improvement for 13 epochs)
Epoch 54/300 | train: 0.000738 | val: 0.000929 | lr: 1.25e-05 (no improvement for 14 epochs)
Epoch 55/300 | train: 0.000730 | val: 0.000870 | lr: 1.25e-05 (no improvement for 15 epochs)
Epoch 56/300 | train: 0.000722 | val: 0.000902 | lr: 1.25e-05 (no improvement for 16 epochs)
Epoch 57/300 | train: 0.000717 | val: 0.000865 | lr: 1.25e-05 (no improvement for 17 epochs)
Epoch 58/300 | train: 0.000712 | val: 0.000882 | lr: 1.25e-05 (no improvement for 18 epochs)
Epoch 59/300 | train: 0.000708 | val: 0.000876 | lr: 1.25e-05 (no improvement for 19 epochs)
Epoch 60/300 | train: 0.000704 | val: 0.000887 | lr: 1.25e-05 (no improvement for 20 epochs)
Epoch 61/300 | train: 0.000700 | val: 0.000875 | lr: 6.25e-06 (no improvement for 21 epochs)
Epoch 62/300 | train: 0.000695 | val: 0.000875 | lr: 6.25e-06 (no improvement for 22 epochs)
Epoch 63/300 | train: 0.000692 | val: 0.000898 | lr: 6.25e-06 (no improvement for 23 epochs)
Epoch 64/300 | train: 0.000689 | val: 0.000892 | lr: 6.25e-06 (no improvement for 24 epochs)
Epoch 65/300 | train: 0.000687 | val: 0.000897 | lr: 6.25e-06 (no improvement for 25 epochs)
Epoch 66/300 | train: 0.000685 | val: 0.000893 | lr: 6.25e-06 (no improvement for 26 epochs)
Epoch 67/300 | train: 0.000682 | val: 0.000898 | lr: 6.25e-06 (no improvement for 27 epochs)
Epoch 68/300 | train: 0.000680 | val: 0.000896 | lr: 3.13e-06 (no improvement for 28 epochs)
Epoch 69/300 | train: 0.000677 | val: 0.000911 | lr: 3.13e-06 (no improvement for 29 epochs)
Epoch 70/300 | train: 0.000675 | val: 0.000900 | lr: 3.13e-06 (no improvement for 30 epochs)

Early stopping at epoch 70. Best epoch: 40 (val loss: 0.000764).
/home/renku/work/SDSC-IRM/src/visualization/ae_plots.py:1115: UserWarning: Data has no positive values, and therefore cannot be log-scaled.
  ax2.set_yscale("log")
Loss plot saved: /home/renku/work/SDSC-IRM/results/0_tempo/AE_AE3dCurrent_200patients_splitdefault_240dims_aiagent_existing_AE3dCurrent_train_val_loss.png
