None
Data loaded | train: 200 | val: 40 | test: 60 | split: splitdefault

============================================================
Model: AE3dAsymResSeparableV2 | latent_dim: 8
============================================================
Training AE3dAsymResSeparableV2 | device=cuda | batch_size=1 | patience=30 | max_epochs=300
Epoch 1/300 | train: 0.096394 | val: 0.032190 | lr: 5.00e-05 ✓ best
Epoch 2/300 | train: 0.019166 | val: 0.009033 | lr: 5.00e-05 ✓ best
Epoch 3/300 | train: 0.008021 | val: 0.004224 | lr: 5.00e-05 ✓ best
Epoch 4/300 | train: 0.004817 | val: 0.002851 | lr: 5.00e-05 ✓ best
Epoch 5/300 | train: 0.003749 | val: 0.001881 | lr: 5.00e-05 ✓ best
Epoch 6/300 | train: 0.002878 | val: 0.001501 | lr: 5.00e-05 ✓ best
Epoch 7/300 | train: 0.002437 | val: 0.001425 | lr: 5.00e-05 ✓ best
Epoch 8/300 | train: 0.002262 | val: 0.001245 | lr: 5.00e-05 ✓ best
Epoch 9/300 | train: 0.002069 | val: 0.001048 | lr: 5.00e-05 ✓ best
Epoch 10/300 | train: 0.001941 | val: 0.001054 | lr: 5.00e-05 (no improvement for 1 epochs)
Epoch 11/300 | train: 0.002050 | val: 0.001181 | lr: 5.00e-05 (no improvement for 2 epochs)
Epoch 12/300 | train: 0.001871 | val: 0.000842 | lr: 5.00e-05 ✓ best
Epoch 13/300 | train: 0.001745 | val: 0.000835 | lr: 5.00e-05 ✓ best
Epoch 14/300 | train: 0.001651 | val: 0.000805 | lr: 5.00e-05 ✓ best
Epoch 15/300 | train: 0.001604 | val: 0.000734 | lr: 5.00e-05 ✓ best
Epoch 16/300 | train: 0.001547 | val: 0.000751 | lr: 5.00e-05 (no improvement for 1 epochs)
Epoch 17/300 | train: 0.001532 | val: 0.000726 | lr: 5.00e-05 ✓ best
Epoch 18/300 | train: 0.001575 | val: 0.000960 | lr: 5.00e-05 (no improvement for 1 epochs)
Epoch 19/300 | train: 0.001517 | val: 0.000697 | lr: 5.00e-05 ✓ best
Epoch 20/300 | train: 0.001439 | val: 0.000860 | lr: 5.00e-05 (no improvement for 1 epochs)
Epoch 21/300 | train: 0.001420 | val: 0.000685 | lr: 5.00e-05 ✓ best
Epoch 22/300 | train: 0.001383 | val: 0.000695 | lr: 5.00e-05 (no improvement for 1 epochs)
Epoch 23/300 | train: 0.001378 | val: 0.000637 | lr: 5.00e-05 ✓ best
Epoch 24/300 | train: 0.001349 | val: 0.000790 | lr: 5.00e-05 (no improvement for 1 epochs)
Epoch 25/300 | train: 0.001333 | val: 0.000674 | lr: 5.00e-05 (no improvement for 2 epochs)
Epoch 26/300 | train: 0.001358 | val: 0.000612 | lr: 5.00e-05 ✓ best
Epoch 27/300 | train: 0.001349 | val: 0.000728 | lr: 5.00e-05 (no improvement for 1 epochs)
Epoch 28/300 | train: 0.001365 | val: 0.000613 | lr: 5.00e-05 (no improvement for 2 epochs)
Epoch 29/300 | train: 0.001311 | val: 0.000632 | lr: 5.00e-05 (no improvement for 3 epochs)
Epoch 30/300 | train: 0.001281 | val: 0.000606 | lr: 5.00e-05 ✓ best
Epoch 31/300 | train: 0.001264 | val: 0.000782 | lr: 5.00e-05 (no improvement for 1 epochs)
Epoch 32/300 | train: 0.001263 | val: 0.000615 | lr: 5.00e-05 (no improvement for 2 epochs)
Epoch 33/300 | train: 0.001226 | val: 0.000619 | lr: 5.00e-05 (no improvement for 3 epochs)
Epoch 34/300 | train: 0.001242 | val: 0.000610 | lr: 5.00e-05 (no improvement for 4 epochs)
Epoch 35/300 | train: 0.001213 | val: 0.000604 | lr: 5.00e-05 ✓ best
Epoch 36/300 | train: 0.001217 | val: 0.000633 | lr: 5.00e-05 (no improvement for 1 epochs)
Epoch 37/300 | train: 0.001253 | val: 0.000587 | lr: 5.00e-05 ✓ best
Epoch 38/300 | train: 0.001226 | val: 0.000612 | lr: 5.00e-05 (no improvement for 1 epochs)
Epoch 39/300 | train: 0.001223 | val: 0.000594 | lr: 5.00e-05 (no improvement for 2 epochs)
Epoch 40/300 | train: 0.001172 | val: 0.000572 | lr: 5.00e-05 ✓ best
Epoch 41/300 | train: 0.001137 | val: 0.000589 | lr: 5.00e-05 (no improvement for 1 epochs)
Epoch 42/300 | train: 0.001159 | val: 0.000649 | lr: 5.00e-05 (no improvement for 2 epochs)
Epoch 43/300 | train: 0.001136 | val: 0.000585 | lr: 5.00e-05 (no improvement for 3 epochs)
Epoch 44/300 | train: 0.001135 | val: 0.000586 | lr: 5.00e-05 (no improvement for 4 epochs)
Epoch 45/300 | train: 0.001136 | val: 0.000644 | lr: 5.00e-05 (no improvement for 5 epochs)
Epoch 46/300 | train: 0.001118 | val: 0.000620 | lr: 5.00e-05 (no improvement for 6 epochs)
Epoch 47/300 | train: 0.001139 | val: 0.000595 | lr: 2.50e-05 (no improvement for 7 epochs)
Epoch 48/300 | train: 0.001083 | val: 0.000604 | lr: 2.50e-05 (no improvement for 8 epochs)
Epoch 49/300 | train: 0.001044 | val: 0.000615 | lr: 2.50e-05 (no improvement for 9 epochs)
Epoch 50/300 | train: 0.001028 | val: 0.000576 | lr: 2.50e-05 (no improvement for 10 epochs)
Epoch 51/300 | train: 0.001017 | val: 0.000586 | lr: 2.50e-05 (no improvement for 11 epochs)
Epoch 52/300 | train: 0.001009 | val: 0.000578 | lr: 2.50e-05 (no improvement for 12 epochs)
Epoch 53/300 | train: 0.001004 | val: 0.000574 | lr: 2.50e-05 (no improvement for 13 epochs)
Epoch 54/300 | train: 0.000998 | val: 0.000603 | lr: 1.25e-05 (no improvement for 14 epochs)
Epoch 55/300 | train: 0.000985 | val: 0.000572 | lr: 1.25e-05 (no improvement for 15 epochs)
Epoch 56/300 | train: 0.000979 | val: 0.000575 | lr: 1.25e-05 (no improvement for 16 epochs)
Epoch 57/300 | train: 0.000976 | val: 0.000582 | lr: 1.25e-05 (no improvement for 17 epochs)
Epoch 58/300 | train: 0.000972 | val: 0.000582 | lr: 1.25e-05 (no improvement for 18 epochs)
Epoch 59/300 | train: 0.000969 | val: 0.000581 | lr: 1.25e-05 (no improvement for 19 epochs)
Epoch 60/300 | train: 0.000967 | val: 0.000583 | lr: 1.25e-05 (no improvement for 20 epochs)
Epoch 61/300 | train: 0.000964 | val: 0.000587 | lr: 6.25e-06 (no improvement for 21 epochs)
Epoch 62/300 | train: 0.000956 | val: 0.000581 | lr: 6.25e-06 (no improvement for 22 epochs)
Epoch 63/300 | train: 0.000953 | val: 0.000583 | lr: 6.25e-06 (no improvement for 23 epochs)
Epoch 64/300 | train: 0.000951 | val: 0.000586 | lr: 6.25e-06 (no improvement for 24 epochs)
Epoch 65/300 | train: 0.000949 | val: 0.000585 | lr: 6.25e-06 (no improvement for 25 epochs)
Epoch 66/300 | train: 0.000947 | val: 0.000584 | lr: 6.25e-06 (no improvement for 26 epochs)
Epoch 67/300 | train: 0.000946 | val: 0.000588 | lr: 6.25e-06 (no improvement for 27 epochs)
Epoch 68/300 | train: 0.000944 | val: 0.000585 | lr: 3.13e-06 (no improvement for 28 epochs)
Epoch 69/300 | train: 0.000940 | val: 0.000582 | lr: 3.13e-06 (no improvement for 29 epochs)
Epoch 70/300 | train: 0.000939 | val: 0.000587 | lr: 3.13e-06 (no improvement for 30 epochs)

Early stopping at epoch 70. Best epoch: 40 (val loss: 0.000572).
/home/renku/work/SDSC-IRM/src/visualization/ae_plots.py:1115: UserWarning: Data has no positive values, and therefore cannot be log-scaled.
  ax2.set_yscale("log")
Loss plot saved: /home/renku/work/SDSC-IRM/results/0_tempo/AE_AE3dAsymResSeparableV2_200patients_splitdefault_8dims_aiagent_AE3dAsymResSeparableV2_train_val_loss.png
