None
Data loaded | train: 200 | val: 40 | test: 60 | split: splitdefault

============================================================
Model: AE3dFCDeep_VAE | latent_dim: 8
============================================================
Training AE3dFCDeep_VAE | device=cuda | batch_size=1 | patience=30 | max_epochs=300
Epoch 1/300 | train: 0.132272 | val: 0.068251 | lr: 5.00e-05 ✓ best
Epoch 2/300 | train: 0.044535 | val: 0.027606 | lr: 5.00e-05 ✓ best
Epoch 3/300 | train: 0.021340 | val: 0.014563 | lr: 5.00e-05 ✓ best
Epoch 4/300 | train: 0.013151 | val: 0.009589 | lr: 5.00e-05 ✓ best
Epoch 5/300 | train: 0.009187 | val: 0.007137 | lr: 5.00e-05 ✓ best
Epoch 6/300 | train: 0.007201 | val: 0.005089 | lr: 5.00e-05 ✓ best
Epoch 7/300 | train: 0.005713 | val: 0.004132 | lr: 5.00e-05 ✓ best
Epoch 8/300 | train: 0.004828 | val: 0.003326 | lr: 5.00e-05 ✓ best
Epoch 9/300 | train: 0.004103 | val: 0.002714 | lr: 5.00e-05 ✓ best
Epoch 10/300 | train: 0.003636 | val: 0.002461 | lr: 5.00e-05 ✓ best
Epoch 11/300 | train: 0.003383 | val: 0.002280 | lr: 5.00e-05 ✓ best
Epoch 12/300 | train: 0.003091 | val: 0.001969 | lr: 5.00e-05 ✓ best
Epoch 13/300 | train: 0.002819 | val: 0.002120 | lr: 5.00e-05 (no improvement for 1 epochs)
Epoch 14/300 | train: 0.002586 | val: 0.001733 | lr: 5.00e-05 ✓ best
Epoch 15/300 | train: 0.002546 | val: 0.001791 | lr: 5.00e-05 (no improvement for 1 epochs)
Epoch 16/300 | train: 0.002372 | val: 0.001558 | lr: 5.00e-05 ✓ best
Epoch 17/300 | train: 0.002302 | val: 0.001476 | lr: 5.00e-05 ✓ best
Epoch 18/300 | train: 0.002235 | val: 0.001495 | lr: 5.00e-05 (no improvement for 1 epochs)
Epoch 19/300 | train: 0.002106 | val: 0.001372 | lr: 5.00e-05 ✓ best
Epoch 20/300 | train: 0.002057 | val: 0.001396 | lr: 5.00e-05 (no improvement for 1 epochs)
Epoch 21/300 | train: 0.001949 | val: 0.001236 | lr: 5.00e-05 ✓ best
Epoch 22/300 | train: 0.001946 | val: 0.001371 | lr: 5.00e-05 (no improvement for 1 epochs)
Epoch 23/300 | train: 0.001911 | val: 0.001385 | lr: 5.00e-05 (no improvement for 2 epochs)
Epoch 24/300 | train: 0.001863 | val: 0.001375 | lr: 5.00e-05 (no improvement for 3 epochs)
Epoch 25/300 | train: 0.001917 | val: 0.001599 | lr: 5.00e-05 (no improvement for 4 epochs)
Epoch 26/300 | train: 0.001869 | val: 0.001190 | lr: 5.00e-05 ✓ best
Epoch 27/300 | train: 0.001827 | val: 0.001271 | lr: 5.00e-05 (no improvement for 1 epochs)
Epoch 28/300 | train: 0.001815 | val: 0.001199 | lr: 5.00e-05 (no improvement for 2 epochs)
Epoch 29/300 | train: 0.001780 | val: 0.001275 | lr: 5.00e-05 (no improvement for 3 epochs)
Epoch 30/300 | train: 0.001830 | val: 0.001178 | lr: 5.00e-05 ✓ best
Epoch 31/300 | train: 0.001730 | val: 0.000981 | lr: 5.00e-05 ✓ best
Epoch 32/300 | train: 0.001738 | val: 0.001031 | lr: 5.00e-05 (no improvement for 1 epochs)
Epoch 33/300 | train: 0.001743 | val: 0.000977 | lr: 5.00e-05 ✓ best
Epoch 34/300 | train: 0.001703 | val: 0.001097 | lr: 5.00e-05 (no improvement for 1 epochs)
Epoch 35/300 | train: 0.001716 | val: 0.001093 | lr: 5.00e-05 (no improvement for 2 epochs)
Epoch 36/300 | train: 0.001651 | val: 0.000979 | lr: 5.00e-05 (no improvement for 3 epochs)
Epoch 37/300 | train: 0.001748 | val: 0.001070 | lr: 5.00e-05 (no improvement for 4 epochs)
Epoch 38/300 | train: 0.001672 | val: 0.001098 | lr: 5.00e-05 (no improvement for 5 epochs)
Epoch 39/300 | train: 0.001683 | val: 0.001272 | lr: 5.00e-05 (no improvement for 6 epochs)
Epoch 40/300 | train: 0.001627 | val: 0.001212 | lr: 2.50e-05 (no improvement for 7 epochs)
Epoch 41/300 | train: 0.001544 | val: 0.001137 | lr: 2.50e-05 (no improvement for 8 epochs)
Epoch 42/300 | train: 0.001509 | val: 0.000949 | lr: 2.50e-05 ✓ best
Epoch 43/300 | train: 0.001504 | val: 0.000922 | lr: 2.50e-05 ✓ best
Epoch 44/300 | train: 0.001495 | val: 0.000989 | lr: 2.50e-05 (no improvement for 1 epochs)
Epoch 45/300 | train: 0.001496 | val: 0.001182 | lr: 2.50e-05 (no improvement for 2 epochs)
Epoch 46/300 | train: 0.001456 | val: 0.001011 | lr: 2.50e-05 (no improvement for 3 epochs)
Epoch 47/300 | train: 0.001473 | val: 0.000914 | lr: 2.50e-05 ✓ best
Epoch 48/300 | train: 0.001463 | val: 0.001004 | lr: 2.50e-05 (no improvement for 1 epochs)
Epoch 49/300 | train: 0.001461 | val: 0.000981 | lr: 2.50e-05 (no improvement for 2 epochs)
Epoch 50/300 | train: 0.001446 | val: 0.001137 | lr: 2.50e-05 (no improvement for 3 epochs)
Epoch 51/300 | train: 0.001461 | val: 0.001008 | lr: 2.50e-05 (no improvement for 4 epochs)
Epoch 52/300 | train: 0.001440 | val: 0.001187 | lr: 2.50e-05 (no improvement for 5 epochs)
Epoch 53/300 | train: 0.001437 | val: 0.000917 | lr: 2.50e-05 (no improvement for 6 epochs)
Epoch 54/300 | train: 0.001428 | val: 0.000980 | lr: 1.25e-05 (no improvement for 7 epochs)
Epoch 55/300 | train: 0.001419 | val: 0.000968 | lr: 1.25e-05 (no improvement for 8 epochs)
Epoch 56/300 | train: 0.001379 | val: 0.001074 | lr: 1.25e-05 (no improvement for 9 epochs)
Epoch 57/300 | train: 0.001371 | val: 0.000978 | lr: 1.25e-05 (no improvement for 10 epochs)
Epoch 58/300 | train: 0.001359 | val: 0.001062 | lr: 1.25e-05 (no improvement for 11 epochs)
Epoch 59/300 | train: 0.001351 | val: 0.001115 | lr: 1.25e-05 (no improvement for 12 epochs)
Epoch 60/300 | train: 0.001351 | val: 0.000988 | lr: 1.25e-05 (no improvement for 13 epochs)
Epoch 61/300 | train: 0.001358 | val: 0.001093 | lr: 6.25e-06 (no improvement for 14 epochs)
Epoch 62/300 | train: 0.001342 | val: 0.001079 | lr: 6.25e-06 (no improvement for 15 epochs)
Epoch 63/300 | train: 0.001323 | val: 0.001030 | lr: 6.25e-06 (no improvement for 16 epochs)
Epoch 64/300 | train: 0.001320 | val: 0.001045 | lr: 6.25e-06 (no improvement for 17 epochs)
Epoch 65/300 | train: 0.001322 | val: 0.001010 | lr: 6.25e-06 (no improvement for 18 epochs)
Epoch 66/300 | train: 0.001322 | val: 0.000984 | lr: 6.25e-06 (no improvement for 19 epochs)
Epoch 67/300 | train: 0.001322 | val: 0.001048 | lr: 6.25e-06 (no improvement for 20 epochs)
Epoch 68/300 | train: 0.001314 | val: 0.001058 | lr: 3.13e-06 (no improvement for 21 epochs)
Epoch 69/300 | train: 0.001309 | val: 0.001041 | lr: 3.13e-06 (no improvement for 22 epochs)
Epoch 70/300 | train: 0.001312 | val: 0.001017 | lr: 3.13e-06 (no improvement for 23 epochs)
Epoch 71/300 | train: 0.001303 | val: 0.001019 | lr: 3.13e-06 (no improvement for 24 epochs)
Epoch 72/300 | train: 0.001308 | val: 0.001001 | lr: 3.13e-06 (no improvement for 25 epochs)
Epoch 73/300 | train: 0.001301 | val: 0.001032 | lr: 3.13e-06 (no improvement for 26 epochs)
Epoch 74/300 | train: 0.001294 | val: 0.000978 | lr: 3.13e-06 (no improvement for 27 epochs)
Epoch 75/300 | train: 0.001290 | val: 0.001040 | lr: 1.56e-06 (no improvement for 28 epochs)
Epoch 76/300 | train: 0.001301 | val: 0.001005 | lr: 1.56e-06 (no improvement for 29 epochs)
Epoch 77/300 | train: 0.001289 | val: 0.001006 | lr: 1.56e-06 (no improvement for 30 epochs)

Early stopping at epoch 77. Best epoch: 47 (val loss: 0.000914).
Loss plot saved: /home/renku/work/SDSC-IRM/results/0_tempo/AE_AE3dFCDeep_VAE_200patients_splitdefault_8dims_aiagent_existing_AE3dFCDeep_VAE_train_val_loss.png
[train] R2 mean=0.8191 std=0.0678 | MSE mean=317.758087
[validation] R2 mean=0.7289 std=0.1443 | MSE mean=191.677490
[test] R2 mean=0.7581 std=0.1358 | MSE mean=232.446136

============================================================
Model: AE3dFCDeep_VAE | latent_dim: 60
============================================================
Training AE3dFCDeep_VAE | device=cuda | batch_size=1 | patience=30 | max_epochs=300
Epoch 1/300 | train: 0.180522 | val: 0.108428 | lr: 5.00e-05 ✓ best
Epoch 2/300 | train: 0.070415 | val: 0.042837 | lr: 5.00e-05 ✓ best
Epoch 3/300 | train: 0.031619 | val: 0.021584 | lr: 5.00e-05 ✓ best
Epoch 4/300 | train: 0.017918 | val: 0.012181 | lr: 5.00e-05 ✓ best
Epoch 5/300 | train: 0.011758 | val: 0.008550 | lr: 5.00e-05 ✓ best
Epoch 6/300 | train: 0.008381 | val: 0.006243 | lr: 5.00e-05 ✓ best
Epoch 7/300 | train: 0.006412 | val: 0.004416 | lr: 5.00e-05 ✓ best
Epoch 8/300 | train: 0.005148 | val: 0.003972 | lr: 5.00e-05 ✓ best
Epoch 9/300 | train: 0.004404 | val: 0.002935 | lr: 5.00e-05 ✓ best
Epoch 10/300 | train: 0.003841 | val: 0.002612 | lr: 5.00e-05 ✓ best
Epoch 11/300 | train: 0.003331 | val: 0.002266 | lr: 5.00e-05 ✓ best
Epoch 12/300 | train: 0.003093 | val: 0.002053 | lr: 5.00e-05 ✓ best
Epoch 13/300 | train: 0.002848 | val: 0.001799 | lr: 5.00e-05 ✓ best
Epoch 14/300 | train: 0.002662 | val: 0.001665 | lr: 5.00e-05 ✓ best
Epoch 15/300 | train: 0.002480 | val: 0.001580 | lr: 5.00e-05 ✓ best
Epoch 16/300 | train: 0.002336 | val: 0.002025 | lr: 5.00e-05 (no improvement for 1 epochs)
Epoch 17/300 | train: 0.002270 | val: 0.001330 | lr: 5.00e-05 ✓ best
Epoch 18/300 | train: 0.002200 | val: 0.001438 | lr: 5.00e-05 (no improvement for 1 epochs)
Epoch 19/300 | train: 0.002111 | val: 0.001345 | lr: 5.00e-05 (no improvement for 2 epochs)
Epoch 20/300 | train: 0.002055 | val: 0.001230 | lr: 5.00e-05 ✓ best
Epoch 21/300 | train: 0.002029 | val: 0.001328 | lr: 5.00e-05 (no improvement for 1 epochs)
Epoch 22/300 | train: 0.001847 | val: 0.001126 | lr: 5.00e-05 ✓ best
Epoch 23/300 | train: 0.001831 | val: 0.001206 | lr: 5.00e-05 (no improvement for 1 epochs)
Epoch 24/300 | train: 0.001806 | val: 0.001034 | lr: 5.00e-05 ✓ best
Epoch 25/300 | train: 0.001815 | val: 0.001303 | lr: 5.00e-05 (no improvement for 1 epochs)
Epoch 26/300 | train: 0.001822 | val: 0.001108 | lr: 5.00e-05 (no improvement for 2 epochs)
Epoch 27/300 | train: 0.001745 | val: 0.001028 | lr: 5.00e-05 ✓ best
Epoch 28/300 | train: 0.001703 | val: 0.000918 | lr: 5.00e-05 ✓ best
Epoch 29/300 | train: 0.001599 | val: 0.001009 | lr: 5.00e-05 (no improvement for 1 epochs)
Epoch 30/300 | train: 0.001672 | val: 0.000943 | lr: 5.00e-05 (no improvement for 2 epochs)
Epoch 31/300 | train: 0.001634 | val: 0.000947 | lr: 5.00e-05 (no improvement for 3 epochs)
Epoch 32/300 | train: 0.001771 | val: 0.000887 | lr: 5.00e-05 ✓ best
Epoch 33/300 | train: 0.001609 | val: 0.000954 | lr: 5.00e-05 (no improvement for 1 epochs)
Epoch 34/300 | train: 0.001554 | val: 0.000924 | lr: 5.00e-05 (no improvement for 2 epochs)
Epoch 35/300 | train: 0.001530 | val: 0.000922 | lr: 5.00e-05 (no improvement for 3 epochs)
Epoch 36/300 | train: 0.001619 | val: 0.000945 | lr: 5.00e-05 (no improvement for 4 epochs)
Epoch 37/300 | train: 0.001552 | val: 0.000895 | lr: 5.00e-05 (no improvement for 5 epochs)
Epoch 38/300 | train: 0.001542 | val: 0.001258 | lr: 5.00e-05 (no improvement for 6 epochs)
Epoch 39/300 | train: 0.001541 | val: 0.001016 | lr: 2.50e-05 (no improvement for 7 epochs)
Epoch 40/300 | train: 0.001446 | val: 0.001019 | lr: 2.50e-05 (no improvement for 8 epochs)
Epoch 41/300 | train: 0.001380 | val: 0.000902 | lr: 2.50e-05 (no improvement for 9 epochs)
Epoch 42/300 | train: 0.001369 | val: 0.000896 | lr: 2.50e-05 (no improvement for 10 epochs)
Epoch 43/300 | train: 0.001349 | val: 0.001000 | lr: 2.50e-05 (no improvement for 11 epochs)
Epoch 44/300 | train: 0.001347 | val: 0.000870 | lr: 2.50e-05 ✓ best
Epoch 45/300 | train: 0.001322 | val: 0.000924 | lr: 2.50e-05 (no improvement for 1 epochs)
Epoch 46/300 | train: 0.001345 | val: 0.000920 | lr: 2.50e-05 (no improvement for 2 epochs)
Epoch 47/300 | train: 0.001349 | val: 0.000919 | lr: 2.50e-05 (no improvement for 3 epochs)
Epoch 48/300 | train: 0.001319 | val: 0.000953 | lr: 2.50e-05 (no improvement for 4 epochs)
Epoch 49/300 | train: 0.001310 | val: 0.001033 | lr: 2.50e-05 (no improvement for 5 epochs)
Epoch 50/300 | train: 0.001306 | val: 0.000907 | lr: 2.50e-05 (no improvement for 6 epochs)
Epoch 51/300 | train: 0.001309 | val: 0.000793 | lr: 2.50e-05 ✓ best
Epoch 52/300 | train: 0.001290 | val: 0.000847 | lr: 2.50e-05 (no improvement for 1 epochs)
Epoch 53/300 | train: 0.001290 | val: 0.000895 | lr: 2.50e-05 (no improvement for 2 epochs)
Epoch 54/300 | train: 0.001289 | val: 0.000797 | lr: 2.50e-05 (no improvement for 3 epochs)
Epoch 55/300 | train: 0.001290 | val: 0.000858 | lr: 2.50e-05 (no improvement for 4 epochs)
Epoch 56/300 | train: 0.001263 | val: 0.000914 | lr: 2.50e-05 (no improvement for 5 epochs)
Epoch 57/300 | train: 0.001255 | val: 0.000795 | lr: 2.50e-05 (no improvement for 6 epochs)
Epoch 58/300 | train: 0.001265 | val: 0.000856 | lr: 1.25e-05 (no improvement for 7 epochs)
Epoch 59/300 | train: 0.001234 | val: 0.000893 | lr: 1.25e-05 (no improvement for 8 epochs)
Epoch 60/300 | train: 0.001201 | val: 0.000839 | lr: 1.25e-05 (no improvement for 9 epochs)
Epoch 61/300 | train: 0.001195 | val: 0.000857 | lr: 1.25e-05 (no improvement for 10 epochs)
Epoch 62/300 | train: 0.001192 | val: 0.000836 | lr: 1.25e-05 (no improvement for 11 epochs)
Epoch 63/300 | train: 0.001182 | val: 0.000772 | lr: 1.25e-05 ✓ best
Epoch 64/300 | train: 0.001183 | val: 0.000830 | lr: 1.25e-05 (no improvement for 1 epochs)
Epoch 65/300 | train: 0.001178 | val: 0.000797 | lr: 1.25e-05 (no improvement for 2 epochs)
Epoch 66/300 | train: 0.001177 | val: 0.000864 | lr: 1.25e-05 (no improvement for 3 epochs)
Epoch 67/300 | train: 0.001173 | val: 0.001009 | lr: 1.25e-05 (no improvement for 4 epochs)
Epoch 68/300 | train: 0.001168 | val: 0.000852 | lr: 1.25e-05 (no improvement for 5 epochs)
Epoch 69/300 | train: 0.001168 | val: 0.000851 | lr: 1.25e-05 (no improvement for 6 epochs)
Epoch 70/300 | train: 0.001159 | val: 0.000880 | lr: 6.25e-06 (no improvement for 7 epochs)
Epoch 71/300 | train: 0.001151 | val: 0.000830 | lr: 6.25e-06 (no improvement for 8 epochs)
Epoch 72/300 | train: 0.001134 | val: 0.000841 | lr: 6.25e-06 (no improvement for 9 epochs)
Epoch 73/300 | train: 0.001134 | val: 0.000814 | lr: 6.25e-06 (no improvement for 10 epochs)
Epoch 74/300 | train: 0.001137 | val: 0.000792 | lr: 6.25e-06 (no improvement for 11 epochs)
Epoch 75/300 | train: 0.001127 | val: 0.000842 | lr: 6.25e-06 (no improvement for 12 epochs)
Epoch 76/300 | train: 0.001128 | val: 0.000806 | lr: 6.25e-06 (no improvement for 13 epochs)
Epoch 77/300 | train: 0.001122 | val: 0.000800 | lr: 3.13e-06 (no improvement for 14 epochs)
Epoch 78/300 | train: 0.001116 | val: 0.000859 | lr: 3.13e-06 (no improvement for 15 epochs)
Epoch 79/300 | train: 0.001109 | val: 0.000825 | lr: 3.13e-06 (no improvement for 16 epochs)
Epoch 80/300 | train: 0.001109 | val: 0.000797 | lr: 3.13e-06 (no improvement for 17 epochs)
Epoch 81/300 | train: 0.001109 | val: 0.000852 | lr: 3.13e-06 (no improvement for 18 epochs)
Epoch 82/300 | train: 0.001106 | val: 0.000848 | lr: 3.13e-06 (no improvement for 19 epochs)
Epoch 83/300 | train: 0.001114 | val: 0.000847 | lr: 3.13e-06 (no improvement for 20 epochs)
Epoch 84/300 | train: 0.001110 | val: 0.000814 | lr: 1.56e-06 (no improvement for 21 epochs)
Epoch 85/300 | train: 0.001105 | val: 0.000831 | lr: 1.56e-06 (no improvement for 22 epochs)
Epoch 86/300 | train: 0.001104 | val: 0.000827 | lr: 1.56e-06 (no improvement for 23 epochs)
Epoch 87/300 | train: 0.001101 | val: 0.000839 | lr: 1.56e-06 (no improvement for 24 epochs)
Epoch 88/300 | train: 0.001103 | val: 0.000841 | lr: 1.56e-06 (no improvement for 25 epochs)
Epoch 89/300 | train: 0.001099 | val: 0.000835 | lr: 1.56e-06 (no improvement for 26 epochs)
Epoch 90/300 | train: 0.001098 | val: 0.000804 | lr: 1.56e-06 (no improvement for 27 epochs)
Epoch 91/300 | train: 0.001099 | val: 0.000837 | lr: 7.81e-07 (no improvement for 28 epochs)
Epoch 92/300 | train: 0.001103 | val: 0.000843 | lr: 7.81e-07 (no improvement for 29 epochs)
Epoch 93/300 | train: 0.001103 | val: 0.000823 | lr: 7.81e-07 (no improvement for 30 epochs)

Early stopping at epoch 93. Best epoch: 63 (val loss: 0.000772).
Loss plot saved: /home/renku/work/SDSC-IRM/results/0_tempo/AE_AE3dFCDeep_VAE_200patients_splitdefault_60dims_aiagent_existing_AE3dFCDeep_VAE_train_val_loss.png
[train] R2 mean=0.8686 std=0.0471 | MSE mean=248.252228
[validation] R2 mean=0.7705 std=0.1177 | MSE mean=170.598602
[test] R2 mean=0.8006 std=0.0740 | MSE mean=199.244446

============================================================
Model: AE3dFCDeep_VAE | latent_dim: 240
============================================================
Training AE3dFCDeep_VAE | device=cuda | batch_size=1 | patience=30 | max_epochs=300
Epoch 1/300 | train: 0.185018 | val: 0.109269 | lr: 5.00e-05 ✓ best
Epoch 2/300 | train: 0.068197 | val: 0.039987 | lr: 5.00e-05 ✓ best
Epoch 3/300 | train: 0.029236 | val: 0.019821 | lr: 5.00e-05 ✓ best
Epoch 4/300 | train: 0.016583 | val: 0.011672 | lr: 5.00e-05 ✓ best
Epoch 5/300 | train: 0.011077 | val: 0.007992 | lr: 5.00e-05 ✓ best
Epoch 6/300 | train: 0.008403 | val: 0.005802 | lr: 5.00e-05 ✓ best
Epoch 7/300 | train: 0.006484 | val: 0.004586 | lr: 5.00e-05 ✓ best
Epoch 8/300 | train: 0.005225 | val: 0.004008 | lr: 5.00e-05 ✓ best
Epoch 9/300 | train: 0.004447 | val: 0.003382 | lr: 5.00e-05 ✓ best
Epoch 10/300 | train: 0.004142 | val: 0.002835 | lr: 5.00e-05 ✓ best
Epoch 11/300 | train: 0.003445 | val: 0.002441 | lr: 5.00e-05 ✓ best
Epoch 12/300 | train: 0.003155 | val: 0.002088 | lr: 5.00e-05 ✓ best
Epoch 13/300 | train: 0.002866 | val: 0.001997 | lr: 5.00e-05 ✓ best
Epoch 14/300 | train: 0.002639 | val: 0.001848 | lr: 5.00e-05 ✓ best
Epoch 15/300 | train: 0.002443 | val: 0.001740 | lr: 5.00e-05 ✓ best
Epoch 16/300 | train: 0.002348 | val: 0.001514 | lr: 5.00e-05 ✓ best
Epoch 17/300 | train: 0.002230 | val: 0.001694 | lr: 5.00e-05 (no improvement for 1 epochs)
Epoch 18/300 | train: 0.002153 | val: 0.001343 | lr: 5.00e-05 ✓ best
Epoch 19/300 | train: 0.002080 | val: 0.001327 | lr: 5.00e-05 ✓ best
Epoch 20/300 | train: 0.002240 | val: 0.001263 | lr: 5.00e-05 ✓ best
Epoch 21/300 | train: 0.001981 | val: 0.001153 | lr: 5.00e-05 ✓ best
Epoch 22/300 | train: 0.001902 | val: 0.001149 | lr: 5.00e-05 ✓ best
Epoch 23/300 | train: 0.001804 | val: 0.001101 | lr: 5.00e-05 ✓ best
Epoch 24/300 | train: 0.001841 | val: 0.001027 | lr: 5.00e-05 ✓ best
Epoch 25/300 | train: 0.001795 | val: 0.001114 | lr: 5.00e-05 (no improvement for 1 epochs)
Epoch 26/300 | train: 0.001679 | val: 0.001017 | lr: 5.00e-05 ✓ best
Epoch 27/300 | train: 0.001714 | val: 0.001036 | lr: 5.00e-05 (no improvement for 1 epochs)
Epoch 28/300 | train: 0.001740 | val: 0.000930 | lr: 5.00e-05 ✓ best
Epoch 29/300 | train: 0.001651 | val: 0.001103 | lr: 5.00e-05 (no improvement for 1 epochs)
Epoch 30/300 | train: 0.001590 | val: 0.000997 | lr: 5.00e-05 (no improvement for 2 epochs)
Epoch 31/300 | train: 0.001536 | val: 0.000956 | lr: 5.00e-05 (no improvement for 3 epochs)
Epoch 32/300 | train: 0.001498 | val: 0.000937 | lr: 5.00e-05 (no improvement for 4 epochs)
Epoch 33/300 | train: 0.001523 | val: 0.000982 | lr: 5.00e-05 (no improvement for 5 epochs)
Epoch 34/300 | train: 0.001563 | val: 0.001036 | lr: 5.00e-05 (no improvement for 6 epochs)
Epoch 35/300 | train: 0.001562 | val: 0.001138 | lr: 2.50e-05 (no improvement for 7 epochs)
Epoch 36/300 | train: 0.001453 | val: 0.000954 | lr: 2.50e-05 (no improvement for 8 epochs)
Epoch 37/300 | train: 0.001379 | val: 0.000901 | lr: 2.50e-05 ✓ best
Epoch 38/300 | train: 0.001350 | val: 0.000860 | lr: 2.50e-05 ✓ best
Epoch 39/300 | train: 0.001341 | val: 0.000951 | lr: 2.50e-05 (no improvement for 1 epochs)
Epoch 40/300 | train: 0.001325 | val: 0.000883 | lr: 2.50e-05 (no improvement for 2 epochs)
Epoch 41/300 | train: 0.001332 | val: 0.000956 | lr: 2.50e-05 (no improvement for 3 epochs)
Epoch 42/300 | train: 0.001308 | val: 0.000847 | lr: 2.50e-05 ✓ best
Epoch 43/300 | train: 0.001315 | val: 0.000987 | lr: 2.50e-05 (no improvement for 1 epochs)
Epoch 44/300 | train: 0.001306 | val: 0.000877 | lr: 2.50e-05 (no improvement for 2 epochs)
Epoch 45/300 | train: 0.001322 | val: 0.000933 | lr: 2.50e-05 (no improvement for 3 epochs)
Epoch 46/300 | train: 0.001294 | val: 0.000884 | lr: 2.50e-05 (no improvement for 4 epochs)
Epoch 47/300 | train: 0.001309 | val: 0.001007 | lr: 2.50e-05 (no improvement for 5 epochs)
Epoch 48/300 | train: 0.001287 | val: 0.000986 | lr: 2.50e-05 (no improvement for 6 epochs)
Epoch 49/300 | train: 0.001266 | val: 0.001018 | lr: 1.25e-05 (no improvement for 7 epochs)
Epoch 50/300 | train: 0.001238 | val: 0.000943 | lr: 1.25e-05 (no improvement for 8 epochs)
Epoch 51/300 | train: 0.001212 | val: 0.000901 | lr: 1.25e-05 (no improvement for 9 epochs)
Epoch 52/300 | train: 0.001207 | val: 0.000875 | lr: 1.25e-05 (no improvement for 10 epochs)
Epoch 53/300 | train: 0.001196 | val: 0.000922 | lr: 1.25e-05 (no improvement for 11 epochs)
Epoch 54/300 | train: 0.001186 | val: 0.000869 | lr: 1.25e-05 (no improvement for 12 epochs)
Epoch 55/300 | train: 0.001177 | val: 0.000952 | lr: 1.25e-05 (no improvement for 13 epochs)
Epoch 56/300 | train: 0.001175 | val: 0.000878 | lr: 6.25e-06 (no improvement for 14 epochs)
Epoch 57/300 | train: 0.001163 | val: 0.000882 | lr: 6.25e-06 (no improvement for 15 epochs)
Epoch 58/300 | train: 0.001161 | val: 0.000845 | lr: 6.25e-06 ✓ best
Epoch 59/300 | train: 0.001148 | val: 0.000851 | lr: 6.25e-06 (no improvement for 1 epochs)
Epoch 60/300 | train: 0.001158 | val: 0.000866 | lr: 6.25e-06 (no improvement for 2 epochs)
Epoch 61/300 | train: 0.001145 | val: 0.000908 | lr: 6.25e-06 (no improvement for 3 epochs)
Epoch 62/300 | train: 0.001145 | val: 0.000858 | lr: 6.25e-06 (no improvement for 4 epochs)
Epoch 63/300 | train: 0.001143 | val: 0.000839 | lr: 6.25e-06 ✓ best
Epoch 64/300 | train: 0.001144 | val: 0.000898 | lr: 6.25e-06 (no improvement for 1 epochs)
Epoch 65/300 | train: 0.001134 | val: 0.000847 | lr: 6.25e-06 (no improvement for 2 epochs)
Epoch 66/300 | train: 0.001131 | val: 0.000892 | lr: 6.25e-06 (no improvement for 3 epochs)
Epoch 67/300 | train: 0.001133 | val: 0.000943 | lr: 6.25e-06 (no improvement for 4 epochs)
Epoch 68/300 | train: 0.001126 | val: 0.000884 | lr: 6.25e-06 (no improvement for 5 epochs)
Epoch 69/300 | train: 0.001121 | val: 0.000924 | lr: 6.25e-06 (no improvement for 6 epochs)
Epoch 70/300 | train: 0.001121 | val: 0.000879 | lr: 3.13e-06 (no improvement for 7 epochs)
Epoch 71/300 | train: 0.001119 | val: 0.000838 | lr: 3.13e-06 ✓ best
Epoch 72/300 | train: 0.001107 | val: 0.000887 | lr: 3.13e-06 (no improvement for 1 epochs)
Epoch 73/300 | train: 0.001111 | val: 0.000895 | lr: 3.13e-06 (no improvement for 2 epochs)
Epoch 74/300 | train: 0.001104 | val: 0.000861 | lr: 3.13e-06 (no improvement for 3 epochs)
Epoch 75/300 | train: 0.001104 | val: 0.000850 | lr: 3.13e-06 (no improvement for 4 epochs)
Epoch 76/300 | train: 0.001104 | val: 0.000832 | lr: 3.13e-06 ✓ best
Epoch 77/300 | train: 0.001102 | val: 0.000887 | lr: 3.13e-06 (no improvement for 1 epochs)
Epoch 78/300 | train: 0.001099 | val: 0.000887 | lr: 3.13e-06 (no improvement for 2 epochs)
Epoch 79/300 | train: 0.001100 | val: 0.000854 | lr: 3.13e-06 (no improvement for 3 epochs)
Epoch 80/300 | train: 0.001096 | val: 0.000892 | lr: 3.13e-06 (no improvement for 4 epochs)
Epoch 81/300 | train: 0.001099 | val: 0.000879 | lr: 3.13e-06 (no improvement for 5 epochs)
Epoch 82/300 | train: 0.001092 | val: 0.000871 | lr: 3.13e-06 (no improvement for 6 epochs)
Epoch 83/300 | train: 0.001093 | val: 0.000857 | lr: 1.56e-06 (no improvement for 7 epochs)
Epoch 84/300 | train: 0.001084 | val: 0.000868 | lr: 1.56e-06 (no improvement for 8 epochs)
Epoch 85/300 | train: 0.001086 | val: 0.000872 | lr: 1.56e-06 (no improvement for 9 epochs)
Epoch 86/300 | train: 0.001084 | val: 0.000847 | lr: 1.56e-06 (no improvement for 10 epochs)
Epoch 87/300 | train: 0.001085 | val: 0.000856 | lr: 1.56e-06 (no improvement for 11 epochs)
Epoch 88/300 | train: 0.001083 | val: 0.000865 | lr: 1.56e-06 (no improvement for 12 epochs)
Epoch 89/300 | train: 0.001085 | val: 0.000871 | lr: 1.56e-06 (no improvement for 13 epochs)
Epoch 90/300 | train: 0.001079 | val: 0.000864 | lr: 7.81e-07 (no improvement for 14 epochs)
Epoch 91/300 | train: 0.001083 | val: 0.000873 | lr: 7.81e-07 (no improvement for 15 epochs)
Epoch 92/300 | train: 0.001074 | val: 0.000846 | lr: 7.81e-07 (no improvement for 16 epochs)
Epoch 93/300 | train: 0.001081 | val: 0.000867 | lr: 7.81e-07 (no improvement for 17 epochs)
Epoch 94/300 | train: 0.001080 | val: 0.000868 | lr: 7.81e-07 (no improvement for 18 epochs)
Epoch 95/300 | train: 0.001080 | val: 0.000885 | lr: 7.81e-07 (no improvement for 19 epochs)
Epoch 96/300 | train: 0.001078 | val: 0.000859 | lr: 7.81e-07 (no improvement for 20 epochs)
Epoch 97/300 | train: 0.001076 | val: 0.000869 | lr: 3.91e-07 (no improvement for 21 epochs)
Epoch 98/300 | train: 0.001075 | val: 0.000865 | lr: 3.91e-07 (no improvement for 22 epochs)
Epoch 99/300 | train: 0.001075 | val: 0.000891 | lr: 3.91e-07 (no improvement for 23 epochs)
Epoch 100/300 | train: 0.001078 | val: 0.000865 | lr: 3.91e-07 (no improvement for 24 epochs)
Epoch 101/300 | train: 0.001078 | val: 0.000868 | lr: 3.91e-07 (no improvement for 25 epochs)
Epoch 102/300 | train: 0.001075 | val: 0.000868 | lr: 3.91e-07 (no improvement for 26 epochs)
Epoch 103/300 | train: 0.001078 | val: 0.000867 | lr: 3.91e-07 (no improvement for 27 epochs)
Epoch 104/300 | train: 0.001077 | val: 0.000868 | lr: 1.95e-07 (no improvement for 28 epochs)
Epoch 105/300 | train: 0.001073 | val: 0.000865 | lr: 1.95e-07 (no improvement for 29 epochs)
Epoch 106/300 | train: 0.001074 | val: 0.000864 | lr: 1.95e-07 (no improvement for 30 epochs)

Early stopping at epoch 106. Best epoch: 76 (val loss: 0.000832).
Loss plot saved: /home/renku/work/SDSC-IRM/results/0_tempo/AE_AE3dFCDeep_VAE_200patients_splitdefault_240dims_aiagent_existing_AE3dFCDeep_VAE_train_val_loss.png
