None
Data loaded | train: 200 | val: 40 | test: 60 | split: splitdefault
/home/renku/work/.venv/lib/python3.13/site-packages/torch/nn/modules/linear.py:124: UserWarning: Initializing zero-element tensors is a no-op
  init.kaiming_uniform_(self.weight, a=math.sqrt(5))
Training AE3dDilatedDecoder | device=cuda | batch_size=1 | patience=30 | max_epochs=300
Epoch 1/300 | train: 0.133973 | val: 0.070053 | lr: 5.00e-05 ✓ best
Epoch 2/300 | train: 0.045057 | val: 0.027734 | lr: 5.00e-05 ✓ best
Epoch 3/300 | train: 0.021540 | val: 0.014803 | lr: 5.00e-05 ✓ best
Epoch 4/300 | train: 0.013152 | val: 0.009634 | lr: 5.00e-05 ✓ best
Epoch 5/300 | train: 0.009313 | val: 0.006774 | lr: 5.00e-05 ✓ best
Epoch 6/300 | train: 0.006998 | val: 0.005113 | lr: 5.00e-05 ✓ best
Epoch 7/300 | train: 0.005523 | val: 0.004127 | lr: 5.00e-05 ✓ best
Epoch 8/300 | train: 0.004597 | val: 0.004002 | lr: 5.00e-05 ✓ best
Epoch 9/300 | train: 0.004023 | val: 0.002790 | lr: 5.00e-05 ✓ best
Epoch 10/300 | train: 0.003370 | val: 0.002401 | lr: 5.00e-05 ✓ best
Epoch 11/300 | train: 0.002963 | val: 0.002022 | lr: 5.00e-05 ✓ best
Epoch 12/300 | train: 0.002644 | val: 0.001891 | lr: 5.00e-05 ✓ best
Epoch 13/300 | train: 0.002428 | val: 0.001863 | lr: 5.00e-05 ✓ best
Epoch 14/300 | train: 0.002272 | val: 0.001538 | lr: 5.00e-05 ✓ best
Epoch 15/300 | train: 0.002131 | val: 0.001564 | lr: 5.00e-05 (no improvement for 1 epochs)
Epoch 16/300 | train: 0.001971 | val: 0.001398 | lr: 5.00e-05 ✓ best
Epoch 17/300 | train: 0.001865 | val: 0.001537 | lr: 5.00e-05 (no improvement for 1 epochs)
Epoch 18/300 | train: 0.001862 | val: 0.001346 | lr: 5.00e-05 ✓ best
Epoch 19/300 | train: 0.001736 | val: 0.001121 | lr: 5.00e-05 ✓ best
Epoch 20/300 | train: 0.001630 | val: 0.001127 | lr: 5.00e-05 (no improvement for 1 epochs)
Epoch 21/300 | train: 0.001558 | val: 0.001130 | lr: 5.00e-05 (no improvement for 2 epochs)
Epoch 22/300 | train: 0.001507 | val: 0.001155 | lr: 5.00e-05 (no improvement for 3 epochs)
Epoch 23/300 | train: 0.001449 | val: 0.001040 | lr: 5.00e-05 ✓ best
Epoch 24/300 | train: 0.001433 | val: 0.000891 | lr: 5.00e-05 ✓ best
Epoch 25/300 | train: 0.001384 | val: 0.001017 | lr: 5.00e-05 (no improvement for 1 epochs)
Epoch 26/300 | train: 0.001396 | val: 0.000939 | lr: 5.00e-05 (no improvement for 2 epochs)
Epoch 27/300 | train: 0.001333 | val: 0.001004 | lr: 5.00e-05 (no improvement for 3 epochs)
Epoch 28/300 | train: 0.001305 | val: 0.000855 | lr: 5.00e-05 ✓ best
Epoch 29/300 | train: 0.001264 | val: 0.000844 | lr: 5.00e-05 ✓ best
Epoch 30/300 | train: 0.001270 | val: 0.000793 | lr: 5.00e-05 ✓ best
Epoch 31/300 | train: 0.001247 | val: 0.000911 | lr: 5.00e-05 (no improvement for 1 epochs)
Epoch 32/300 | train: 0.001197 | val: 0.000900 | lr: 5.00e-05 (no improvement for 2 epochs)
Epoch 33/300 | train: 0.001132 | val: 0.000939 | lr: 5.00e-05 (no improvement for 3 epochs)
Epoch 34/300 | train: 0.001126 | val: 0.000733 | lr: 5.00e-05 ✓ best
Epoch 35/300 | train: 0.001175 | val: 0.001036 | lr: 5.00e-05 (no improvement for 1 epochs)
Epoch 36/300 | train: 0.001110 | val: 0.000916 | lr: 5.00e-05 (no improvement for 2 epochs)
Epoch 37/300 | train: 0.001062 | val: 0.000827 | lr: 5.00e-05 (no improvement for 3 epochs)
Epoch 38/300 | train: 0.001045 | val: 0.000939 | lr: 5.00e-05 (no improvement for 4 epochs)
Epoch 39/300 | train: 0.001060 | val: 0.000744 | lr: 5.00e-05 (no improvement for 5 epochs)
Epoch 40/300 | train: 0.001091 | val: 0.000845 | lr: 5.00e-05 (no improvement for 6 epochs)
Epoch 41/300 | train: 0.001069 | val: 0.000776 | lr: 2.50e-05 (no improvement for 7 epochs)
Epoch 42/300 | train: 0.000976 | val: 0.000809 | lr: 2.50e-05 (no improvement for 8 epochs)
Epoch 43/300 | train: 0.000920 | val: 0.000790 | lr: 2.50e-05 (no improvement for 9 epochs)
Epoch 44/300 | train: 0.000904 | val: 0.000767 | lr: 2.50e-05 (no improvement for 10 epochs)
Epoch 45/300 | train: 0.000885 | val: 0.000788 | lr: 2.50e-05 (no improvement for 11 epochs)
Epoch 46/300 | train: 0.000875 | val: 0.000782 | lr: 2.50e-05 (no improvement for 12 epochs)
Epoch 47/300 | train: 0.000866 | val: 0.000777 | lr: 2.50e-05 (no improvement for 13 epochs)
Epoch 48/300 | train: 0.000859 | val: 0.000758 | lr: 1.25e-05 (no improvement for 14 epochs)
Epoch 49/300 | train: 0.000847 | val: 0.000777 | lr: 1.25e-05 (no improvement for 15 epochs)
Epoch 50/300 | train: 0.000834 | val: 0.000783 | lr: 1.25e-05 (no improvement for 16 epochs)
Epoch 51/300 | train: 0.000827 | val: 0.000780 | lr: 1.25e-05 (no improvement for 17 epochs)
Epoch 52/300 | train: 0.000821 | val: 0.000781 | lr: 1.25e-05 (no improvement for 18 epochs)
Epoch 53/300 | train: 0.000816 | val: 0.000773 | lr: 1.25e-05 (no improvement for 19 epochs)
Epoch 54/300 | train: 0.000810 | val: 0.000777 | lr: 1.25e-05 (no improvement for 20 epochs)
Epoch 55/300 | train: 0.000805 | val: 0.000782 | lr: 6.25e-06 (no improvement for 21 epochs)
Epoch 56/300 | train: 0.000799 | val: 0.000794 | lr: 6.25e-06 (no improvement for 22 epochs)
Epoch 57/300 | train: 0.000794 | val: 0.000779 | lr: 6.25e-06 (no improvement for 23 epochs)
Epoch 58/300 | train: 0.000791 | val: 0.000790 | lr: 6.25e-06 (no improvement for 24 epochs)
Epoch 59/300 | train: 0.000788 | val: 0.000787 | lr: 6.25e-06 (no improvement for 25 epochs)
Epoch 60/300 | train: 0.000784 | val: 0.000791 | lr: 6.25e-06 (no improvement for 26 epochs)
Epoch 61/300 | train: 0.000781 | val: 0.000777 | lr: 6.25e-06 (no improvement for 27 epochs)
Epoch 62/300 | train: 0.000778 | val: 0.000785 | lr: 3.13e-06 (no improvement for 28 epochs)
Epoch 63/300 | train: 0.000774 | val: 0.000792 | lr: 3.13e-06 (no improvement for 29 epochs)
Epoch 64/300 | train: 0.000772 | val: 0.000790 | lr: 3.13e-06 (no improvement for 30 epochs)

Early stopping at epoch 64. Best epoch: 34 (val loss: 0.000733).
/home/renku/work/SDSC-IRM/src/visualization/ae_plots.py:1115: UserWarning: Data has no positive values, and therefore cannot be log-scaled.
  ax2.set_yscale("log")
Loss plot saved: /home/renku/work/SDSC-IRM/results/0_tempo/AE_AE3dDilatedDecoder_200patients_splitdefault_120dims_aiagent_AE3dDilatedDecoder_train_val_loss.png
