None
Data loaded | train: 200 | val: 40 | test: 60 | split: splitdefault
/home/renku/work/.venv/lib/python3.13/site-packages/torch/nn/modules/linear.py:124: UserWarning: Initializing zero-element tensors is a no-op
  init.kaiming_uniform_(self.weight, a=math.sqrt(5))
Training AE3dStrided | device=cuda | batch_size=1 | patience=30 | max_epochs=300
Epoch 1/300 | train: 0.170601 | val: 0.104777 | lr: 5.00e-05 ✓ best
Epoch 2/300 | train: 0.077373 | val: 0.054524 | lr: 5.00e-05 ✓ best
Epoch 3/300 | train: 0.040178 | val: 0.028077 | lr: 5.00e-05 ✓ best
Epoch 4/300 | train: 0.022775 | val: 0.016458 | lr: 5.00e-05 ✓ best
Epoch 5/300 | train: 0.014991 | val: 0.011299 | lr: 5.00e-05 ✓ best
Epoch 6/300 | train: 0.010804 | val: 0.009135 | lr: 5.00e-05 ✓ best
Epoch 7/300 | train: 0.008310 | val: 0.006841 | lr: 5.00e-05 ✓ best
Epoch 8/300 | train: 0.006664 | val: 0.005749 | lr: 5.00e-05 ✓ best
Epoch 9/300 | train: 0.005675 | val: 0.004503 | lr: 5.00e-05 ✓ best
Epoch 10/300 | train: 0.004926 | val: 0.004088 | lr: 5.00e-05 ✓ best
Epoch 11/300 | train: 0.004245 | val: 0.003329 | lr: 5.00e-05 ✓ best
Epoch 12/300 | train: 0.003741 | val: 0.002861 | lr: 5.00e-05 ✓ best
Epoch 13/300 | train: 0.003284 | val: 0.002499 | lr: 5.00e-05 ✓ best
Epoch 14/300 | train: 0.002968 | val: 0.002396 | lr: 5.00e-05 ✓ best
Epoch 15/300 | train: 0.002721 | val: 0.002569 | lr: 5.00e-05 (no improvement for 1 epochs)
Epoch 16/300 | train: 0.002555 | val: 0.001909 | lr: 5.00e-05 ✓ best
Epoch 17/300 | train: 0.002381 | val: 0.002048 | lr: 5.00e-05 (no improvement for 1 epochs)
Epoch 18/300 | train: 0.002199 | val: 0.001794 | lr: 5.00e-05 ✓ best
Epoch 19/300 | train: 0.002039 | val: 0.001488 | lr: 5.00e-05 ✓ best
Epoch 20/300 | train: 0.001940 | val: 0.001444 | lr: 5.00e-05 ✓ best
Epoch 21/300 | train: 0.001882 | val: 0.001306 | lr: 5.00e-05 ✓ best
Epoch 22/300 | train: 0.001850 | val: 0.001460 | lr: 5.00e-05 (no improvement for 1 epochs)
Epoch 23/300 | train: 0.001752 | val: 0.001253 | lr: 5.00e-05 ✓ best
Epoch 24/300 | train: 0.001654 | val: 0.001447 | lr: 5.00e-05 (no improvement for 1 epochs)
Epoch 25/300 | train: 0.001606 | val: 0.001151 | lr: 5.00e-05 ✓ best
Epoch 26/300 | train: 0.001529 | val: 0.001058 | lr: 5.00e-05 ✓ best
Epoch 27/300 | train: 0.001506 | val: 0.001146 | lr: 5.00e-05 (no improvement for 1 epochs)
Epoch 28/300 | train: 0.001431 | val: 0.001202 | lr: 5.00e-05 (no improvement for 2 epochs)
Epoch 29/300 | train: 0.001386 | val: 0.001094 | lr: 5.00e-05 (no improvement for 3 epochs)
Epoch 30/300 | train: 0.001362 | val: 0.000987 | lr: 5.00e-05 ✓ best
Epoch 31/300 | train: 0.001297 | val: 0.001184 | lr: 5.00e-05 (no improvement for 1 epochs)
Epoch 32/300 | train: 0.001262 | val: 0.001176 | lr: 5.00e-05 (no improvement for 2 epochs)
Epoch 33/300 | train: 0.001194 | val: 0.001058 | lr: 5.00e-05 (no improvement for 3 epochs)
Epoch 34/300 | train: 0.001177 | val: 0.001139 | lr: 5.00e-05 (no improvement for 4 epochs)
Epoch 35/300 | train: 0.001170 | val: 0.001180 | lr: 5.00e-05 (no improvement for 5 epochs)
Epoch 36/300 | train: 0.001200 | val: 0.001092 | lr: 5.00e-05 (no improvement for 6 epochs)
Epoch 37/300 | train: 0.001156 | val: 0.000926 | lr: 5.00e-05 ✓ best
Epoch 38/300 | train: 0.001128 | val: 0.001104 | lr: 5.00e-05 (no improvement for 1 epochs)
Epoch 39/300 | train: 0.001038 | val: 0.000961 | lr: 5.00e-05 (no improvement for 2 epochs)
Epoch 40/300 | train: 0.000996 | val: 0.000913 | lr: 5.00e-05 ✓ best
Epoch 41/300 | train: 0.000990 | val: 0.001351 | lr: 5.00e-05 (no improvement for 1 epochs)
Epoch 42/300 | train: 0.001005 | val: 0.001054 | lr: 5.00e-05 (no improvement for 2 epochs)
Epoch 43/300 | train: 0.001085 | val: 0.001706 | lr: 5.00e-05 (no improvement for 3 epochs)
Epoch 44/300 | train: 0.001070 | val: 0.000980 | lr: 5.00e-05 (no improvement for 4 epochs)
Epoch 45/300 | train: 0.000980 | val: 0.001222 | lr: 5.00e-05 (no improvement for 5 epochs)
Epoch 46/300 | train: 0.000928 | val: 0.001011 | lr: 5.00e-05 (no improvement for 6 epochs)
Epoch 47/300 | train: 0.000889 | val: 0.001011 | lr: 2.50e-05 (no improvement for 7 epochs)
Epoch 48/300 | train: 0.000826 | val: 0.000910 | lr: 2.50e-05 ✓ best
Epoch 49/300 | train: 0.000743 | val: 0.000944 | lr: 2.50e-05 (no improvement for 1 epochs)
Epoch 50/300 | train: 0.000709 | val: 0.001000 | lr: 2.50e-05 (no improvement for 2 epochs)
Epoch 51/300 | train: 0.000690 | val: 0.001031 | lr: 2.50e-05 (no improvement for 3 epochs)
Epoch 52/300 | train: 0.000672 | val: 0.000951 | lr: 2.50e-05 (no improvement for 4 epochs)
Epoch 53/300 | train: 0.000661 | val: 0.000986 | lr: 2.50e-05 (no improvement for 5 epochs)
Epoch 54/300 | train: 0.000653 | val: 0.000938 | lr: 2.50e-05 (no improvement for 6 epochs)
Epoch 55/300 | train: 0.000654 | val: 0.000982 | lr: 1.25e-05 (no improvement for 7 epochs)
Epoch 56/300 | train: 0.000644 | val: 0.000995 | lr: 1.25e-05 (no improvement for 8 epochs)
Epoch 57/300 | train: 0.000615 | val: 0.000925 | lr: 1.25e-05 (no improvement for 9 epochs)
Epoch 58/300 | train: 0.000602 | val: 0.000984 | lr: 1.25e-05 (no improvement for 10 epochs)
Epoch 59/300 | train: 0.000594 | val: 0.000992 | lr: 1.25e-05 (no improvement for 11 epochs)
Epoch 60/300 | train: 0.000588 | val: 0.000983 | lr: 1.25e-05 (no improvement for 12 epochs)
Epoch 61/300 | train: 0.000581 | val: 0.000979 | lr: 1.25e-05 (no improvement for 13 epochs)
Epoch 62/300 | train: 0.000577 | val: 0.000979 | lr: 6.25e-06 (no improvement for 14 epochs)
Epoch 63/300 | train: 0.000567 | val: 0.000977 | lr: 6.25e-06 (no improvement for 15 epochs)
Epoch 64/300 | train: 0.000558 | val: 0.000979 | lr: 6.25e-06 (no improvement for 16 epochs)
Epoch 65/300 | train: 0.000552 | val: 0.000949 | lr: 6.25e-06 (no improvement for 17 epochs)
Epoch 66/300 | train: 0.000548 | val: 0.000982 | lr: 6.25e-06 (no improvement for 18 epochs)
Epoch 67/300 | train: 0.000544 | val: 0.000971 | lr: 6.25e-06 (no improvement for 19 epochs)
Epoch 68/300 | train: 0.000541 | val: 0.000979 | lr: 6.25e-06 (no improvement for 20 epochs)
Epoch 69/300 | train: 0.000537 | val: 0.000990 | lr: 3.13e-06 (no improvement for 21 epochs)
Epoch 70/300 | train: 0.000531 | val: 0.000979 | lr: 3.13e-06 (no improvement for 22 epochs)
Epoch 71/300 | train: 0.000528 | val: 0.000977 | lr: 3.13e-06 (no improvement for 23 epochs)
Epoch 72/300 | train: 0.000525 | val: 0.000976 | lr: 3.13e-06 (no improvement for 24 epochs)
Epoch 73/300 | train: 0.000524 | val: 0.000989 | lr: 3.13e-06 (no improvement for 25 epochs)
Epoch 74/300 | train: 0.000521 | val: 0.000988 | lr: 3.13e-06 (no improvement for 26 epochs)
Epoch 75/300 | train: 0.000519 | val: 0.000977 | lr: 3.13e-06 (no improvement for 27 epochs)
Epoch 76/300 | train: 0.000517 | val: 0.000986 | lr: 1.56e-06 (no improvement for 28 epochs)
Epoch 77/300 | train: 0.000514 | val: 0.000975 | lr: 1.56e-06 (no improvement for 29 epochs)
Epoch 78/300 | train: 0.000512 | val: 0.000979 | lr: 1.56e-06 (no improvement for 30 epochs)

Early stopping at epoch 78. Best epoch: 48 (val loss: 0.000910).
/home/renku/work/SDSC-IRM/src/visualization/ae_plots.py:1115: UserWarning: Data has no positive values, and therefore cannot be log-scaled.
  ax2.set_yscale("log")
Loss plot saved: /home/renku/work/SDSC-IRM/results/0_tempo/AE_AE3dStrided_200patients_splitdefault_120dims_aiagent_AE3dStrided_train_val_loss.png
