None
Data loaded | train: 200 | val: 40 | test: 60 | split: splitdefault

============================================================
Model: AE3dDilatedAttention | latent_dim: 8
============================================================
/home/renku/work/.venv/lib/python3.13/site-packages/torch/nn/modules/linear.py:124: UserWarning: Initializing zero-element tensors is a no-op
  init.kaiming_uniform_(self.weight, a=math.sqrt(5))
Training AE3dDilatedAttention | device=cuda | batch_size=1 | patience=30 | max_epochs=300
Epoch 1/300 | train: 0.154086 | val: 0.082191 | lr: 5.00e-05 ✓ best
Epoch 2/300 | train: 0.052705 | val: 0.032477 | lr: 5.00e-05 ✓ best
Epoch 3/300 | train: 0.024591 | val: 0.016828 | lr: 5.00e-05 ✓ best
Epoch 4/300 | train: 0.014757 | val: 0.010803 | lr: 5.00e-05 ✓ best
Epoch 5/300 | train: 0.010221 | val: 0.007425 | lr: 5.00e-05 ✓ best
Epoch 6/300 | train: 0.007723 | val: 0.006131 | lr: 5.00e-05 ✓ best
Epoch 7/300 | train: 0.006077 | val: 0.005886 | lr: 5.00e-05 ✓ best
Epoch 8/300 | train: 0.005063 | val: 0.004346 | lr: 5.00e-05 ✓ best
Epoch 9/300 | train: 0.004379 | val: 0.003284 | lr: 5.00e-05 ✓ best
Epoch 10/300 | train: 0.003667 | val: 0.002608 | lr: 5.00e-05 ✓ best
Epoch 11/300 | train: 0.003263 | val: 0.002369 | lr: 5.00e-05 ✓ best
Epoch 12/300 | train: 0.002949 | val: 0.001998 | lr: 5.00e-05 ✓ best
Epoch 13/300 | train: 0.002657 | val: 0.002391 | lr: 5.00e-05 (no improvement for 1 epochs)
Epoch 14/300 | train: 0.002460 | val: 0.001627 | lr: 5.00e-05 ✓ best
Epoch 15/300 | train: 0.002303 | val: 0.001633 | lr: 5.00e-05 (no improvement for 1 epochs)
Epoch 16/300 | train: 0.002157 | val: 0.001721 | lr: 5.00e-05 (no improvement for 2 epochs)
Epoch 17/300 | train: 0.002109 | val: 0.001497 | lr: 5.00e-05 ✓ best
Epoch 18/300 | train: 0.002007 | val: 0.001528 | lr: 5.00e-05 (no improvement for 1 epochs)
Epoch 19/300 | train: 0.001976 | val: 0.001612 | lr: 5.00e-05 (no improvement for 2 epochs)
Epoch 20/300 | train: 0.001796 | val: 0.001568 | lr: 5.00e-05 (no improvement for 3 epochs)
Epoch 21/300 | train: 0.001749 | val: 0.001224 | lr: 5.00e-05 ✓ best
Epoch 22/300 | train: 0.001643 | val: 0.001592 | lr: 5.00e-05 (no improvement for 1 epochs)
Epoch 23/300 | train: 0.001574 | val: 0.001298 | lr: 5.00e-05 (no improvement for 2 epochs)
Epoch 24/300 | train: 0.001541 | val: 0.001155 | lr: 5.00e-05 ✓ best
Epoch 25/300 | train: 0.001519 | val: 0.001045 | lr: 5.00e-05 ✓ best
Epoch 26/300 | train: 0.001621 | val: 0.000978 | lr: 5.00e-05 ✓ best
Epoch 27/300 | train: 0.001506 | val: 0.001008 | lr: 5.00e-05 (no improvement for 1 epochs)
Epoch 28/300 | train: 0.001447 | val: 0.001167 | lr: 5.00e-05 (no improvement for 2 epochs)
Epoch 29/300 | train: 0.001602 | val: 0.001002 | lr: 5.00e-05 (no improvement for 3 epochs)
Epoch 30/300 | train: 0.001507 | val: 0.000995 | lr: 5.00e-05 (no improvement for 4 epochs)
Epoch 31/300 | train: 0.001383 | val: 0.000881 | lr: 5.00e-05 ✓ best
Epoch 32/300 | train: 0.001372 | val: 0.000947 | lr: 5.00e-05 (no improvement for 1 epochs)
Epoch 33/300 | train: 0.001313 | val: 0.001040 | lr: 5.00e-05 (no improvement for 2 epochs)
Epoch 34/300 | train: 0.001385 | val: 0.000928 | lr: 5.00e-05 (no improvement for 3 epochs)
Epoch 35/300 | train: 0.001374 | val: 0.000862 | lr: 5.00e-05 ✓ best
Epoch 36/300 | train: 0.001265 | val: 0.000957 | lr: 5.00e-05 (no improvement for 1 epochs)
Epoch 37/300 | train: 0.001230 | val: 0.000829 | lr: 5.00e-05 ✓ best
Epoch 38/300 | train: 0.001236 | val: 0.001045 | lr: 5.00e-05 (no improvement for 1 epochs)
Epoch 39/300 | train: 0.001232 | val: 0.000919 | lr: 5.00e-05 (no improvement for 2 epochs)
Epoch 40/300 | train: 0.001223 | val: 0.000775 | lr: 5.00e-05 ✓ best
Epoch 41/300 | train: 0.001207 | val: 0.000812 | lr: 5.00e-05 (no improvement for 1 epochs)
Epoch 42/300 | train: 0.001185 | val: 0.000986 | lr: 5.00e-05 (no improvement for 2 epochs)
Epoch 43/300 | train: 0.001148 | val: 0.000875 | lr: 5.00e-05 (no improvement for 3 epochs)
Epoch 44/300 | train: 0.001119 | val: 0.000760 | lr: 5.00e-05 ✓ best
Epoch 45/300 | train: 0.001122 | val: 0.001129 | lr: 5.00e-05 (no improvement for 1 epochs)
Epoch 46/300 | train: 0.001102 | val: 0.000980 | lr: 5.00e-05 (no improvement for 2 epochs)
Epoch 47/300 | train: 0.001128 | val: 0.000720 | lr: 5.00e-05 ✓ best
Epoch 48/300 | train: 0.001135 | val: 0.000875 | lr: 5.00e-05 (no improvement for 1 epochs)
Epoch 49/300 | train: 0.001089 | val: 0.000766 | lr: 5.00e-05 (no improvement for 2 epochs)
Epoch 50/300 | train: 0.001136 | val: 0.000858 | lr: 5.00e-05 (no improvement for 3 epochs)
Epoch 51/300 | train: 0.001126 | val: 0.000861 | lr: 5.00e-05 (no improvement for 4 epochs)
Epoch 52/300 | train: 0.001085 | val: 0.000968 | lr: 5.00e-05 (no improvement for 5 epochs)
Epoch 53/300 | train: 0.001086 | val: 0.000893 | lr: 5.00e-05 (no improvement for 6 epochs)
Epoch 54/300 | train: 0.001054 | val: 0.000919 | lr: 2.50e-05 (no improvement for 7 epochs)
Epoch 55/300 | train: 0.000968 | val: 0.000886 | lr: 2.50e-05 (no improvement for 8 epochs)
Epoch 56/300 | train: 0.000929 | val: 0.000839 | lr: 2.50e-05 (no improvement for 9 epochs)
Epoch 57/300 | train: 0.000911 | val: 0.000920 | lr: 2.50e-05 (no improvement for 10 epochs)
Epoch 58/300 | train: 0.000900 | val: 0.000867 | lr: 2.50e-05 (no improvement for 11 epochs)
Epoch 59/300 | train: 0.000890 | val: 0.000864 | lr: 2.50e-05 (no improvement for 12 epochs)
Epoch 60/300 | train: 0.000883 | val: 0.000873 | lr: 2.50e-05 (no improvement for 13 epochs)
Epoch 61/300 | train: 0.000877 | val: 0.000890 | lr: 1.25e-05 (no improvement for 14 epochs)
Epoch 62/300 | train: 0.000863 | val: 0.000921 | lr: 1.25e-05 (no improvement for 15 epochs)
Epoch 63/300 | train: 0.000853 | val: 0.000887 | lr: 1.25e-05 (no improvement for 16 epochs)
Epoch 64/300 | train: 0.000848 | val: 0.000883 | lr: 1.25e-05 (no improvement for 17 epochs)
Epoch 65/300 | train: 0.000843 | val: 0.000876 | lr: 1.25e-05 (no improvement for 18 epochs)
Epoch 66/300 | train: 0.000839 | val: 0.000879 | lr: 1.25e-05 (no improvement for 19 epochs)
Epoch 67/300 | train: 0.000834 | val: 0.000901 | lr: 1.25e-05 (no improvement for 20 epochs)
Epoch 68/300 | train: 0.000831 | val: 0.000896 | lr: 6.25e-06 (no improvement for 21 epochs)
Epoch 69/300 | train: 0.000823 | val: 0.000895 | lr: 6.25e-06 (no improvement for 22 epochs)
Epoch 70/300 | train: 0.000818 | val: 0.000888 | lr: 6.25e-06 (no improvement for 23 epochs)
Epoch 71/300 | train: 0.000815 | val: 0.000888 | lr: 6.25e-06 (no improvement for 24 epochs)
Epoch 72/300 | train: 0.000812 | val: 0.000908 | lr: 6.25e-06 (no improvement for 25 epochs)
Epoch 73/300 | train: 0.000810 | val: 0.000911 | lr: 6.25e-06 (no improvement for 26 epochs)
Epoch 74/300 | train: 0.000807 | val: 0.000905 | lr: 6.25e-06 (no improvement for 27 epochs)
Epoch 75/300 | train: 0.000805 | val: 0.000881 | lr: 3.13e-06 (no improvement for 28 epochs)
Epoch 76/300 | train: 0.000800 | val: 0.000913 | lr: 3.13e-06 (no improvement for 29 epochs)
Epoch 77/300 | train: 0.000798 | val: 0.000904 | lr: 3.13e-06 (no improvement for 30 epochs)

Early stopping at epoch 77. Best epoch: 47 (val loss: 0.000720).
/home/renku/work/SDSC-IRM/src/visualization/ae_plots.py:1115: UserWarning: Data has no positive values, and therefore cannot be log-scaled.
  ax2.set_yscale("log")
Loss plot saved: /home/renku/work/SDSC-IRM/results/0_tempo/AE_AE3dDilatedAttention_200patients_splitdefault_8dims_aiagent_existing_AE3dDilatedAttention_train_val_loss.png
[train] R2 mean=0.8374 std=0.0483 | MSE mean=301.176178
[validation] R2 mean=0.7399 std=0.1440 | MSE mean=189.887955
[test] R2 mean=0.7758 std=0.1000 | MSE mean=226.252274

============================================================
Model: AE3dDilatedAttention | latent_dim: 60
============================================================
/home/renku/work/.venv/lib/python3.13/site-packages/torch/nn/modules/linear.py:124: UserWarning: Initializing zero-element tensors is a no-op
  init.kaiming_uniform_(self.weight, a=math.sqrt(5))
Training AE3dDilatedAttention | device=cuda | batch_size=1 | patience=30 | max_epochs=300
Epoch 1/300 | train: 0.127470 | val: 0.067212 | lr: 5.00e-05 ✓ best
Epoch 2/300 | train: 0.044387 | val: 0.027145 | lr: 5.00e-05 ✓ best
Epoch 3/300 | train: 0.021173 | val: 0.015018 | lr: 5.00e-05 ✓ best
Epoch 4/300 | train: 0.012670 | val: 0.009429 | lr: 5.00e-05 ✓ best
Epoch 5/300 | train: 0.008683 | val: 0.006593 | lr: 5.00e-05 ✓ best
Epoch 6/300 | train: 0.006599 | val: 0.004930 | lr: 5.00e-05 ✓ best
Epoch 7/300 | train: 0.005190 | val: 0.004180 | lr: 5.00e-05 ✓ best
Epoch 8/300 | train: 0.004258 | val: 0.003426 | lr: 5.00e-05 ✓ best
Epoch 9/300 | train: 0.003638 | val: 0.002547 | lr: 5.00e-05 ✓ best
Epoch 10/300 | train: 0.003162 | val: 0.002386 | lr: 5.00e-05 ✓ best
Epoch 11/300 | train: 0.002864 | val: 0.002131 | lr: 5.00e-05 ✓ best
Epoch 12/300 | train: 0.002580 | val: 0.001665 | lr: 5.00e-05 ✓ best
Epoch 13/300 | train: 0.002386 | val: 0.001700 | lr: 5.00e-05 (no improvement for 1 epochs)
Epoch 14/300 | train: 0.002270 | val: 0.001487 | lr: 5.00e-05 ✓ best
Epoch 15/300 | train: 0.002078 | val: 0.001464 | lr: 5.00e-05 ✓ best
Epoch 16/300 | train: 0.001989 | val: 0.001258 | lr: 5.00e-05 ✓ best
Epoch 17/300 | train: 0.001985 | val: 0.001329 | lr: 5.00e-05 (no improvement for 1 epochs)
Epoch 18/300 | train: 0.001809 | val: 0.001429 | lr: 5.00e-05 (no improvement for 2 epochs)
Epoch 19/300 | train: 0.001658 | val: 0.001047 | lr: 5.00e-05 ✓ best
Epoch 20/300 | train: 0.001612 | val: 0.001084 | lr: 5.00e-05 (no improvement for 1 epochs)
Epoch 21/300 | train: 0.001574 | val: 0.001082 | lr: 5.00e-05 (no improvement for 2 epochs)
Epoch 22/300 | train: 0.001584 | val: 0.001004 | lr: 5.00e-05 ✓ best
Epoch 23/300 | train: 0.001489 | val: 0.000955 | lr: 5.00e-05 ✓ best
Epoch 24/300 | train: 0.001488 | val: 0.001112 | lr: 5.00e-05 (no improvement for 1 epochs)
Epoch 25/300 | train: 0.001470 | val: 0.000884 | lr: 5.00e-05 ✓ best
Epoch 26/300 | train: 0.001397 | val: 0.000994 | lr: 5.00e-05 (no improvement for 1 epochs)
Epoch 27/300 | train: 0.001329 | val: 0.000999 | lr: 5.00e-05 (no improvement for 2 epochs)
Epoch 28/300 | train: 0.001269 | val: 0.000967 | lr: 5.00e-05 (no improvement for 3 epochs)
Epoch 29/300 | train: 0.001325 | val: 0.001011 | lr: 5.00e-05 (no improvement for 4 epochs)
Epoch 30/300 | train: 0.001261 | val: 0.001002 | lr: 5.00e-05 (no improvement for 5 epochs)
Epoch 31/300 | train: 0.001227 | val: 0.000849 | lr: 5.00e-05 ✓ best
Epoch 32/300 | train: 0.001190 | val: 0.000916 | lr: 5.00e-05 (no improvement for 1 epochs)
Epoch 33/300 | train: 0.001183 | val: 0.000908 | lr: 5.00e-05 (no improvement for 2 epochs)
Epoch 34/300 | train: 0.001178 | val: 0.000781 | lr: 5.00e-05 ✓ best
Epoch 35/300 | train: 0.001129 | val: 0.000724 | lr: 5.00e-05 ✓ best
Epoch 36/300 | train: 0.001134 | val: 0.000979 | lr: 5.00e-05 (no improvement for 1 epochs)
Epoch 37/300 | train: 0.001108 | val: 0.000784 | lr: 5.00e-05 (no improvement for 2 epochs)
Epoch 38/300 | train: 0.001095 | val: 0.000765 | lr: 5.00e-05 (no improvement for 3 epochs)
Epoch 39/300 | train: 0.001141 | val: 0.000768 | lr: 5.00e-05 (no improvement for 4 epochs)
Epoch 40/300 | train: 0.001110 | val: 0.000794 | lr: 5.00e-05 (no improvement for 5 epochs)
Epoch 41/300 | train: 0.001073 | val: 0.000798 | lr: 5.00e-05 (no improvement for 6 epochs)
Epoch 42/300 | train: 0.001083 | val: 0.000908 | lr: 2.50e-05 (no improvement for 7 epochs)
Epoch 43/300 | train: 0.001065 | val: 0.000690 | lr: 2.50e-05 ✓ best
Epoch 44/300 | train: 0.000955 | val: 0.000842 | lr: 2.50e-05 (no improvement for 1 epochs)
Epoch 45/300 | train: 0.000921 | val: 0.000740 | lr: 2.50e-05 (no improvement for 2 epochs)
Epoch 46/300 | train: 0.000904 | val: 0.000797 | lr: 2.50e-05 (no improvement for 3 epochs)
Epoch 47/300 | train: 0.000891 | val: 0.000729 | lr: 2.50e-05 (no improvement for 4 epochs)
Epoch 48/300 | train: 0.000881 | val: 0.000738 | lr: 2.50e-05 (no improvement for 5 epochs)
Epoch 49/300 | train: 0.000874 | val: 0.000781 | lr: 2.50e-05 (no improvement for 6 epochs)
Epoch 50/300 | train: 0.000867 | val: 0.000709 | lr: 1.25e-05 (no improvement for 7 epochs)
Epoch 51/300 | train: 0.000860 | val: 0.000775 | lr: 1.25e-05 (no improvement for 8 epochs)
Epoch 52/300 | train: 0.000843 | val: 0.000729 | lr: 1.25e-05 (no improvement for 9 epochs)
Epoch 53/300 | train: 0.000835 | val: 0.000745 | lr: 1.25e-05 (no improvement for 10 epochs)
Epoch 54/300 | train: 0.000830 | val: 0.000733 | lr: 1.25e-05 (no improvement for 11 epochs)
Epoch 55/300 | train: 0.000826 | val: 0.000745 | lr: 1.25e-05 (no improvement for 12 epochs)
Epoch 56/300 | train: 0.000824 | val: 0.000768 | lr: 1.25e-05 (no improvement for 13 epochs)
Epoch 57/300 | train: 0.000818 | val: 0.000754 | lr: 6.25e-06 (no improvement for 14 epochs)
Epoch 58/300 | train: 0.000810 | val: 0.000762 | lr: 6.25e-06 (no improvement for 15 epochs)
Epoch 59/300 | train: 0.000804 | val: 0.000732 | lr: 6.25e-06 (no improvement for 16 epochs)
Epoch 60/300 | train: 0.000800 | val: 0.000745 | lr: 6.25e-06 (no improvement for 17 epochs)
Epoch 61/300 | train: 0.000797 | val: 0.000750 | lr: 6.25e-06 (no improvement for 18 epochs)
Epoch 62/300 | train: 0.000794 | val: 0.000746 | lr: 6.25e-06 (no improvement for 19 epochs)
Epoch 63/300 | train: 0.000791 | val: 0.000752 | lr: 6.25e-06 (no improvement for 20 epochs)
Epoch 64/300 | train: 0.000787 | val: 0.000762 | lr: 3.13e-06 (no improvement for 21 epochs)
Epoch 65/300 | train: 0.000783 | val: 0.000757 | lr: 3.13e-06 (no improvement for 22 epochs)
Epoch 66/300 | train: 0.000781 | val: 0.000752 | lr: 3.13e-06 (no improvement for 23 epochs)
Epoch 67/300 | train: 0.000779 | val: 0.000752 | lr: 3.13e-06 (no improvement for 24 epochs)
Epoch 68/300 | train: 0.000777 | val: 0.000756 | lr: 3.13e-06 (no improvement for 25 epochs)
Epoch 69/300 | train: 0.000775 | val: 0.000759 | lr: 3.13e-06 (no improvement for 26 epochs)
Epoch 70/300 | train: 0.000773 | val: 0.000762 | lr: 3.13e-06 (no improvement for 27 epochs)
Epoch 71/300 | train: 0.000771 | val: 0.000760 | lr: 1.56e-06 (no improvement for 28 epochs)
Epoch 72/300 | train: 0.000769 | val: 0.000757 | lr: 1.56e-06 (no improvement for 29 epochs)
Epoch 73/300 | train: 0.000767 | val: 0.000763 | lr: 1.56e-06 (no improvement for 30 epochs)

Early stopping at epoch 73. Best epoch: 43 (val loss: 0.000690).
/home/renku/work/SDSC-IRM/src/visualization/ae_plots.py:1115: UserWarning: Data has no positive values, and therefore cannot be log-scaled.
  ax2.set_yscale("log")
Loss plot saved: /home/renku/work/SDSC-IRM/results/0_tempo/AE_AE3dDilatedAttention_200patients_splitdefault_60dims_aiagent_existing_AE3dDilatedAttention_train_val_loss.png
[train] R2 mean=0.8695 std=0.0461 | MSE mean=254.698944
[validation] R2 mean=0.7420 std=0.1706 | MSE mean=181.921310
[test] R2 mean=0.7937 std=0.0958 | MSE mean=204.025284

============================================================
Model: AE3dDilatedAttention | latent_dim: 240
============================================================
/home/renku/work/.venv/lib/python3.13/site-packages/torch/nn/modules/linear.py:124: UserWarning: Initializing zero-element tensors is a no-op
  init.kaiming_uniform_(self.weight, a=math.sqrt(5))
Training AE3dDilatedAttention | device=cuda | batch_size=1 | patience=30 | max_epochs=300
Epoch 1/300 | train: 0.129685 | val: 0.070912 | lr: 5.00e-05 ✓ best
Epoch 2/300 | train: 0.046792 | val: 0.028968 | lr: 5.00e-05 ✓ best
Epoch 3/300 | train: 0.022341 | val: 0.015876 | lr: 5.00e-05 ✓ best
Epoch 4/300 | train: 0.013171 | val: 0.009803 | lr: 5.00e-05 ✓ best
Epoch 5/300 | train: 0.009022 | val: 0.006637 | lr: 5.00e-05 ✓ best
Epoch 6/300 | train: 0.006668 | val: 0.004791 | lr: 5.00e-05 ✓ best
Epoch 7/300 | train: 0.005312 | val: 0.004423 | lr: 5.00e-05 ✓ best
Epoch 8/300 | train: 0.004357 | val: 0.003151 | lr: 5.00e-05 ✓ best
Epoch 9/300 | train: 0.003661 | val: 0.002602 | lr: 5.00e-05 ✓ best
Epoch 10/300 | train: 0.003276 | val: 0.002345 | lr: 5.00e-05 ✓ best
Epoch 11/300 | train: 0.002836 | val: 0.002048 | lr: 5.00e-05 ✓ best
Epoch 12/300 | train: 0.002539 | val: 0.001876 | lr: 5.00e-05 ✓ best
Epoch 13/300 | train: 0.002317 | val: 0.001820 | lr: 5.00e-05 ✓ best
Epoch 14/300 | train: 0.002179 | val: 0.001719 | lr: 5.00e-05 ✓ best
Epoch 15/300 | train: 0.002226 | val: 0.001516 | lr: 5.00e-05 ✓ best
Epoch 16/300 | train: 0.002037 | val: 0.002020 | lr: 5.00e-05 (no improvement for 1 epochs)
Epoch 17/300 | train: 0.001953 | val: 0.001861 | lr: 5.00e-05 (no improvement for 2 epochs)
Epoch 18/300 | train: 0.001818 | val: 0.001069 | lr: 5.00e-05 ✓ best
Epoch 19/300 | train: 0.001712 | val: 0.001061 | lr: 5.00e-05 ✓ best
Epoch 20/300 | train: 0.001656 | val: 0.001139 | lr: 5.00e-05 (no improvement for 1 epochs)
Epoch 21/300 | train: 0.001553 | val: 0.001054 | lr: 5.00e-05 ✓ best
Epoch 22/300 | train: 0.001537 | val: 0.001236 | lr: 5.00e-05 (no improvement for 1 epochs)
Epoch 23/300 | train: 0.001514 | val: 0.001197 | lr: 5.00e-05 (no improvement for 2 epochs)
Epoch 24/300 | train: 0.001530 | val: 0.001024 | lr: 5.00e-05 ✓ best
Epoch 25/300 | train: 0.001426 | val: 0.000807 | lr: 5.00e-05 ✓ best
Epoch 26/300 | train: 0.001370 | val: 0.000913 | lr: 5.00e-05 (no improvement for 1 epochs)
Epoch 27/300 | train: 0.001315 | val: 0.000814 | lr: 5.00e-05 (no improvement for 2 epochs)
Epoch 28/300 | train: 0.001294 | val: 0.000971 | lr: 5.00e-05 (no improvement for 3 epochs)
Epoch 29/300 | train: 0.001262 | val: 0.000877 | lr: 5.00e-05 (no improvement for 4 epochs)
Epoch 30/300 | train: 0.001263 | val: 0.000873 | lr: 5.00e-05 (no improvement for 5 epochs)
Epoch 31/300 | train: 0.001287 | val: 0.000898 | lr: 5.00e-05 (no improvement for 6 epochs)
Epoch 32/300 | train: 0.001291 | val: 0.000960 | lr: 2.50e-05 (no improvement for 7 epochs)
Epoch 33/300 | train: 0.001193 | val: 0.000722 | lr: 2.50e-05 ✓ best
Epoch 34/300 | train: 0.001099 | val: 0.000721 | lr: 2.50e-05 ✓ best
Epoch 35/300 | train: 0.001064 | val: 0.000772 | lr: 2.50e-05 (no improvement for 1 epochs)
Epoch 36/300 | train: 0.001041 | val: 0.000778 | lr: 2.50e-05 (no improvement for 2 epochs)
Epoch 37/300 | train: 0.001025 | val: 0.000797 | lr: 2.50e-05 (no improvement for 3 epochs)
Epoch 38/300 | train: 0.001013 | val: 0.000791 | lr: 2.50e-05 (no improvement for 4 epochs)
Epoch 39/300 | train: 0.001002 | val: 0.000772 | lr: 2.50e-05 (no improvement for 5 epochs)
Epoch 40/300 | train: 0.001008 | val: 0.000756 | lr: 2.50e-05 (no improvement for 6 epochs)
Epoch 41/300 | train: 0.001008 | val: 0.000869 | lr: 1.25e-05 (no improvement for 7 epochs)
Epoch 42/300 | train: 0.000988 | val: 0.000784 | lr: 1.25e-05 (no improvement for 8 epochs)
Epoch 43/300 | train: 0.000957 | val: 0.000742 | lr: 1.25e-05 (no improvement for 9 epochs)
Epoch 44/300 | train: 0.000943 | val: 0.000769 | lr: 1.25e-05 (no improvement for 10 epochs)
Epoch 45/300 | train: 0.000933 | val: 0.000766 | lr: 1.25e-05 (no improvement for 11 epochs)
Epoch 46/300 | train: 0.000925 | val: 0.000779 | lr: 1.25e-05 (no improvement for 12 epochs)
Epoch 47/300 | train: 0.000917 | val: 0.000771 | lr: 1.25e-05 (no improvement for 13 epochs)
Epoch 48/300 | train: 0.000910 | val: 0.000769 | lr: 6.25e-06 (no improvement for 14 epochs)
Epoch 49/300 | train: 0.000901 | val: 0.000753 | lr: 6.25e-06 (no improvement for 15 epochs)
Epoch 50/300 | train: 0.000895 | val: 0.000771 | lr: 6.25e-06 (no improvement for 16 epochs)
Epoch 51/300 | train: 0.000890 | val: 0.000767 | lr: 6.25e-06 (no improvement for 17 epochs)
Epoch 52/300 | train: 0.000886 | val: 0.000758 | lr: 6.25e-06 (no improvement for 18 epochs)
Epoch 53/300 | train: 0.000881 | val: 0.000774 | lr: 6.25e-06 (no improvement for 19 epochs)
Epoch 54/300 | train: 0.000877 | val: 0.000782 | lr: 6.25e-06 (no improvement for 20 epochs)
Epoch 55/300 | train: 0.000872 | val: 0.000759 | lr: 3.13e-06 (no improvement for 21 epochs)
Epoch 56/300 | train: 0.000867 | val: 0.000767 | lr: 3.13e-06 (no improvement for 22 epochs)
Epoch 57/300 | train: 0.000863 | val: 0.000773 | lr: 3.13e-06 (no improvement for 23 epochs)
Epoch 58/300 | train: 0.000861 | val: 0.000767 | lr: 3.13e-06 (no improvement for 24 epochs)
Epoch 59/300 | train: 0.000858 | val: 0.000773 | lr: 3.13e-06 (no improvement for 25 epochs)
Epoch 60/300 | train: 0.000855 | val: 0.000774 | lr: 3.13e-06 (no improvement for 26 epochs)
Epoch 61/300 | train: 0.000853 | val: 0.000775 | lr: 3.13e-06 (no improvement for 27 epochs)
Epoch 62/300 | train: 0.000850 | val: 0.000768 | lr: 1.56e-06 (no improvement for 28 epochs)
Epoch 63/300 | train: 0.000846 | val: 0.000772 | lr: 1.56e-06 (no improvement for 29 epochs)
Epoch 64/300 | train: 0.000845 | val: 0.000782 | lr: 1.56e-06 (no improvement for 30 epochs)

Early stopping at epoch 64. Best epoch: 34 (val loss: 0.000721).
/home/renku/work/SDSC-IRM/src/visualization/ae_plots.py:1115: UserWarning: Data has no positive values, and therefore cannot be log-scaled.
  ax2.set_yscale("log")
Loss plot saved: /home/renku/work/SDSC-IRM/results/0_tempo/AE_AE3dDilatedAttention_200patients_splitdefault_240dims_aiagent_existing_AE3dDilatedAttention_train_val_loss.png
