None
Data loaded | train: 200 | val: 40 | test: 60 | split: splitdefault

============================================================
Model: AE3dCurrent | latent_dim: 8
============================================================
Training AE3dCurrent | device=cuda | batch_size=1 | patience=30 | max_epochs=300
Epoch 1/300 | train: 0.107099 | val: 0.052590 | lr: 5.00e-05 ✓ best
Epoch 2/300 | train: 0.035696 | val: 0.022329 | lr: 5.00e-05 ✓ best
Epoch 3/300 | train: 0.018042 | val: 0.012364 | lr: 5.00e-05 ✓ best
Epoch 4/300 | train: 0.011358 | val: 0.007926 | lr: 5.00e-05 ✓ best
Epoch 5/300 | train: 0.007885 | val: 0.005917 | lr: 5.00e-05 ✓ best
Epoch 6/300 | train: 0.005924 | val: 0.004260 | lr: 5.00e-05 ✓ best
Epoch 7/300 | train: 0.004773 | val: 0.003422 | lr: 5.00e-05 ✓ best
Epoch 8/300 | train: 0.003991 | val: 0.002995 | lr: 5.00e-05 ✓ best
Epoch 9/300 | train: 0.003474 | val: 0.002578 | lr: 5.00e-05 ✓ best
Epoch 10/300 | train: 0.003100 | val: 0.002314 | lr: 5.00e-05 ✓ best
Epoch 11/300 | train: 0.002786 | val: 0.002136 | lr: 5.00e-05 ✓ best
Epoch 12/300 | train: 0.002600 | val: 0.001754 | lr: 5.00e-05 ✓ best
Epoch 13/300 | train: 0.002412 | val: 0.001637 | lr: 5.00e-05 ✓ best
Epoch 14/300 | train: 0.002235 | val: 0.001704 | lr: 5.00e-05 (no improvement for 1 epochs)
Epoch 15/300 | train: 0.002118 | val: 0.001399 | lr: 5.00e-05 ✓ best
Epoch 16/300 | train: 0.002012 | val: 0.002129 | lr: 5.00e-05 (no improvement for 1 epochs)
Epoch 17/300 | train: 0.001924 | val: 0.001291 | lr: 5.00e-05 ✓ best
Epoch 18/300 | train: 0.001875 | val: 0.001324 | lr: 5.00e-05 (no improvement for 1 epochs)
Epoch 19/300 | train: 0.001804 | val: 0.001338 | lr: 5.00e-05 (no improvement for 2 epochs)
Epoch 20/300 | train: 0.001753 | val: 0.001315 | lr: 5.00e-05 (no improvement for 3 epochs)
Epoch 21/300 | train: 0.001696 | val: 0.001351 | lr: 5.00e-05 (no improvement for 4 epochs)
Epoch 22/300 | train: 0.001635 | val: 0.001342 | lr: 5.00e-05 (no improvement for 5 epochs)
Epoch 23/300 | train: 0.001597 | val: 0.001229 | lr: 5.00e-05 ✓ best
Epoch 24/300 | train: 0.001587 | val: 0.000965 | lr: 5.00e-05 ✓ best
Epoch 25/300 | train: 0.001578 | val: 0.001429 | lr: 5.00e-05 (no improvement for 1 epochs)
Epoch 26/300 | train: 0.001531 | val: 0.000934 | lr: 5.00e-05 ✓ best
Epoch 27/300 | train: 0.001495 | val: 0.001134 | lr: 5.00e-05 (no improvement for 1 epochs)
Epoch 28/300 | train: 0.001451 | val: 0.000907 | lr: 5.00e-05 ✓ best
Epoch 29/300 | train: 0.001436 | val: 0.001057 | lr: 5.00e-05 (no improvement for 1 epochs)
Epoch 30/300 | train: 0.001468 | val: 0.000953 | lr: 5.00e-05 (no improvement for 2 epochs)
Epoch 31/300 | train: 0.001401 | val: 0.000896 | lr: 5.00e-05 ✓ best
Epoch 32/300 | train: 0.001382 | val: 0.000964 | lr: 5.00e-05 (no improvement for 1 epochs)
Epoch 33/300 | train: 0.001355 | val: 0.001026 | lr: 5.00e-05 (no improvement for 2 epochs)
Epoch 34/300 | train: 0.001355 | val: 0.001303 | lr: 5.00e-05 (no improvement for 3 epochs)
Epoch 35/300 | train: 0.001347 | val: 0.000885 | lr: 5.00e-05 ✓ best
Epoch 36/300 | train: 0.001343 | val: 0.000883 | lr: 5.00e-05 ✓ best
Epoch 37/300 | train: 0.001313 | val: 0.000820 | lr: 5.00e-05 ✓ best
Epoch 38/300 | train: 0.001305 | val: 0.000829 | lr: 5.00e-05 (no improvement for 1 epochs)
Epoch 39/300 | train: 0.001293 | val: 0.000944 | lr: 5.00e-05 (no improvement for 2 epochs)
Epoch 40/300 | train: 0.001262 | val: 0.000946 | lr: 5.00e-05 (no improvement for 3 epochs)
Epoch 41/300 | train: 0.001264 | val: 0.001000 | lr: 5.00e-05 (no improvement for 4 epochs)
Epoch 42/300 | train: 0.001291 | val: 0.001026 | lr: 5.00e-05 (no improvement for 5 epochs)
Epoch 43/300 | train: 0.001264 | val: 0.000991 | lr: 5.00e-05 (no improvement for 6 epochs)
Epoch 44/300 | train: 0.001265 | val: 0.000953 | lr: 2.50e-05 (no improvement for 7 epochs)
Epoch 45/300 | train: 0.001213 | val: 0.000994 | lr: 2.50e-05 (no improvement for 8 epochs)
Epoch 46/300 | train: 0.001171 | val: 0.000834 | lr: 2.50e-05 (no improvement for 9 epochs)
Epoch 47/300 | train: 0.001157 | val: 0.000904 | lr: 2.50e-05 (no improvement for 10 epochs)
Epoch 48/300 | train: 0.001148 | val: 0.000900 | lr: 2.50e-05 (no improvement for 11 epochs)
Epoch 49/300 | train: 0.001141 | val: 0.001012 | lr: 2.50e-05 (no improvement for 12 epochs)
Epoch 50/300 | train: 0.001136 | val: 0.000911 | lr: 2.50e-05 (no improvement for 13 epochs)
Epoch 51/300 | train: 0.001129 | val: 0.000957 | lr: 1.25e-05 (no improvement for 14 epochs)
Epoch 52/300 | train: 0.001116 | val: 0.000892 | lr: 1.25e-05 (no improvement for 15 epochs)
Epoch 53/300 | train: 0.001111 | val: 0.000915 | lr: 1.25e-05 (no improvement for 16 epochs)
Epoch 54/300 | train: 0.001107 | val: 0.000919 | lr: 1.25e-05 (no improvement for 17 epochs)
Epoch 55/300 | train: 0.001104 | val: 0.000934 | lr: 1.25e-05 (no improvement for 18 epochs)
Epoch 56/300 | train: 0.001101 | val: 0.000900 | lr: 1.25e-05 (no improvement for 19 epochs)
Epoch 57/300 | train: 0.001099 | val: 0.000943 | lr: 1.25e-05 (no improvement for 20 epochs)
Epoch 58/300 | train: 0.001095 | val: 0.000906 | lr: 6.25e-06 (no improvement for 21 epochs)
Epoch 59/300 | train: 0.001088 | val: 0.000925 | lr: 6.25e-06 (no improvement for 22 epochs)
Epoch 60/300 | train: 0.001085 | val: 0.000918 | lr: 6.25e-06 (no improvement for 23 epochs)
Epoch 61/300 | train: 0.001083 | val: 0.000919 | lr: 6.25e-06 (no improvement for 24 epochs)
Epoch 62/300 | train: 0.001082 | val: 0.000931 | lr: 6.25e-06 (no improvement for 25 epochs)
Epoch 63/300 | train: 0.001080 | val: 0.000930 | lr: 6.25e-06 (no improvement for 26 epochs)
Epoch 64/300 | train: 0.001078 | val: 0.000922 | lr: 6.25e-06 (no improvement for 27 epochs)
Epoch 65/300 | train: 0.001076 | val: 0.000895 | lr: 3.13e-06 (no improvement for 28 epochs)
Epoch 66/300 | train: 0.001072 | val: 0.000925 | lr: 3.13e-06 (no improvement for 29 epochs)
Epoch 67/300 | train: 0.001071 | val: 0.000923 | lr: 3.13e-06 (no improvement for 30 epochs)

Early stopping at epoch 67. Best epoch: 37 (val loss: 0.000820).
/home/renku/work/SDSC-IRM/src/visualization/ae_plots.py:1115: UserWarning: Data has no positive values, and therefore cannot be log-scaled.
  ax2.set_yscale("log")
Loss plot saved: /home/renku/work/SDSC-IRM/results/0_tempo/AE_AE3dCurrent_200patients_splitdefault_8dims_aiagent_existing_AE3dCurrent_train_val_loss.png
