None
Data loaded | train: 200 | val: 40 | test: 60 | split: splitdefault

============================================================
Model: AE3dAsymResSeparable | latent_dim: 8
============================================================
Training AE3dAsymResSeparable | device=cuda | batch_size=1 | patience=30 | max_epochs=300
Epoch 1/300 | train: 0.042373 | val: 0.010167 | lr: 5.00e-05 ✓ best
Epoch 2/300 | train: 0.008240 | val: 0.003710 | lr: 5.00e-05 ✓ best
Epoch 3/300 | train: 0.005027 | val: 0.002425 | lr: 5.00e-05 ✓ best
Epoch 4/300 | train: 0.003992 | val: 0.002152 | lr: 5.00e-05 ✓ best
Epoch 5/300 | train: 0.003177 | val: 0.002351 | lr: 5.00e-05 (no improvement for 1 epochs)
Epoch 6/300 | train: 0.002685 | val: 0.001651 | lr: 5.00e-05 ✓ best
Epoch 7/300 | train: 0.002265 | val: 0.001388 | lr: 5.00e-05 ✓ best
Epoch 8/300 | train: 0.002097 | val: 0.001089 | lr: 5.00e-05 ✓ best
Epoch 9/300 | train: 0.001903 | val: 0.001165 | lr: 5.00e-05 (no improvement for 1 epochs)
Epoch 10/300 | train: 0.001780 | val: 0.000933 | lr: 5.00e-05 ✓ best
Epoch 11/300 | train: 0.001674 | val: 0.001178 | lr: 5.00e-05 (no improvement for 1 epochs)
Epoch 12/300 | train: 0.001638 | val: 0.000788 | lr: 5.00e-05 ✓ best
Epoch 13/300 | train: 0.001556 | val: 0.000948 | lr: 5.00e-05 (no improvement for 1 epochs)
Epoch 14/300 | train: 0.001518 | val: 0.000922 | lr: 5.00e-05 (no improvement for 2 epochs)
Epoch 15/300 | train: 0.001528 | val: 0.000974 | lr: 5.00e-05 (no improvement for 3 epochs)
Epoch 16/300 | train: 0.001564 | val: 0.000831 | lr: 5.00e-05 (no improvement for 4 epochs)
Epoch 17/300 | train: 0.001464 | val: 0.000823 | lr: 5.00e-05 (no improvement for 5 epochs)
Epoch 18/300 | train: 0.001431 | val: 0.000716 | lr: 5.00e-05 ✓ best
Epoch 19/300 | train: 0.001370 | val: 0.000753 | lr: 5.00e-05 (no improvement for 1 epochs)
Epoch 20/300 | train: 0.001330 | val: 0.000737 | lr: 5.00e-05 (no improvement for 2 epochs)
Epoch 21/300 | train: 0.001295 | val: 0.000786 | lr: 5.00e-05 (no improvement for 3 epochs)
Epoch 22/300 | train: 0.001254 | val: 0.000747 | lr: 5.00e-05 (no improvement for 4 epochs)
Epoch 23/300 | train: 0.001296 | val: 0.000709 | lr: 5.00e-05 ✓ best
Epoch 24/300 | train: 0.001304 | val: 0.000735 | lr: 5.00e-05 (no improvement for 1 epochs)
Epoch 25/300 | train: 0.001278 | val: 0.000689 | lr: 5.00e-05 ✓ best
Epoch 26/300 | train: 0.001285 | val: 0.000653 | lr: 5.00e-05 ✓ best
Epoch 27/300 | train: 0.001288 | val: 0.000850 | lr: 5.00e-05 (no improvement for 1 epochs)
Epoch 28/300 | train: 0.001203 | val: 0.000892 | lr: 5.00e-05 (no improvement for 2 epochs)
Epoch 29/300 | train: 0.001200 | val: 0.000696 | lr: 5.00e-05 (no improvement for 3 epochs)
Epoch 30/300 | train: 0.001164 | val: 0.000785 | lr: 5.00e-05 (no improvement for 4 epochs)
Epoch 31/300 | train: 0.001143 | val: 0.000672 | lr: 5.00e-05 (no improvement for 5 epochs)
Epoch 32/300 | train: 0.001153 | val: 0.000644 | lr: 5.00e-05 ✓ best
Epoch 33/300 | train: 0.001119 | val: 0.000763 | lr: 5.00e-05 (no improvement for 1 epochs)
Epoch 34/300 | train: 0.001138 | val: 0.000699 | lr: 5.00e-05 (no improvement for 2 epochs)
Epoch 35/300 | train: 0.001137 | val: 0.000961 | lr: 5.00e-05 (no improvement for 3 epochs)
Epoch 36/300 | train: 0.001139 | val: 0.000773 | lr: 5.00e-05 (no improvement for 4 epochs)
Epoch 37/300 | train: 0.001235 | val: 0.000756 | lr: 5.00e-05 (no improvement for 5 epochs)
Epoch 38/300 | train: 0.001151 | val: 0.000648 | lr: 5.00e-05 (no improvement for 6 epochs)
Epoch 39/300 | train: 0.001144 | val: 0.000668 | lr: 2.50e-05 (no improvement for 7 epochs)
Epoch 40/300 | train: 0.001012 | val: 0.000668 | lr: 2.50e-05 (no improvement for 8 epochs)
Epoch 41/300 | train: 0.000962 | val: 0.000685 | lr: 2.50e-05 (no improvement for 9 epochs)
Epoch 42/300 | train: 0.000938 | val: 0.000701 | lr: 2.50e-05 (no improvement for 10 epochs)
Epoch 43/300 | train: 0.000921 | val: 0.000734 | lr: 2.50e-05 (no improvement for 11 epochs)
Epoch 44/300 | train: 0.000912 | val: 0.000717 | lr: 2.50e-05 (no improvement for 12 epochs)
Epoch 45/300 | train: 0.000901 | val: 0.000757 | lr: 2.50e-05 (no improvement for 13 epochs)
Epoch 46/300 | train: 0.000893 | val: 0.000686 | lr: 1.25e-05 (no improvement for 14 epochs)
Epoch 47/300 | train: 0.000874 | val: 0.000725 | lr: 1.25e-05 (no improvement for 15 epochs)
Epoch 48/300 | train: 0.000864 | val: 0.000712 | lr: 1.25e-05 (no improvement for 16 epochs)
Epoch 49/300 | train: 0.000858 | val: 0.000727 | lr: 1.25e-05 (no improvement for 17 epochs)
Epoch 50/300 | train: 0.000852 | val: 0.000700 | lr: 1.25e-05 (no improvement for 18 epochs)
Epoch 51/300 | train: 0.000847 | val: 0.000738 | lr: 1.25e-05 (no improvement for 19 epochs)
Epoch 52/300 | train: 0.000842 | val: 0.000714 | lr: 1.25e-05 (no improvement for 20 epochs)
Epoch 53/300 | train: 0.000838 | val: 0.000705 | lr: 6.25e-06 (no improvement for 21 epochs)
Epoch 54/300 | train: 0.000827 | val: 0.000722 | lr: 6.25e-06 (no improvement for 22 epochs)
Epoch 55/300 | train: 0.000822 | val: 0.000714 | lr: 6.25e-06 (no improvement for 23 epochs)
Epoch 56/300 | train: 0.000820 | val: 0.000725 | lr: 6.25e-06 (no improvement for 24 epochs)
Epoch 57/300 | train: 0.000817 | val: 0.000704 | lr: 6.25e-06 (no improvement for 25 epochs)
Epoch 58/300 | train: 0.000814 | val: 0.000735 | lr: 6.25e-06 (no improvement for 26 epochs)
Epoch 59/300 | train: 0.000811 | val: 0.000740 | lr: 6.25e-06 (no improvement for 27 epochs)
Epoch 60/300 | train: 0.000808 | val: 0.000723 | lr: 3.13e-06 (no improvement for 28 epochs)
Epoch 61/300 | train: 0.000802 | val: 0.000721 | lr: 3.13e-06 (no improvement for 29 epochs)
Epoch 62/300 | train: 0.000800 | val: 0.000724 | lr: 3.13e-06 (no improvement for 30 epochs)

Early stopping at epoch 62. Best epoch: 32 (val loss: 0.000644).
/home/renku/work/SDSC-IRM/src/visualization/ae_plots.py:1115: UserWarning: Data has no positive values, and therefore cannot be log-scaled.
  ax2.set_yscale("log")
Loss plot saved: /home/renku/work/SDSC-IRM/results/0_tempo/AE_AE3dAsymResSeparable_200patients_splitdefault_8dims_aiagent_AE3dAsymResSeparable_train_val_loss.png
