None
Data loaded | train: 200 | val: 40 | test: 60 | split: splitdefault

============================================================
Model: AE3dAttention | latent_dim: 8
============================================================
/home/renku/work/.venv/lib/python3.13/site-packages/torch/nn/modules/linear.py:124: UserWarning: Initializing zero-element tensors is a no-op
  init.kaiming_uniform_(self.weight, a=math.sqrt(5))
Training AE3dAttention | device=cuda | batch_size=1 | patience=30 | max_epochs=300
Epoch 1/300 | train: 0.114747 | val: 0.059939 | lr: 5.00e-05 ✓ best
Epoch 2/300 | train: 0.039551 | val: 0.024222 | lr: 5.00e-05 ✓ best
Epoch 3/300 | train: 0.019201 | val: 0.013125 | lr: 5.00e-05 ✓ best
Epoch 4/300 | train: 0.011918 | val: 0.008480 | lr: 5.00e-05 ✓ best
Epoch 5/300 | train: 0.008501 | val: 0.005996 | lr: 5.00e-05 ✓ best
Epoch 6/300 | train: 0.006446 | val: 0.004555 | lr: 5.00e-05 ✓ best
Epoch 7/300 | train: 0.005267 | val: 0.004160 | lr: 5.00e-05 ✓ best
Epoch 8/300 | train: 0.004449 | val: 0.003085 | lr: 5.00e-05 ✓ best
Epoch 9/300 | train: 0.003907 | val: 0.002569 | lr: 5.00e-05 ✓ best
Epoch 10/300 | train: 0.003430 | val: 0.002293 | lr: 5.00e-05 ✓ best
Epoch 11/300 | train: 0.002982 | val: 0.001944 | lr: 5.00e-05 ✓ best
Epoch 12/300 | train: 0.002727 | val: 0.001790 | lr: 5.00e-05 ✓ best
Epoch 13/300 | train: 0.002474 | val: 0.001687 | lr: 5.00e-05 ✓ best
Epoch 14/300 | train: 0.002426 | val: 0.001429 | lr: 5.00e-05 ✓ best
Epoch 15/300 | train: 0.002220 | val: 0.001522 | lr: 5.00e-05 (no improvement for 1 epochs)
Epoch 16/300 | train: 0.002145 | val: 0.001284 | lr: 5.00e-05 ✓ best
Epoch 17/300 | train: 0.002020 | val: 0.001388 | lr: 5.00e-05 (no improvement for 1 epochs)
Epoch 18/300 | train: 0.001909 | val: 0.001261 | lr: 5.00e-05 ✓ best
Epoch 19/300 | train: 0.001891 | val: 0.001202 | lr: 5.00e-05 ✓ best
Epoch 20/300 | train: 0.001770 | val: 0.001258 | lr: 5.00e-05 (no improvement for 1 epochs)
Epoch 21/300 | train: 0.001683 | val: 0.001141 | lr: 5.00e-05 ✓ best
Epoch 22/300 | train: 0.001624 | val: 0.001038 | lr: 5.00e-05 ✓ best
Epoch 23/300 | train: 0.001622 | val: 0.001141 | lr: 5.00e-05 (no improvement for 1 epochs)
Epoch 24/300 | train: 0.001634 | val: 0.001046 | lr: 5.00e-05 (no improvement for 2 epochs)
Epoch 25/300 | train: 0.001583 | val: 0.001250 | lr: 5.00e-05 (no improvement for 3 epochs)
Epoch 26/300 | train: 0.001672 | val: 0.000954 | lr: 5.00e-05 ✓ best
Epoch 27/300 | train: 0.001488 | val: 0.001141 | lr: 5.00e-05 (no improvement for 1 epochs)
Epoch 28/300 | train: 0.001466 | val: 0.001001 | lr: 5.00e-05 (no improvement for 2 epochs)
Epoch 29/300 | train: 0.001451 | val: 0.001037 | lr: 5.00e-05 (no improvement for 3 epochs)
Epoch 30/300 | train: 0.001381 | val: 0.000892 | lr: 5.00e-05 ✓ best
Epoch 31/300 | train: 0.001416 | val: 0.000969 | lr: 5.00e-05 (no improvement for 1 epochs)
Epoch 32/300 | train: 0.001384 | val: 0.000864 | lr: 5.00e-05 ✓ best
Epoch 33/300 | train: 0.001344 | val: 0.000934 | lr: 5.00e-05 (no improvement for 1 epochs)
Epoch 34/300 | train: 0.001364 | val: 0.000891 | lr: 5.00e-05 (no improvement for 2 epochs)
Epoch 35/300 | train: 0.001393 | val: 0.000811 | lr: 5.00e-05 ✓ best
Epoch 36/300 | train: 0.001318 | val: 0.000760 | lr: 5.00e-05 ✓ best
Epoch 37/300 | train: 0.001231 | val: 0.000880 | lr: 5.00e-05 (no improvement for 1 epochs)
Epoch 38/300 | train: 0.001197 | val: 0.000816 | lr: 5.00e-05 (no improvement for 2 epochs)
Epoch 39/300 | train: 0.001217 | val: 0.001091 | lr: 5.00e-05 (no improvement for 3 epochs)
Epoch 40/300 | train: 0.001236 | val: 0.001008 | lr: 5.00e-05 (no improvement for 4 epochs)
Epoch 41/300 | train: 0.001271 | val: 0.001124 | lr: 5.00e-05 (no improvement for 5 epochs)
Epoch 42/300 | train: 0.001290 | val: 0.001040 | lr: 5.00e-05 (no improvement for 6 epochs)
Epoch 43/300 | train: 0.001215 | val: 0.000939 | lr: 2.50e-05 (no improvement for 7 epochs)
Epoch 44/300 | train: 0.001130 | val: 0.000822 | lr: 2.50e-05 (no improvement for 8 epochs)
Epoch 45/300 | train: 0.001063 | val: 0.000852 | lr: 2.50e-05 (no improvement for 9 epochs)
Epoch 46/300 | train: 0.001041 | val: 0.000854 | lr: 2.50e-05 (no improvement for 10 epochs)
Epoch 47/300 | train: 0.001023 | val: 0.000906 | lr: 2.50e-05 (no improvement for 11 epochs)
Epoch 48/300 | train: 0.001013 | val: 0.000849 | lr: 2.50e-05 (no improvement for 12 epochs)
Epoch 49/300 | train: 0.001002 | val: 0.000852 | lr: 2.50e-05 (no improvement for 13 epochs)
Epoch 50/300 | train: 0.000994 | val: 0.000868 | lr: 1.25e-05 (no improvement for 14 epochs)
Epoch 51/300 | train: 0.000977 | val: 0.000850 | lr: 1.25e-05 (no improvement for 15 epochs)
Epoch 52/300 | train: 0.000967 | val: 0.000882 | lr: 1.25e-05 (no improvement for 16 epochs)
Epoch 53/300 | train: 0.000959 | val: 0.000856 | lr: 1.25e-05 (no improvement for 17 epochs)
Epoch 54/300 | train: 0.000954 | val: 0.000859 | lr: 1.25e-05 (no improvement for 18 epochs)
Epoch 55/300 | train: 0.000948 | val: 0.000871 | lr: 1.25e-05 (no improvement for 19 epochs)
Epoch 56/300 | train: 0.000942 | val: 0.000861 | lr: 1.25e-05 (no improvement for 20 epochs)
Epoch 57/300 | train: 0.000938 | val: 0.000851 | lr: 6.25e-06 (no improvement for 21 epochs)
Epoch 58/300 | train: 0.000927 | val: 0.000858 | lr: 6.25e-06 (no improvement for 22 epochs)
Epoch 59/300 | train: 0.000922 | val: 0.000857 | lr: 6.25e-06 (no improvement for 23 epochs)
Epoch 60/300 | train: 0.000919 | val: 0.000867 | lr: 6.25e-06 (no improvement for 24 epochs)
Epoch 61/300 | train: 0.000916 | val: 0.000858 | lr: 6.25e-06 (no improvement for 25 epochs)
Epoch 62/300 | train: 0.000912 | val: 0.000863 | lr: 6.25e-06 (no improvement for 26 epochs)
Epoch 63/300 | train: 0.000909 | val: 0.000849 | lr: 6.25e-06 (no improvement for 27 epochs)
Epoch 64/300 | train: 0.000906 | val: 0.000861 | lr: 3.13e-06 (no improvement for 28 epochs)
Epoch 65/300 | train: 0.000900 | val: 0.000863 | lr: 3.13e-06 (no improvement for 29 epochs)
Epoch 66/300 | train: 0.000897 | val: 0.000867 | lr: 3.13e-06 (no improvement for 30 epochs)

Early stopping at epoch 66. Best epoch: 36 (val loss: 0.000760).
/home/renku/work/SDSC-IRM/src/visualization/ae_plots.py:1115: UserWarning: Data has no positive values, and therefore cannot be log-scaled.
  ax2.set_yscale("log")
Loss plot saved: /home/renku/work/SDSC-IRM/results/0_tempo/AE_AE3dAttention_200patients_splitdefault_8dims_aiagent_existing_AE3dAttention_train_val_loss.png
[train] R2 mean=0.8179 std=0.0647 | MSE mean=329.385071
[validation] R2 mean=0.7243 std=0.1617 | MSE mean=200.292145
[test] R2 mean=0.7707 std=0.0763 | MSE mean=233.790878

============================================================
Model: AE3dAttention | latent_dim: 60
============================================================
/home/renku/work/.venv/lib/python3.13/site-packages/torch/nn/modules/linear.py:124: UserWarning: Initializing zero-element tensors is a no-op
  init.kaiming_uniform_(self.weight, a=math.sqrt(5))
Training AE3dAttention | device=cuda | batch_size=1 | patience=30 | max_epochs=300
Epoch 1/300 | train: 0.157722 | val: 0.088088 | lr: 5.00e-05 ✓ best
Epoch 2/300 | train: 0.058643 | val: 0.037137 | lr: 5.00e-05 ✓ best
Epoch 3/300 | train: 0.028130 | val: 0.019859 | lr: 5.00e-05 ✓ best
Epoch 4/300 | train: 0.016508 | val: 0.012169 | lr: 5.00e-05 ✓ best
Epoch 5/300 | train: 0.010949 | val: 0.008179 | lr: 5.00e-05 ✓ best
Epoch 6/300 | train: 0.007968 | val: 0.006476 | lr: 5.00e-05 ✓ best
Epoch 7/300 | train: 0.006189 | val: 0.004557 | lr: 5.00e-05 ✓ best
Epoch 8/300 | train: 0.005087 | val: 0.003659 | lr: 5.00e-05 ✓ best
Epoch 9/300 | train: 0.004233 | val: 0.003076 | lr: 5.00e-05 ✓ best
Epoch 10/300 | train: 0.003605 | val: 0.002715 | lr: 5.00e-05 ✓ best
Epoch 11/300 | train: 0.003189 | val: 0.002199 | lr: 5.00e-05 ✓ best
Epoch 12/300 | train: 0.002980 | val: 0.002094 | lr: 5.00e-05 ✓ best
Epoch 13/300 | train: 0.002664 | val: 0.002054 | lr: 5.00e-05 ✓ best
Epoch 14/300 | train: 0.002453 | val: 0.001675 | lr: 5.00e-05 ✓ best
Epoch 15/300 | train: 0.002335 | val: 0.001783 | lr: 5.00e-05 (no improvement for 1 epochs)
Epoch 16/300 | train: 0.002205 | val: 0.001332 | lr: 5.00e-05 ✓ best
Epoch 17/300 | train: 0.002059 | val: 0.001271 | lr: 5.00e-05 ✓ best
Epoch 18/300 | train: 0.001957 | val: 0.001275 | lr: 5.00e-05 (no improvement for 1 epochs)
Epoch 19/300 | train: 0.001827 | val: 0.001202 | lr: 5.00e-05 ✓ best
Epoch 20/300 | train: 0.001761 | val: 0.001339 | lr: 5.00e-05 (no improvement for 1 epochs)
Epoch 21/300 | train: 0.001668 | val: 0.001052 | lr: 5.00e-05 ✓ best
Epoch 22/300 | train: 0.001635 | val: 0.001019 | lr: 5.00e-05 ✓ best
Epoch 23/300 | train: 0.001578 | val: 0.000951 | lr: 5.00e-05 ✓ best
Epoch 24/300 | train: 0.001572 | val: 0.000936 | lr: 5.00e-05 ✓ best
Epoch 25/300 | train: 0.001479 | val: 0.000873 | lr: 5.00e-05 ✓ best
Epoch 26/300 | train: 0.001452 | val: 0.000915 | lr: 5.00e-05 (no improvement for 1 epochs)
Epoch 27/300 | train: 0.001440 | val: 0.000936 | lr: 5.00e-05 (no improvement for 2 epochs)
Epoch 28/300 | train: 0.001412 | val: 0.000806 | lr: 5.00e-05 ✓ best
Epoch 29/300 | train: 0.001407 | val: 0.000805 | lr: 5.00e-05 ✓ best
Epoch 30/300 | train: 0.001324 | val: 0.000779 | lr: 5.00e-05 ✓ best
Epoch 31/300 | train: 0.001295 | val: 0.000844 | lr: 5.00e-05 (no improvement for 1 epochs)
Epoch 32/300 | train: 0.001264 | val: 0.000743 | lr: 5.00e-05 ✓ best
Epoch 33/300 | train: 0.001223 | val: 0.000891 | lr: 5.00e-05 (no improvement for 1 epochs)
Epoch 34/300 | train: 0.001274 | val: 0.000763 | lr: 5.00e-05 (no improvement for 2 epochs)
Epoch 35/300 | train: 0.001312 | val: 0.000828 | lr: 5.00e-05 (no improvement for 3 epochs)
Epoch 36/300 | train: 0.001264 | val: 0.000874 | lr: 5.00e-05 (no improvement for 4 epochs)
Epoch 37/300 | train: 0.001219 | val: 0.000749 | lr: 5.00e-05 (no improvement for 5 epochs)
Epoch 38/300 | train: 0.001161 | val: 0.000752 | lr: 5.00e-05 (no improvement for 6 epochs)
Epoch 39/300 | train: 0.001111 | val: 0.000712 | lr: 5.00e-05 ✓ best
Epoch 40/300 | train: 0.001078 | val: 0.000804 | lr: 5.00e-05 (no improvement for 1 epochs)
Epoch 41/300 | train: 0.001090 | val: 0.000833 | lr: 5.00e-05 (no improvement for 2 epochs)
Epoch 42/300 | train: 0.001104 | val: 0.000729 | lr: 5.00e-05 (no improvement for 3 epochs)
Epoch 43/300 | train: 0.001176 | val: 0.000768 | lr: 5.00e-05 (no improvement for 4 epochs)
Epoch 44/300 | train: 0.001143 | val: 0.000781 | lr: 5.00e-05 (no improvement for 5 epochs)
Epoch 45/300 | train: 0.001068 | val: 0.000694 | lr: 5.00e-05 ✓ best
Epoch 46/300 | train: 0.001047 | val: 0.000942 | lr: 5.00e-05 (no improvement for 1 epochs)
Epoch 47/300 | train: 0.001036 | val: 0.000740 | lr: 5.00e-05 (no improvement for 2 epochs)
Epoch 48/300 | train: 0.001014 | val: 0.000662 | lr: 5.00e-05 ✓ best
Epoch 49/300 | train: 0.000998 | val: 0.000725 | lr: 5.00e-05 (no improvement for 1 epochs)
Epoch 50/300 | train: 0.000982 | val: 0.000699 | lr: 5.00e-05 (no improvement for 2 epochs)
Epoch 51/300 | train: 0.001029 | val: 0.000719 | lr: 5.00e-05 (no improvement for 3 epochs)
Epoch 52/300 | train: 0.001005 | val: 0.000666 | lr: 5.00e-05 (no improvement for 4 epochs)
Epoch 53/300 | train: 0.000961 | val: 0.000693 | lr: 5.00e-05 (no improvement for 5 epochs)
Epoch 54/300 | train: 0.000958 | val: 0.000679 | lr: 5.00e-05 (no improvement for 6 epochs)
Epoch 55/300 | train: 0.001014 | val: 0.000717 | lr: 2.50e-05 (no improvement for 7 epochs)
Epoch 56/300 | train: 0.000936 | val: 0.000670 | lr: 2.50e-05 (no improvement for 8 epochs)
Epoch 57/300 | train: 0.000865 | val: 0.000651 | lr: 2.50e-05 ✓ best
Epoch 58/300 | train: 0.000846 | val: 0.000652 | lr: 2.50e-05 (no improvement for 1 epochs)
Epoch 59/300 | train: 0.000833 | val: 0.000676 | lr: 2.50e-05 (no improvement for 2 epochs)
Epoch 60/300 | train: 0.000822 | val: 0.000668 | lr: 2.50e-05 (no improvement for 3 epochs)
Epoch 61/300 | train: 0.000814 | val: 0.000703 | lr: 2.50e-05 (no improvement for 4 epochs)
Epoch 62/300 | train: 0.000808 | val: 0.000669 | lr: 2.50e-05 (no improvement for 5 epochs)
Epoch 63/300 | train: 0.000801 | val: 0.000669 | lr: 2.50e-05 (no improvement for 6 epochs)
Epoch 64/300 | train: 0.000797 | val: 0.000656 | lr: 1.25e-05 (no improvement for 7 epochs)
Epoch 65/300 | train: 0.000787 | val: 0.000685 | lr: 1.25e-05 (no improvement for 8 epochs)
Epoch 66/300 | train: 0.000778 | val: 0.000670 | lr: 1.25e-05 (no improvement for 9 epochs)
Epoch 67/300 | train: 0.000772 | val: 0.000690 | lr: 1.25e-05 (no improvement for 10 epochs)
Epoch 68/300 | train: 0.000768 | val: 0.000702 | lr: 1.25e-05 (no improvement for 11 epochs)
Epoch 69/300 | train: 0.000764 | val: 0.000674 | lr: 1.25e-05 (no improvement for 12 epochs)
Epoch 70/300 | train: 0.000761 | val: 0.000682 | lr: 1.25e-05 (no improvement for 13 epochs)
Epoch 71/300 | train: 0.000757 | val: 0.000682 | lr: 6.25e-06 (no improvement for 14 epochs)
Epoch 72/300 | train: 0.000751 | val: 0.000687 | lr: 6.25e-06 (no improvement for 15 epochs)
Epoch 73/300 | train: 0.000748 | val: 0.000668 | lr: 6.25e-06 (no improvement for 16 epochs)
Epoch 74/300 | train: 0.000745 | val: 0.000685 | lr: 6.25e-06 (no improvement for 17 epochs)
Epoch 75/300 | train: 0.000743 | val: 0.000682 | lr: 6.25e-06 (no improvement for 18 epochs)
Epoch 76/300 | train: 0.000741 | val: 0.000696 | lr: 6.25e-06 (no improvement for 19 epochs)
Epoch 77/300 | train: 0.000738 | val: 0.000693 | lr: 6.25e-06 (no improvement for 20 epochs)
Epoch 78/300 | train: 0.000736 | val: 0.000690 | lr: 3.13e-06 (no improvement for 21 epochs)
Epoch 79/300 | train: 0.000733 | val: 0.000694 | lr: 3.13e-06 (no improvement for 22 epochs)
Epoch 80/300 | train: 0.000731 | val: 0.000690 | lr: 3.13e-06 (no improvement for 23 epochs)
Epoch 81/300 | train: 0.000730 | val: 0.000694 | lr: 3.13e-06 (no improvement for 24 epochs)
Epoch 82/300 | train: 0.000729 | val: 0.000697 | lr: 3.13e-06 (no improvement for 25 epochs)
Epoch 83/300 | train: 0.000727 | val: 0.000695 | lr: 3.13e-06 (no improvement for 26 epochs)
Epoch 84/300 | train: 0.000726 | val: 0.000696 | lr: 3.13e-06 (no improvement for 27 epochs)
Epoch 85/300 | train: 0.000725 | val: 0.000696 | lr: 1.56e-06 (no improvement for 28 epochs)
Epoch 86/300 | train: 0.000723 | val: 0.000698 | lr: 1.56e-06 (no improvement for 29 epochs)
Epoch 87/300 | train: 0.000722 | val: 0.000697 | lr: 1.56e-06 (no improvement for 30 epochs)

Early stopping at epoch 87. Best epoch: 57 (val loss: 0.000651).
/home/renku/work/SDSC-IRM/src/visualization/ae_plots.py:1115: UserWarning: Data has no positive values, and therefore cannot be log-scaled.
  ax2.set_yscale("log")
Loss plot saved: /home/renku/work/SDSC-IRM/results/0_tempo/AE_AE3dAttention_200patients_splitdefault_60dims_aiagent_existing_AE3dAttention_train_val_loss.png
[train] R2 mean=0.8940 std=0.0401 | MSE mean=223.688675
[validation] R2 mean=0.7623 std=0.1332 | MSE mean=171.647858
[test] R2 mean=0.7920 std=0.1125 | MSE mean=206.604584

============================================================
Model: AE3dAttention | latent_dim: 240
============================================================
/home/renku/work/.venv/lib/python3.13/site-packages/torch/nn/modules/linear.py:124: UserWarning: Initializing zero-element tensors is a no-op
  init.kaiming_uniform_(self.weight, a=math.sqrt(5))
Training AE3dAttention | device=cuda | batch_size=1 | patience=30 | max_epochs=300
Epoch 1/300 | train: 0.116999 | val: 0.060171 | lr: 5.00e-05 ✓ best
Epoch 2/300 | train: 0.039376 | val: 0.024920 | lr: 5.00e-05 ✓ best
Epoch 3/300 | train: 0.019435 | val: 0.013316 | lr: 5.00e-05 ✓ best
Epoch 4/300 | train: 0.012213 | val: 0.008960 | lr: 5.00e-05 ✓ best
Epoch 5/300 | train: 0.008586 | val: 0.007633 | lr: 5.00e-05 ✓ best
Epoch 6/300 | train: 0.006488 | val: 0.004616 | lr: 5.00e-05 ✓ best
Epoch 7/300 | train: 0.005137 | val: 0.003875 | lr: 5.00e-05 ✓ best
Epoch 8/300 | train: 0.004303 | val: 0.002935 | lr: 5.00e-05 ✓ best
Epoch 9/300 | train: 0.003600 | val: 0.002628 | lr: 5.00e-05 ✓ best
Epoch 10/300 | train: 0.003140 | val: 0.002099 | lr: 5.00e-05 ✓ best
Epoch 11/300 | train: 0.002842 | val: 0.002045 | lr: 5.00e-05 ✓ best
Epoch 12/300 | train: 0.002550 | val: 0.001945 | lr: 5.00e-05 ✓ best
Epoch 13/300 | train: 0.002368 | val: 0.002069 | lr: 5.00e-05 (no improvement for 1 epochs)
Epoch 14/300 | train: 0.002158 | val: 0.001478 | lr: 5.00e-05 ✓ best
Epoch 15/300 | train: 0.002007 | val: 0.001457 | lr: 5.00e-05 ✓ best
Epoch 16/300 | train: 0.001936 | val: 0.001343 | lr: 5.00e-05 ✓ best
Epoch 17/300 | train: 0.001819 | val: 0.001387 | lr: 5.00e-05 (no improvement for 1 epochs)
Epoch 18/300 | train: 0.001761 | val: 0.001114 | lr: 5.00e-05 ✓ best
Epoch 19/300 | train: 0.001689 | val: 0.001059 | lr: 5.00e-05 ✓ best
Epoch 20/300 | train: 0.001606 | val: 0.001024 | lr: 5.00e-05 ✓ best
Epoch 21/300 | train: 0.001489 | val: 0.001260 | lr: 5.00e-05 (no improvement for 1 epochs)
Epoch 22/300 | train: 0.001453 | val: 0.001015 | lr: 5.00e-05 ✓ best
Epoch 23/300 | train: 0.001479 | val: 0.000943 | lr: 5.00e-05 ✓ best
Epoch 24/300 | train: 0.001692 | val: 0.001219 | lr: 5.00e-05 (no improvement for 1 epochs)
Epoch 25/300 | train: 0.001670 | val: 0.000909 | lr: 5.00e-05 ✓ best
Epoch 26/300 | train: 0.001410 | val: 0.000849 | lr: 5.00e-05 ✓ best
Epoch 27/300 | train: 0.001321 | val: 0.000754 | lr: 5.00e-05 ✓ best
Epoch 28/300 | train: 0.001262 | val: 0.000810 | lr: 5.00e-05 (no improvement for 1 epochs)
Epoch 29/300 | train: 0.001239 | val: 0.000795 | lr: 5.00e-05 (no improvement for 2 epochs)
Epoch 30/300 | train: 0.001225 | val: 0.000748 | lr: 5.00e-05 ✓ best
Epoch 31/300 | train: 0.001190 | val: 0.001046 | lr: 5.00e-05 (no improvement for 1 epochs)
Epoch 32/300 | train: 0.001178 | val: 0.000700 | lr: 5.00e-05 ✓ best
Epoch 33/300 | train: 0.001166 | val: 0.000721 | lr: 5.00e-05 (no improvement for 1 epochs)
Epoch 34/300 | train: 0.001200 | val: 0.000689 | lr: 5.00e-05 ✓ best
Epoch 35/300 | train: 0.001173 | val: 0.000720 | lr: 5.00e-05 (no improvement for 1 epochs)
Epoch 36/300 | train: 0.001201 | val: 0.001231 | lr: 5.00e-05 (no improvement for 2 epochs)
Epoch 37/300 | train: 0.001221 | val: 0.000831 | lr: 5.00e-05 (no improvement for 3 epochs)
Epoch 38/300 | train: 0.001101 | val: 0.000971 | lr: 5.00e-05 (no improvement for 4 epochs)
Epoch 39/300 | train: 0.001050 | val: 0.000867 | lr: 5.00e-05 (no improvement for 5 epochs)
Epoch 40/300 | train: 0.001051 | val: 0.000813 | lr: 5.00e-05 (no improvement for 6 epochs)
Epoch 41/300 | train: 0.001038 | val: 0.000706 | lr: 2.50e-05 (no improvement for 7 epochs)
Epoch 42/300 | train: 0.000978 | val: 0.000734 | lr: 2.50e-05 (no improvement for 8 epochs)
Epoch 43/300 | train: 0.000931 | val: 0.000736 | lr: 2.50e-05 (no improvement for 9 epochs)
Epoch 44/300 | train: 0.000910 | val: 0.000763 | lr: 2.50e-05 (no improvement for 10 epochs)
Epoch 45/300 | train: 0.000894 | val: 0.000733 | lr: 2.50e-05 (no improvement for 11 epochs)
Epoch 46/300 | train: 0.000882 | val: 0.000718 | lr: 2.50e-05 (no improvement for 12 epochs)
Epoch 47/300 | train: 0.000874 | val: 0.000717 | lr: 2.50e-05 (no improvement for 13 epochs)
Epoch 48/300 | train: 0.000870 | val: 0.000726 | lr: 1.25e-05 (no improvement for 14 epochs)
Epoch 49/300 | train: 0.000858 | val: 0.000731 | lr: 1.25e-05 (no improvement for 15 epochs)
Epoch 50/300 | train: 0.000845 | val: 0.000734 | lr: 1.25e-05 (no improvement for 16 epochs)
Epoch 51/300 | train: 0.000837 | val: 0.000732 | lr: 1.25e-05 (no improvement for 17 epochs)
Epoch 52/300 | train: 0.000831 | val: 0.000713 | lr: 1.25e-05 (no improvement for 18 epochs)
Epoch 53/300 | train: 0.000826 | val: 0.000721 | lr: 1.25e-05 (no improvement for 19 epochs)
Epoch 54/300 | train: 0.000820 | val: 0.000715 | lr: 1.25e-05 (no improvement for 20 epochs)
Epoch 55/300 | train: 0.000816 | val: 0.000745 | lr: 6.25e-06 (no improvement for 21 epochs)
Epoch 56/300 | train: 0.000809 | val: 0.000720 | lr: 6.25e-06 (no improvement for 22 epochs)
Epoch 57/300 | train: 0.000804 | val: 0.000726 | lr: 6.25e-06 (no improvement for 23 epochs)
Epoch 58/300 | train: 0.000800 | val: 0.000730 | lr: 6.25e-06 (no improvement for 24 epochs)
Epoch 59/300 | train: 0.000797 | val: 0.000722 | lr: 6.25e-06 (no improvement for 25 epochs)
Epoch 60/300 | train: 0.000794 | val: 0.000721 | lr: 6.25e-06 (no improvement for 26 epochs)
Epoch 61/300 | train: 0.000791 | val: 0.000734 | lr: 6.25e-06 (no improvement for 27 epochs)
Epoch 62/300 | train: 0.000787 | val: 0.000722 | lr: 3.13e-06 (no improvement for 28 epochs)
Epoch 63/300 | train: 0.000783 | val: 0.000723 | lr: 3.13e-06 (no improvement for 29 epochs)
Epoch 64/300 | train: 0.000780 | val: 0.000731 | lr: 3.13e-06 (no improvement for 30 epochs)

Early stopping at epoch 64. Best epoch: 34 (val loss: 0.000689).
/home/renku/work/SDSC-IRM/src/visualization/ae_plots.py:1115: UserWarning: Data has no positive values, and therefore cannot be log-scaled.
  ax2.set_yscale("log")
Loss plot saved: /home/renku/work/SDSC-IRM/results/0_tempo/AE_AE3dAttention_200patients_splitdefault_240dims_aiagent_existing_AE3dAttention_train_val_loss.png
