None
Data loaded | train: 200 | val: 40 | test: 60 | split: splitdefault
/home/renku/work/.venv/lib/python3.13/site-packages/torch/nn/modules/linear.py:124: UserWarning: Initializing zero-element tensors is a no-op
  init.kaiming_uniform_(self.weight, a=math.sqrt(5))
Training AE3dDilatedBottleneckCompress | device=cuda | batch_size=1 | patience=30 | max_epochs=300
Epoch 1/300 | train: 0.162670 | val: 0.090012 | lr: 5.00e-05 ✓ best
Epoch 2/300 | train: 0.058132 | val: 0.035221 | lr: 5.00e-05 ✓ best
Epoch 3/300 | train: 0.026698 | val: 0.018005 | lr: 5.00e-05 ✓ best
Epoch 4/300 | train: 0.015324 | val: 0.011034 | lr: 5.00e-05 ✓ best
Epoch 5/300 | train: 0.010333 | val: 0.008231 | lr: 5.00e-05 ✓ best
Epoch 6/300 | train: 0.007595 | val: 0.005785 | lr: 5.00e-05 ✓ best
Epoch 7/300 | train: 0.005823 | val: 0.004341 | lr: 5.00e-05 ✓ best
Epoch 8/300 | train: 0.004800 | val: 0.003494 | lr: 5.00e-05 ✓ best
Epoch 9/300 | train: 0.004089 | val: 0.003349 | lr: 5.00e-05 ✓ best
Epoch 10/300 | train: 0.003607 | val: 0.002547 | lr: 5.00e-05 ✓ best
Epoch 11/300 | train: 0.003183 | val: 0.002560 | lr: 5.00e-05 (no improvement for 1 epochs)
Epoch 12/300 | train: 0.002850 | val: 0.001870 | lr: 5.00e-05 ✓ best
Epoch 13/300 | train: 0.002691 | val: 0.001855 | lr: 5.00e-05 ✓ best
Epoch 14/300 | train: 0.002488 | val: 0.002852 | lr: 5.00e-05 (no improvement for 1 epochs)
Epoch 15/300 | train: 0.002207 | val: 0.001644 | lr: 5.00e-05 ✓ best
Epoch 16/300 | train: 0.002049 | val: 0.001364 | lr: 5.00e-05 ✓ best
Epoch 17/300 | train: 0.001922 | val: 0.001485 | lr: 5.00e-05 (no improvement for 1 epochs)
Epoch 18/300 | train: 0.001856 | val: 0.001206 | lr: 5.00e-05 ✓ best
Epoch 19/300 | train: 0.001866 | val: 0.001332 | lr: 5.00e-05 (no improvement for 1 epochs)
Epoch 20/300 | train: 0.001805 | val: 0.001109 | lr: 5.00e-05 ✓ best
Epoch 21/300 | train: 0.001648 | val: 0.001139 | lr: 5.00e-05 (no improvement for 1 epochs)
Epoch 22/300 | train: 0.001559 | val: 0.000952 | lr: 5.00e-05 ✓ best
Epoch 23/300 | train: 0.001527 | val: 0.000964 | lr: 5.00e-05 (no improvement for 1 epochs)
Epoch 24/300 | train: 0.001485 | val: 0.001177 | lr: 5.00e-05 (no improvement for 2 epochs)
Epoch 25/300 | train: 0.001429 | val: 0.000951 | lr: 5.00e-05 ✓ best
Epoch 26/300 | train: 0.001424 | val: 0.000993 | lr: 5.00e-05 (no improvement for 1 epochs)
Epoch 27/300 | train: 0.001404 | val: 0.000834 | lr: 5.00e-05 ✓ best
Epoch 28/300 | train: 0.001402 | val: 0.001108 | lr: 5.00e-05 (no improvement for 1 epochs)
Epoch 29/300 | train: 0.001352 | val: 0.000868 | lr: 5.00e-05 (no improvement for 2 epochs)
Epoch 30/300 | train: 0.001292 | val: 0.000830 | lr: 5.00e-05 ✓ best
Epoch 31/300 | train: 0.001220 | val: 0.000846 | lr: 5.00e-05 (no improvement for 1 epochs)
Epoch 32/300 | train: 0.001179 | val: 0.000773 | lr: 5.00e-05 ✓ best
Epoch 33/300 | train: 0.001170 | val: 0.000808 | lr: 5.00e-05 (no improvement for 1 epochs)
Epoch 34/300 | train: 0.001170 | val: 0.000814 | lr: 5.00e-05 (no improvement for 2 epochs)
Epoch 35/300 | train: 0.001187 | val: 0.000723 | lr: 5.00e-05 ✓ best
Epoch 36/300 | train: 0.001193 | val: 0.000736 | lr: 5.00e-05 (no improvement for 1 epochs)
Epoch 37/300 | train: 0.001213 | val: 0.000755 | lr: 5.00e-05 (no improvement for 2 epochs)
Epoch 38/300 | train: 0.001186 | val: 0.000697 | lr: 5.00e-05 ✓ best
Epoch 39/300 | train: 0.001117 | val: 0.000719 | lr: 5.00e-05 (no improvement for 1 epochs)
Epoch 40/300 | train: 0.001172 | val: 0.000831 | lr: 5.00e-05 (no improvement for 2 epochs)
Epoch 41/300 | train: 0.001150 | val: 0.000631 | lr: 5.00e-05 ✓ best
Epoch 42/300 | train: 0.001082 | val: 0.000818 | lr: 5.00e-05 (no improvement for 1 epochs)
Epoch 43/300 | train: 0.001064 | val: 0.000841 | lr: 5.00e-05 (no improvement for 2 epochs)
Epoch 44/300 | train: 0.001022 | val: 0.000710 | lr: 5.00e-05 (no improvement for 3 epochs)
Epoch 45/300 | train: 0.000997 | val: 0.000737 | lr: 5.00e-05 (no improvement for 4 epochs)
Epoch 46/300 | train: 0.000987 | val: 0.000955 | lr: 5.00e-05 (no improvement for 5 epochs)
Epoch 47/300 | train: 0.000983 | val: 0.000721 | lr: 5.00e-05 (no improvement for 6 epochs)
Epoch 48/300 | train: 0.001027 | val: 0.000883 | lr: 2.50e-05 (no improvement for 7 epochs)
Epoch 49/300 | train: 0.000948 | val: 0.000679 | lr: 2.50e-05 (no improvement for 8 epochs)
Epoch 50/300 | train: 0.000884 | val: 0.000643 | lr: 2.50e-05 (no improvement for 9 epochs)
Epoch 51/300 | train: 0.000864 | val: 0.000656 | lr: 2.50e-05 (no improvement for 10 epochs)
Epoch 52/300 | train: 0.000852 | val: 0.000677 | lr: 2.50e-05 (no improvement for 11 epochs)
Epoch 53/300 | train: 0.000843 | val: 0.000741 | lr: 2.50e-05 (no improvement for 12 epochs)
Epoch 54/300 | train: 0.000837 | val: 0.000699 | lr: 2.50e-05 (no improvement for 13 epochs)
Epoch 55/300 | train: 0.000828 | val: 0.000668 | lr: 1.25e-05 (no improvement for 14 epochs)
Epoch 56/300 | train: 0.000818 | val: 0.000680 | lr: 1.25e-05 (no improvement for 15 epochs)
Epoch 57/300 | train: 0.000805 | val: 0.000679 | lr: 1.25e-05 (no improvement for 16 epochs)
Epoch 58/300 | train: 0.000799 | val: 0.000687 | lr: 1.25e-05 (no improvement for 17 epochs)
Epoch 59/300 | train: 0.000793 | val: 0.000686 | lr: 1.25e-05 (no improvement for 18 epochs)
Epoch 60/300 | train: 0.000789 | val: 0.000683 | lr: 1.25e-05 (no improvement for 19 epochs)
Epoch 61/300 | train: 0.000785 | val: 0.000665 | lr: 1.25e-05 (no improvement for 20 epochs)
Epoch 62/300 | train: 0.000782 | val: 0.000701 | lr: 6.25e-06 (no improvement for 21 epochs)
Epoch 63/300 | train: 0.000776 | val: 0.000690 | lr: 6.25e-06 (no improvement for 22 epochs)
Epoch 64/300 | train: 0.000769 | val: 0.000702 | lr: 6.25e-06 (no improvement for 23 epochs)
Epoch 65/300 | train: 0.000765 | val: 0.000692 | lr: 6.25e-06 (no improvement for 24 epochs)
Epoch 66/300 | train: 0.000762 | val: 0.000704 | lr: 6.25e-06 (no improvement for 25 epochs)
Epoch 67/300 | train: 0.000760 | val: 0.000697 | lr: 6.25e-06 (no improvement for 26 epochs)
Epoch 68/300 | train: 0.000757 | val: 0.000698 | lr: 6.25e-06 (no improvement for 27 epochs)
Epoch 69/300 | train: 0.000754 | val: 0.000698 | lr: 3.13e-06 (no improvement for 28 epochs)
Epoch 70/300 | train: 0.000750 | val: 0.000697 | lr: 3.13e-06 (no improvement for 29 epochs)
Epoch 71/300 | train: 0.000748 | val: 0.000700 | lr: 3.13e-06 (no improvement for 30 epochs)

Early stopping at epoch 71. Best epoch: 41 (val loss: 0.000631).
/home/renku/work/SDSC-IRM/src/visualization/ae_plots.py:1115: UserWarning: Data has no positive values, and therefore cannot be log-scaled.
  ax2.set_yscale("log")
Loss plot saved: /home/renku/work/SDSC-IRM/results/0_tempo/AE_AE3dDilatedBottleneckCompress_200patients_splitdefault_120dims_aiagent_AE3dDilatedBottleneckCompress_train_val_loss.png
