None
Data loaded | train: 200 | val: 40 | test: 60 | split: splitdefault
/home/renku/work/.venv/lib/python3.13/site-packages/torch/nn/modules/linear.py:124: UserWarning: Initializing zero-element tensors is a no-op
  init.kaiming_uniform_(self.weight, a=math.sqrt(5))
Training AE3dCompact | device=cuda | batch_size=1 | patience=30 | max_epochs=300
Epoch 1/300 | train: 0.255052 | val: 0.226980 | lr: 5.00e-05 ✓ best
Epoch 2/300 | train: 0.167649 | val: 0.127308 | lr: 5.00e-05 ✓ best
Epoch 3/300 | train: 0.101448 | val: 0.079095 | lr: 5.00e-05 ✓ best
Epoch 4/300 | train: 0.062609 | val: 0.045803 | lr: 5.00e-05 ✓ best
Epoch 5/300 | train: 0.037508 | val: 0.029446 | lr: 5.00e-05 ✓ best
Epoch 6/300 | train: 0.026034 | val: 0.020467 | lr: 5.00e-05 ✓ best
Epoch 7/300 | train: 0.019481 | val: 0.015675 | lr: 5.00e-05 ✓ best
Epoch 8/300 | train: 0.015237 | val: 0.012080 | lr: 5.00e-05 ✓ best
Epoch 9/300 | train: 0.012335 | val: 0.009989 | lr: 5.00e-05 ✓ best
Epoch 10/300 | train: 0.010196 | val: 0.008001 | lr: 5.00e-05 ✓ best
Epoch 11/300 | train: 0.008587 | val: 0.006519 | lr: 5.00e-05 ✓ best
Epoch 12/300 | train: 0.007453 | val: 0.005598 | lr: 5.00e-05 ✓ best
Epoch 13/300 | train: 0.006435 | val: 0.004868 | lr: 5.00e-05 ✓ best
Epoch 14/300 | train: 0.005598 | val: 0.004166 | lr: 5.00e-05 ✓ best
Epoch 15/300 | train: 0.004963 | val: 0.003736 | lr: 5.00e-05 ✓ best
Epoch 16/300 | train: 0.004328 | val: 0.003389 | lr: 5.00e-05 ✓ best
Epoch 17/300 | train: 0.003888 | val: 0.002781 | lr: 5.00e-05 ✓ best
Epoch 18/300 | train: 0.003545 | val: 0.002624 | lr: 5.00e-05 ✓ best
Epoch 19/300 | train: 0.003238 | val: 0.003345 | lr: 5.00e-05 (no improvement for 1 epochs)
Epoch 20/300 | train: 0.003203 | val: 0.002408 | lr: 5.00e-05 ✓ best
Epoch 21/300 | train: 0.002854 | val: 0.002315 | lr: 5.00e-05 ✓ best
Epoch 22/300 | train: 0.002623 | val: 0.002182 | lr: 5.00e-05 ✓ best
Epoch 23/300 | train: 0.002493 | val: 0.001815 | lr: 5.00e-05 ✓ best
Epoch 24/300 | train: 0.002331 | val: 0.001712 | lr: 5.00e-05 ✓ best
Epoch 25/300 | train: 0.002224 | val: 0.001690 | lr: 5.00e-05 ✓ best
Epoch 26/300 | train: 0.002080 | val: 0.001577 | lr: 5.00e-05 ✓ best
Epoch 27/300 | train: 0.001995 | val: 0.001470 | lr: 5.00e-05 ✓ best
Epoch 28/300 | train: 0.001906 | val: 0.001308 | lr: 5.00e-05 ✓ best
Epoch 29/300 | train: 0.001843 | val: 0.001256 | lr: 5.00e-05 ✓ best
Epoch 30/300 | train: 0.001751 | val: 0.001195 | lr: 5.00e-05 ✓ best
Epoch 31/300 | train: 0.001677 | val: 0.001665 | lr: 5.00e-05 (no improvement for 1 epochs)
Epoch 32/300 | train: 0.001637 | val: 0.001263 | lr: 5.00e-05 (no improvement for 2 epochs)
Epoch 33/300 | train: 0.001616 | val: 0.001410 | lr: 5.00e-05 (no improvement for 3 epochs)
Epoch 34/300 | train: 0.001582 | val: 0.001158 | lr: 5.00e-05 ✓ best
Epoch 35/300 | train: 0.001561 | val: 0.001091 | lr: 5.00e-05 ✓ best
Epoch 36/300 | train: 0.001499 | val: 0.001307 | lr: 5.00e-05 (no improvement for 1 epochs)
Epoch 37/300 | train: 0.001496 | val: 0.000997 | lr: 5.00e-05 ✓ best
Epoch 38/300 | train: 0.001450 | val: 0.001035 | lr: 5.00e-05 (no improvement for 1 epochs)
Epoch 39/300 | train: 0.001428 | val: 0.001167 | lr: 5.00e-05 (no improvement for 2 epochs)
Epoch 40/300 | train: 0.001378 | val: 0.000992 | lr: 5.00e-05 ✓ best
Epoch 41/300 | train: 0.001316 | val: 0.001049 | lr: 5.00e-05 (no improvement for 1 epochs)
Epoch 42/300 | train: 0.001277 | val: 0.001012 | lr: 5.00e-05 (no improvement for 2 epochs)
Epoch 43/300 | train: 0.001270 | val: 0.000872 | lr: 5.00e-05 ✓ best
Epoch 44/300 | train: 0.001260 | val: 0.000839 | lr: 5.00e-05 ✓ best
Epoch 45/300 | train: 0.001303 | val: 0.000849 | lr: 5.00e-05 (no improvement for 1 epochs)
Epoch 46/300 | train: 0.001281 | val: 0.000825 | lr: 5.00e-05 ✓ best
Epoch 47/300 | train: 0.001230 | val: 0.000879 | lr: 5.00e-05 (no improvement for 1 epochs)
Epoch 48/300 | train: 0.001242 | val: 0.000792 | lr: 5.00e-05 ✓ best
Epoch 49/300 | train: 0.001220 | val: 0.000784 | lr: 5.00e-05 ✓ best
Epoch 50/300 | train: 0.001214 | val: 0.000899 | lr: 5.00e-05 (no improvement for 1 epochs)
Epoch 51/300 | train: 0.001162 | val: 0.001149 | lr: 5.00e-05 (no improvement for 2 epochs)
Epoch 52/300 | train: 0.001137 | val: 0.000846 | lr: 5.00e-05 (no improvement for 3 epochs)
Epoch 53/300 | train: 0.001108 | val: 0.000949 | lr: 5.00e-05 (no improvement for 4 epochs)
Epoch 54/300 | train: 0.001114 | val: 0.000862 | lr: 5.00e-05 (no improvement for 5 epochs)
Epoch 55/300 | train: 0.001119 | val: 0.000814 | lr: 5.00e-05 (no improvement for 6 epochs)
Epoch 56/300 | train: 0.001172 | val: 0.000775 | lr: 5.00e-05 ✓ best
Epoch 57/300 | train: 0.001198 | val: 0.001218 | lr: 5.00e-05 (no improvement for 1 epochs)
Epoch 58/300 | train: 0.001144 | val: 0.000799 | lr: 5.00e-05 (no improvement for 2 epochs)
Epoch 59/300 | train: 0.001078 | val: 0.000926 | lr: 5.00e-05 (no improvement for 3 epochs)
Epoch 60/300 | train: 0.001071 | val: 0.000763 | lr: 5.00e-05 ✓ best
Epoch 61/300 | train: 0.001061 | val: 0.000712 | lr: 5.00e-05 ✓ best
Epoch 62/300 | train: 0.001081 | val: 0.000865 | lr: 5.00e-05 (no improvement for 1 epochs)
Epoch 63/300 | train: 0.001039 | val: 0.000850 | lr: 5.00e-05 (no improvement for 2 epochs)
Epoch 64/300 | train: 0.001033 | val: 0.000755 | lr: 5.00e-05 (no improvement for 3 epochs)
Epoch 65/300 | train: 0.001066 | val: 0.001044 | lr: 5.00e-05 (no improvement for 4 epochs)
Epoch 66/300 | train: 0.001018 | val: 0.000875 | lr: 5.00e-05 (no improvement for 5 epochs)
Epoch 67/300 | train: 0.001017 | val: 0.000727 | lr: 5.00e-05 (no improvement for 6 epochs)
Epoch 68/300 | train: 0.001007 | val: 0.001048 | lr: 2.50e-05 (no improvement for 7 epochs)
Epoch 69/300 | train: 0.000972 | val: 0.000724 | lr: 2.50e-05 (no improvement for 8 epochs)
Epoch 70/300 | train: 0.000929 | val: 0.000800 | lr: 2.50e-05 (no improvement for 9 epochs)
Epoch 71/300 | train: 0.000909 | val: 0.000782 | lr: 2.50e-05 (no improvement for 10 epochs)
Epoch 72/300 | train: 0.000900 | val: 0.000793 | lr: 2.50e-05 (no improvement for 11 epochs)
Epoch 73/300 | train: 0.000894 | val: 0.000796 | lr: 2.50e-05 (no improvement for 12 epochs)
Epoch 74/300 | train: 0.000888 | val: 0.000748 | lr: 2.50e-05 (no improvement for 13 epochs)
Epoch 75/300 | train: 0.000886 | val: 0.000765 | lr: 1.25e-05 (no improvement for 14 epochs)
Epoch 76/300 | train: 0.000879 | val: 0.000780 | lr: 1.25e-05 (no improvement for 15 epochs)
Epoch 77/300 | train: 0.000867 | val: 0.000777 | lr: 1.25e-05 (no improvement for 16 epochs)
Epoch 78/300 | train: 0.000862 | val: 0.000777 | lr: 1.25e-05 (no improvement for 17 epochs)
Epoch 79/300 | train: 0.000858 | val: 0.000763 | lr: 1.25e-05 (no improvement for 18 epochs)
Epoch 80/300 | train: 0.000855 | val: 0.000772 | lr: 1.25e-05 (no improvement for 19 epochs)
Epoch 81/300 | train: 0.000852 | val: 0.000776 | lr: 1.25e-05 (no improvement for 20 epochs)
Epoch 82/300 | train: 0.000850 | val: 0.000764 | lr: 6.25e-06 (no improvement for 21 epochs)
Epoch 83/300 | train: 0.000844 | val: 0.000771 | lr: 6.25e-06 (no improvement for 22 epochs)
Epoch 84/300 | train: 0.000839 | val: 0.000790 | lr: 6.25e-06 (no improvement for 23 epochs)
Epoch 85/300 | train: 0.000837 | val: 0.000780 | lr: 6.25e-06 (no improvement for 24 epochs)
Epoch 86/300 | train: 0.000835 | val: 0.000775 | lr: 6.25e-06 (no improvement for 25 epochs)
Epoch 87/300 | train: 0.000832 | val: 0.000784 | lr: 6.25e-06 (no improvement for 26 epochs)
Epoch 88/300 | train: 0.000830 | val: 0.000779 | lr: 6.25e-06 (no improvement for 27 epochs)
Epoch 89/300 | train: 0.000828 | val: 0.000775 | lr: 3.13e-06 (no improvement for 28 epochs)
Epoch 90/300 | train: 0.000825 | val: 0.000783 | lr: 3.13e-06 (no improvement for 29 epochs)
Epoch 91/300 | train: 0.000823 | val: 0.000785 | lr: 3.13e-06 (no improvement for 30 epochs)

Early stopping at epoch 91. Best epoch: 61 (val loss: 0.000712).
/home/renku/work/SDSC-IRM/src/visualization/ae_plots.py:1115: UserWarning: Data has no positive values, and therefore cannot be log-scaled.
  ax2.set_yscale("log")
Loss plot saved: /home/renku/work/SDSC-IRM/results/0_tempo/AE_AE3dCompact_200patients_splitdefault_120dims_aiagent_AE3dCompact_train_val_loss.png
