None
Data loaded | train: 200 | val: 40 | test: 60 | split: splitdefault

============================================================
Model: AE3dSeparableDilated | latent_dim: 8
============================================================
Training AE3dSeparableDilated | device=cuda | batch_size=1 | patience=30 | max_epochs=300
Epoch 1/300 | train: 0.149842 | val: 0.085436 | lr: 5.00e-05 ✓ best
Epoch 2/300 | train: 0.060435 | val: 0.040908 | lr: 5.00e-05 ✓ best
Epoch 3/300 | train: 0.029510 | val: 0.019772 | lr: 5.00e-05 ✓ best
Epoch 4/300 | train: 0.016131 | val: 0.011671 | lr: 5.00e-05 ✓ best
Epoch 5/300 | train: 0.010662 | val: 0.008425 | lr: 5.00e-05 ✓ best
Epoch 6/300 | train: 0.007834 | val: 0.005844 | lr: 5.00e-05 ✓ best
Epoch 7/300 | train: 0.006199 | val: 0.004789 | lr: 5.00e-05 ✓ best
Epoch 8/300 | train: 0.005194 | val: 0.003833 | lr: 5.00e-05 ✓ best
Epoch 9/300 | train: 0.004392 | val: 0.003413 | lr: 5.00e-05 ✓ best
Epoch 10/300 | train: 0.003791 | val: 0.003063 | lr: 5.00e-05 ✓ best
Epoch 11/300 | train: 0.003334 | val: 0.002727 | lr: 5.00e-05 ✓ best
Epoch 12/300 | train: 0.003027 | val: 0.002258 | lr: 5.00e-05 ✓ best
Epoch 13/300 | train: 0.002736 | val: 0.002625 | lr: 5.00e-05 (no improvement for 1 epochs)
Epoch 14/300 | train: 0.002558 | val: 0.001920 | lr: 5.00e-05 ✓ best
Epoch 15/300 | train: 0.002363 | val: 0.001831 | lr: 5.00e-05 ✓ best
Epoch 16/300 | train: 0.002208 | val: 0.001668 | lr: 5.00e-05 ✓ best
Epoch 17/300 | train: 0.002088 | val: 0.001537 | lr: 5.00e-05 ✓ best
Epoch 18/300 | train: 0.001962 | val: 0.001719 | lr: 5.00e-05 (no improvement for 1 epochs)
Epoch 19/300 | train: 0.001873 | val: 0.001292 | lr: 5.00e-05 ✓ best
Epoch 20/300 | train: 0.001803 | val: 0.001422 | lr: 5.00e-05 (no improvement for 1 epochs)
Epoch 21/300 | train: 0.001718 | val: 0.001299 | lr: 5.00e-05 (no improvement for 2 epochs)
Epoch 22/300 | train: 0.001639 | val: 0.001258 | lr: 5.00e-05 ✓ best
Epoch 23/300 | train: 0.001603 | val: 0.001128 | lr: 5.00e-05 ✓ best
Epoch 24/300 | train: 0.001531 | val: 0.001053 | lr: 5.00e-05 ✓ best
Epoch 25/300 | train: 0.001446 | val: 0.001082 | lr: 5.00e-05 (no improvement for 1 epochs)
Epoch 26/300 | train: 0.001427 | val: 0.001058 | lr: 5.00e-05 (no improvement for 2 epochs)
Epoch 27/300 | train: 0.001418 | val: 0.000917 | lr: 5.00e-05 ✓ best
Epoch 28/300 | train: 0.001395 | val: 0.001079 | lr: 5.00e-05 (no improvement for 1 epochs)
Epoch 29/300 | train: 0.001359 | val: 0.001052 | lr: 5.00e-05 (no improvement for 2 epochs)
Epoch 30/300 | train: 0.001301 | val: 0.001103 | lr: 5.00e-05 (no improvement for 3 epochs)
Epoch 31/300 | train: 0.001280 | val: 0.000933 | lr: 5.00e-05 (no improvement for 4 epochs)
Epoch 32/300 | train: 0.001258 | val: 0.000892 | lr: 5.00e-05 ✓ best
Epoch 33/300 | train: 0.001236 | val: 0.001101 | lr: 5.00e-05 (no improvement for 1 epochs)
Epoch 34/300 | train: 0.001241 | val: 0.001007 | lr: 5.00e-05 (no improvement for 2 epochs)
Epoch 35/300 | train: 0.001220 | val: 0.001027 | lr: 5.00e-05 (no improvement for 3 epochs)
Epoch 36/300 | train: 0.001192 | val: 0.000920 | lr: 5.00e-05 (no improvement for 4 epochs)
Epoch 37/300 | train: 0.001163 | val: 0.000843 | lr: 5.00e-05 ✓ best
Epoch 38/300 | train: 0.001144 | val: 0.000966 | lr: 5.00e-05 (no improvement for 1 epochs)
Epoch 39/300 | train: 0.001161 | val: 0.000844 | lr: 5.00e-05 (no improvement for 2 epochs)
Epoch 40/300 | train: 0.001174 | val: 0.000932 | lr: 5.00e-05 (no improvement for 3 epochs)
Epoch 41/300 | train: 0.001162 | val: 0.000924 | lr: 5.00e-05 (no improvement for 4 epochs)
Epoch 42/300 | train: 0.001145 | val: 0.000845 | lr: 5.00e-05 (no improvement for 5 epochs)
Epoch 43/300 | train: 0.001113 | val: 0.000757 | lr: 5.00e-05 ✓ best
Epoch 44/300 | train: 0.001072 | val: 0.000855 | lr: 5.00e-05 (no improvement for 1 epochs)
Epoch 45/300 | train: 0.001047 | val: 0.000849 | lr: 5.00e-05 (no improvement for 2 epochs)
Epoch 46/300 | train: 0.001027 | val: 0.000881 | lr: 5.00e-05 (no improvement for 3 epochs)
Epoch 47/300 | train: 0.001035 | val: 0.001062 | lr: 5.00e-05 (no improvement for 4 epochs)
Epoch 48/300 | train: 0.001035 | val: 0.001001 | lr: 5.00e-05 (no improvement for 5 epochs)
Epoch 49/300 | train: 0.001041 | val: 0.000899 | lr: 5.00e-05 (no improvement for 6 epochs)
Epoch 50/300 | train: 0.001051 | val: 0.000999 | lr: 2.50e-05 (no improvement for 7 epochs)
Epoch 51/300 | train: 0.000991 | val: 0.000831 | lr: 2.50e-05 (no improvement for 8 epochs)
Epoch 52/300 | train: 0.000934 | val: 0.000878 | lr: 2.50e-05 (no improvement for 9 epochs)
Epoch 53/300 | train: 0.000907 | val: 0.000835 | lr: 2.50e-05 (no improvement for 10 epochs)
Epoch 54/300 | train: 0.000893 | val: 0.000870 | lr: 2.50e-05 (no improvement for 11 epochs)
Epoch 55/300 | train: 0.000883 | val: 0.000888 | lr: 2.50e-05 (no improvement for 12 epochs)
Epoch 56/300 | train: 0.000875 | val: 0.000901 | lr: 2.50e-05 (no improvement for 13 epochs)
Epoch 57/300 | train: 0.000870 | val: 0.000841 | lr: 1.25e-05 (no improvement for 14 epochs)
Epoch 58/300 | train: 0.000855 | val: 0.000880 | lr: 1.25e-05 (no improvement for 15 epochs)
Epoch 59/300 | train: 0.000847 | val: 0.000903 | lr: 1.25e-05 (no improvement for 16 epochs)
Epoch 60/300 | train: 0.000843 | val: 0.000894 | lr: 1.25e-05 (no improvement for 17 epochs)
Epoch 61/300 | train: 0.000838 | val: 0.000863 | lr: 1.25e-05 (no improvement for 18 epochs)
Epoch 62/300 | train: 0.000834 | val: 0.000906 | lr: 1.25e-05 (no improvement for 19 epochs)
Epoch 63/300 | train: 0.000830 | val: 0.000924 | lr: 1.25e-05 (no improvement for 20 epochs)
Epoch 64/300 | train: 0.000827 | val: 0.000893 | lr: 6.25e-06 (no improvement for 21 epochs)
Epoch 65/300 | train: 0.000818 | val: 0.000892 | lr: 6.25e-06 (no improvement for 22 epochs)
Epoch 66/300 | train: 0.000814 | val: 0.000899 | lr: 6.25e-06 (no improvement for 23 epochs)
Epoch 67/300 | train: 0.000811 | val: 0.000891 | lr: 6.25e-06 (no improvement for 24 epochs)
Epoch 68/300 | train: 0.000809 | val: 0.000898 | lr: 6.25e-06 (no improvement for 25 epochs)
Epoch 69/300 | train: 0.000807 | val: 0.000899 | lr: 6.25e-06 (no improvement for 26 epochs)
Epoch 70/300 | train: 0.000804 | val: 0.000894 | lr: 6.25e-06 (no improvement for 27 epochs)
Epoch 71/300 | train: 0.000802 | val: 0.000906 | lr: 3.13e-06 (no improvement for 28 epochs)
Epoch 72/300 | train: 0.000797 | val: 0.000899 | lr: 3.13e-06 (no improvement for 29 epochs)
Epoch 73/300 | train: 0.000795 | val: 0.000896 | lr: 3.13e-06 (no improvement for 30 epochs)

Early stopping at epoch 73. Best epoch: 43 (val loss: 0.000757).
/home/renku/work/SDSC-IRM/src/visualization/ae_plots.py:1115: UserWarning: Data has no positive values, and therefore cannot be log-scaled.
  ax2.set_yscale("log")
Loss plot saved: /home/renku/work/SDSC-IRM/results/0_tempo/AE_AE3dSeparableDilated_200patients_splitdefault_8dims_aiagent_existing_AE3dSeparableDilated_train_val_loss.png
[train] R2 mean=0.8311 std=0.0556 | MSE mean=301.073517
[validation] R2 mean=0.7323 std=0.1126 | MSE mean=199.648468
[test] R2 mean=0.7544 std=0.0980 | MSE mean=244.219406

============================================================
Model: AE3dSeparableDilated | latent_dim: 60
============================================================
Training AE3dSeparableDilated | device=cuda | batch_size=1 | patience=30 | max_epochs=300
Epoch 1/300 | train: 0.118324 | val: 0.065318 | lr: 5.00e-05 ✓ best
Epoch 2/300 | train: 0.044870 | val: 0.029141 | lr: 5.00e-05 ✓ best
Epoch 3/300 | train: 0.022240 | val: 0.015220 | lr: 5.00e-05 ✓ best
Epoch 4/300 | train: 0.012912 | val: 0.009453 | lr: 5.00e-05 ✓ best
Epoch 5/300 | train: 0.008512 | val: 0.006521 | lr: 5.00e-05 ✓ best
Epoch 6/300 | train: 0.006320 | val: 0.005295 | lr: 5.00e-05 ✓ best
Epoch 7/300 | train: 0.004896 | val: 0.003585 | lr: 5.00e-05 ✓ best
Epoch 8/300 | train: 0.004004 | val: 0.002800 | lr: 5.00e-05 ✓ best
Epoch 9/300 | train: 0.003382 | val: 0.003226 | lr: 5.00e-05 (no improvement for 1 epochs)
Epoch 10/300 | train: 0.002980 | val: 0.002050 | lr: 5.00e-05 ✓ best
Epoch 11/300 | train: 0.002665 | val: 0.001914 | lr: 5.00e-05 ✓ best
Epoch 12/300 | train: 0.002404 | val: 0.001663 | lr: 5.00e-05 ✓ best
Epoch 13/300 | train: 0.002195 | val: 0.001565 | lr: 5.00e-05 ✓ best
Epoch 14/300 | train: 0.002023 | val: 0.001474 | lr: 5.00e-05 ✓ best
Epoch 15/300 | train: 0.001937 | val: 0.001436 | lr: 5.00e-05 ✓ best
Epoch 16/300 | train: 0.001907 | val: 0.001307 | lr: 5.00e-05 ✓ best
Epoch 17/300 | train: 0.001809 | val: 0.001405 | lr: 5.00e-05 (no improvement for 1 epochs)
Epoch 18/300 | train: 0.001670 | val: 0.001100 | lr: 5.00e-05 ✓ best
Epoch 19/300 | train: 0.001578 | val: 0.001136 | lr: 5.00e-05 (no improvement for 1 epochs)
Epoch 20/300 | train: 0.001530 | val: 0.001100 | lr: 5.00e-05 ✓ best
Epoch 21/300 | train: 0.001532 | val: 0.001027 | lr: 5.00e-05 ✓ best
Epoch 22/300 | train: 0.001482 | val: 0.001002 | lr: 5.00e-05 ✓ best
Epoch 23/300 | train: 0.001446 | val: 0.001052 | lr: 5.00e-05 (no improvement for 1 epochs)
Epoch 24/300 | train: 0.001394 | val: 0.001370 | lr: 5.00e-05 (no improvement for 2 epochs)
Epoch 25/300 | train: 0.001338 | val: 0.001099 | lr: 5.00e-05 (no improvement for 3 epochs)
Epoch 26/300 | train: 0.001299 | val: 0.000817 | lr: 5.00e-05 ✓ best
Epoch 27/300 | train: 0.001261 | val: 0.000842 | lr: 5.00e-05 (no improvement for 1 epochs)
Epoch 28/300 | train: 0.001238 | val: 0.001078 | lr: 5.00e-05 (no improvement for 2 epochs)
Epoch 29/300 | train: 0.001207 | val: 0.000841 | lr: 5.00e-05 (no improvement for 3 epochs)
Epoch 30/300 | train: 0.001186 | val: 0.001149 | lr: 5.00e-05 (no improvement for 4 epochs)
Epoch 31/300 | train: 0.001183 | val: 0.000806 | lr: 5.00e-05 ✓ best
Epoch 32/300 | train: 0.001159 | val: 0.000773 | lr: 5.00e-05 ✓ best
Epoch 33/300 | train: 0.001159 | val: 0.000962 | lr: 5.00e-05 (no improvement for 1 epochs)
Epoch 34/300 | train: 0.001205 | val: 0.000974 | lr: 5.00e-05 (no improvement for 2 epochs)
Epoch 35/300 | train: 0.001205 | val: 0.000851 | lr: 5.00e-05 (no improvement for 3 epochs)
Epoch 36/300 | train: 0.001161 | val: 0.000710 | lr: 5.00e-05 ✓ best
Epoch 37/300 | train: 0.001107 | val: 0.000928 | lr: 5.00e-05 (no improvement for 1 epochs)
Epoch 38/300 | train: 0.001088 | val: 0.000798 | lr: 5.00e-05 (no improvement for 2 epochs)
Epoch 39/300 | train: 0.001056 | val: 0.000874 | lr: 5.00e-05 (no improvement for 3 epochs)
Epoch 40/300 | train: 0.001030 | val: 0.000760 | lr: 5.00e-05 (no improvement for 4 epochs)
Epoch 41/300 | train: 0.001020 | val: 0.000988 | lr: 5.00e-05 (no improvement for 5 epochs)
Epoch 42/300 | train: 0.001007 | val: 0.000695 | lr: 5.00e-05 ✓ best
Epoch 43/300 | train: 0.001006 | val: 0.000952 | lr: 5.00e-05 (no improvement for 1 epochs)
Epoch 44/300 | train: 0.001013 | val: 0.000773 | lr: 5.00e-05 (no improvement for 2 epochs)
Epoch 45/300 | train: 0.001031 | val: 0.000734 | lr: 5.00e-05 (no improvement for 3 epochs)
Epoch 46/300 | train: 0.001068 | val: 0.000834 | lr: 5.00e-05 (no improvement for 4 epochs)
Epoch 47/300 | train: 0.001012 | val: 0.000822 | lr: 5.00e-05 (no improvement for 5 epochs)
Epoch 48/300 | train: 0.000980 | val: 0.000668 | lr: 5.00e-05 ✓ best
Epoch 49/300 | train: 0.000938 | val: 0.000700 | lr: 5.00e-05 (no improvement for 1 epochs)
Epoch 50/300 | train: 0.000941 | val: 0.000726 | lr: 5.00e-05 (no improvement for 2 epochs)
Epoch 51/300 | train: 0.000937 | val: 0.000663 | lr: 5.00e-05 ✓ best
Epoch 52/300 | train: 0.000950 | val: 0.000672 | lr: 5.00e-05 (no improvement for 1 epochs)
Epoch 53/300 | train: 0.000918 | val: 0.000718 | lr: 5.00e-05 (no improvement for 2 epochs)
Epoch 54/300 | train: 0.000906 | val: 0.000676 | lr: 5.00e-05 (no improvement for 3 epochs)
Epoch 55/300 | train: 0.000904 | val: 0.000809 | lr: 5.00e-05 (no improvement for 4 epochs)
Epoch 56/300 | train: 0.000938 | val: 0.000664 | lr: 5.00e-05 (no improvement for 5 epochs)
Epoch 57/300 | train: 0.000967 | val: 0.000655 | lr: 5.00e-05 ✓ best
Epoch 58/300 | train: 0.000979 | val: 0.000729 | lr: 5.00e-05 (no improvement for 1 epochs)
Epoch 59/300 | train: 0.000971 | val: 0.000676 | lr: 5.00e-05 (no improvement for 2 epochs)
Epoch 60/300 | train: 0.000918 | val: 0.000744 | lr: 5.00e-05 (no improvement for 3 epochs)
Epoch 61/300 | train: 0.000868 | val: 0.000696 | lr: 5.00e-05 (no improvement for 4 epochs)
Epoch 62/300 | train: 0.000831 | val: 0.000708 | lr: 5.00e-05 (no improvement for 5 epochs)
Epoch 63/300 | train: 0.000819 | val: 0.000703 | lr: 5.00e-05 (no improvement for 6 epochs)
Epoch 64/300 | train: 0.000827 | val: 0.000721 | lr: 2.50e-05 (no improvement for 7 epochs)
Epoch 65/300 | train: 0.000800 | val: 0.000768 | lr: 2.50e-05 (no improvement for 8 epochs)
Epoch 66/300 | train: 0.000772 | val: 0.000734 | lr: 2.50e-05 (no improvement for 9 epochs)
Epoch 67/300 | train: 0.000761 | val: 0.000734 | lr: 2.50e-05 (no improvement for 10 epochs)
Epoch 68/300 | train: 0.000754 | val: 0.000727 | lr: 2.50e-05 (no improvement for 11 epochs)
Epoch 69/300 | train: 0.000749 | val: 0.000748 | lr: 2.50e-05 (no improvement for 12 epochs)
Epoch 70/300 | train: 0.000744 | val: 0.000737 | lr: 2.50e-05 (no improvement for 13 epochs)
Epoch 71/300 | train: 0.000740 | val: 0.000744 | lr: 1.25e-05 (no improvement for 14 epochs)
Epoch 72/300 | train: 0.000734 | val: 0.000766 | lr: 1.25e-05 (no improvement for 15 epochs)
Epoch 73/300 | train: 0.000730 | val: 0.000737 | lr: 1.25e-05 (no improvement for 16 epochs)
Epoch 74/300 | train: 0.000727 | val: 0.000758 | lr: 1.25e-05 (no improvement for 17 epochs)
Epoch 75/300 | train: 0.000724 | val: 0.000738 | lr: 1.25e-05 (no improvement for 18 epochs)
Epoch 76/300 | train: 0.000721 | val: 0.000741 | lr: 1.25e-05 (no improvement for 19 epochs)
Epoch 77/300 | train: 0.000719 | val: 0.000738 | lr: 1.25e-05 (no improvement for 20 epochs)
Epoch 78/300 | train: 0.000717 | val: 0.000740 | lr: 6.25e-06 (no improvement for 21 epochs)
Epoch 79/300 | train: 0.000713 | val: 0.000743 | lr: 6.25e-06 (no improvement for 22 epochs)
Epoch 80/300 | train: 0.000710 | val: 0.000749 | lr: 6.25e-06 (no improvement for 23 epochs)
Epoch 81/300 | train: 0.000708 | val: 0.000747 | lr: 6.25e-06 (no improvement for 24 epochs)
Epoch 82/300 | train: 0.000707 | val: 0.000752 | lr: 6.25e-06 (no improvement for 25 epochs)
Epoch 83/300 | train: 0.000705 | val: 0.000750 | lr: 6.25e-06 (no improvement for 26 epochs)
Epoch 84/300 | train: 0.000703 | val: 0.000748 | lr: 6.25e-06 (no improvement for 27 epochs)
Epoch 85/300 | train: 0.000702 | val: 0.000755 | lr: 3.13e-06 (no improvement for 28 epochs)
Epoch 86/300 | train: 0.000699 | val: 0.000753 | lr: 3.13e-06 (no improvement for 29 epochs)
Epoch 87/300 | train: 0.000698 | val: 0.000756 | lr: 3.13e-06 (no improvement for 30 epochs)

Early stopping at epoch 87. Best epoch: 57 (val loss: 0.000655).
/home/renku/work/SDSC-IRM/src/visualization/ae_plots.py:1115: UserWarning: Data has no positive values, and therefore cannot be log-scaled.
  ax2.set_yscale("log")
Loss plot saved: /home/renku/work/SDSC-IRM/results/0_tempo/AE_AE3dSeparableDilated_200patients_splitdefault_60dims_aiagent_existing_AE3dSeparableDilated_train_val_loss.png
[train] R2 mean=0.8675 std=0.0628 | MSE mean=261.103851
[validation] R2 mean=0.7649 std=0.1107 | MSE mean=172.568069
[test] R2 mean=0.7785 std=0.1041 | MSE mean=228.289795

============================================================
Model: AE3dSeparableDilated | latent_dim: 240
============================================================
Training AE3dSeparableDilated | device=cuda | batch_size=1 | patience=30 | max_epochs=300
Epoch 1/300 | train: 0.113647 | val: 0.061071 | lr: 5.00e-05 ✓ best
Epoch 2/300 | train: 0.041117 | val: 0.025913 | lr: 5.00e-05 ✓ best
Epoch 3/300 | train: 0.020296 | val: 0.014500 | lr: 5.00e-05 ✓ best
Epoch 4/300 | train: 0.012129 | val: 0.009155 | lr: 5.00e-05 ✓ best
Epoch 5/300 | train: 0.008263 | val: 0.006254 | lr: 5.00e-05 ✓ best
Epoch 6/300 | train: 0.006257 | val: 0.005043 | lr: 5.00e-05 ✓ best
Epoch 7/300 | train: 0.004894 | val: 0.003768 | lr: 5.00e-05 ✓ best
Epoch 8/300 | train: 0.004078 | val: 0.003187 | lr: 5.00e-05 ✓ best
Epoch 9/300 | train: 0.003546 | val: 0.002507 | lr: 5.00e-05 ✓ best
Epoch 10/300 | train: 0.003034 | val: 0.002464 | lr: 5.00e-05 ✓ best
Epoch 11/300 | train: 0.002664 | val: 0.002030 | lr: 5.00e-05 ✓ best
Epoch 12/300 | train: 0.002394 | val: 0.001713 | lr: 5.00e-05 ✓ best
Epoch 13/300 | train: 0.002232 | val: 0.002051 | lr: 5.00e-05 (no improvement for 1 epochs)
Epoch 14/300 | train: 0.002126 | val: 0.001529 | lr: 5.00e-05 ✓ best
Epoch 15/300 | train: 0.001982 | val: 0.001546 | lr: 5.00e-05 (no improvement for 1 epochs)
Epoch 16/300 | train: 0.001834 | val: 0.001306 | lr: 5.00e-05 ✓ best
Epoch 17/300 | train: 0.001727 | val: 0.001442 | lr: 5.00e-05 (no improvement for 1 epochs)
Epoch 18/300 | train: 0.001708 | val: 0.001190 | lr: 5.00e-05 ✓ best
Epoch 19/300 | train: 0.001629 | val: 0.001121 | lr: 5.00e-05 ✓ best
Epoch 20/300 | train: 0.001550 | val: 0.001050 | lr: 5.00e-05 ✓ best
Epoch 21/300 | train: 0.001482 | val: 0.001148 | lr: 5.00e-05 (no improvement for 1 epochs)
Epoch 22/300 | train: 0.001402 | val: 0.001095 | lr: 5.00e-05 (no improvement for 2 epochs)
Epoch 23/300 | train: 0.001343 | val: 0.001079 | lr: 5.00e-05 (no improvement for 3 epochs)
Epoch 24/300 | train: 0.001292 | val: 0.001006 | lr: 5.00e-05 ✓ best
Epoch 25/300 | train: 0.001252 | val: 0.001144 | lr: 5.00e-05 (no improvement for 1 epochs)
Epoch 26/300 | train: 0.001318 | val: 0.001019 | lr: 5.00e-05 (no improvement for 2 epochs)
Epoch 27/300 | train: 0.001322 | val: 0.001001 | lr: 5.00e-05 ✓ best
Epoch 28/300 | train: 0.001263 | val: 0.001834 | lr: 5.00e-05 (no improvement for 1 epochs)
Epoch 29/300 | train: 0.001222 | val: 0.000882 | lr: 5.00e-05 ✓ best
Epoch 30/300 | train: 0.001180 | val: 0.001025 | lr: 5.00e-05 (no improvement for 1 epochs)
Epoch 31/300 | train: 0.001147 | val: 0.001076 | lr: 5.00e-05 (no improvement for 2 epochs)
Epoch 32/300 | train: 0.001133 | val: 0.000944 | lr: 5.00e-05 (no improvement for 3 epochs)
Epoch 33/300 | train: 0.001115 | val: 0.001119 | lr: 5.00e-05 (no improvement for 4 epochs)
Epoch 34/300 | train: 0.001141 | val: 0.000746 | lr: 5.00e-05 ✓ best
Epoch 35/300 | train: 0.001094 | val: 0.000795 | lr: 5.00e-05 (no improvement for 1 epochs)
Epoch 36/300 | train: 0.001074 | val: 0.000926 | lr: 5.00e-05 (no improvement for 2 epochs)
Epoch 37/300 | train: 0.001031 | val: 0.000839 | lr: 5.00e-05 (no improvement for 3 epochs)
Epoch 38/300 | train: 0.001042 | val: 0.000781 | lr: 5.00e-05 (no improvement for 4 epochs)
Epoch 39/300 | train: 0.001024 | val: 0.000786 | lr: 5.00e-05 (no improvement for 5 epochs)
Epoch 40/300 | train: 0.001017 | val: 0.000926 | lr: 5.00e-05 (no improvement for 6 epochs)
Epoch 41/300 | train: 0.001006 | val: 0.000898 | lr: 2.50e-05 (no improvement for 7 epochs)
Epoch 42/300 | train: 0.000949 | val: 0.000930 | lr: 2.50e-05 (no improvement for 8 epochs)
Epoch 43/300 | train: 0.000897 | val: 0.000793 | lr: 2.50e-05 (no improvement for 9 epochs)
Epoch 44/300 | train: 0.000880 | val: 0.000785 | lr: 2.50e-05 (no improvement for 10 epochs)
Epoch 45/300 | train: 0.000866 | val: 0.000766 | lr: 2.50e-05 (no improvement for 11 epochs)
Epoch 46/300 | train: 0.000855 | val: 0.000788 | lr: 2.50e-05 (no improvement for 12 epochs)
Epoch 47/300 | train: 0.000846 | val: 0.000784 | lr: 2.50e-05 (no improvement for 13 epochs)
Epoch 48/300 | train: 0.000840 | val: 0.000781 | lr: 1.25e-05 (no improvement for 14 epochs)
Epoch 49/300 | train: 0.000827 | val: 0.000805 | lr: 1.25e-05 (no improvement for 15 epochs)
Epoch 50/300 | train: 0.000820 | val: 0.000788 | lr: 1.25e-05 (no improvement for 16 epochs)
Epoch 51/300 | train: 0.000815 | val: 0.000791 | lr: 1.25e-05 (no improvement for 17 epochs)
Epoch 52/300 | train: 0.000810 | val: 0.000782 | lr: 1.25e-05 (no improvement for 18 epochs)
Epoch 53/300 | train: 0.000805 | val: 0.000783 | lr: 1.25e-05 (no improvement for 19 epochs)
Epoch 54/300 | train: 0.000800 | val: 0.000794 | lr: 1.25e-05 (no improvement for 20 epochs)
Epoch 55/300 | train: 0.000795 | val: 0.000784 | lr: 6.25e-06 (no improvement for 21 epochs)
Epoch 56/300 | train: 0.000789 | val: 0.000789 | lr: 6.25e-06 (no improvement for 22 epochs)
Epoch 57/300 | train: 0.000785 | val: 0.000778 | lr: 6.25e-06 (no improvement for 23 epochs)
Epoch 58/300 | train: 0.000782 | val: 0.000794 | lr: 6.25e-06 (no improvement for 24 epochs)
Epoch 59/300 | train: 0.000779 | val: 0.000791 | lr: 6.25e-06 (no improvement for 25 epochs)
Epoch 60/300 | train: 0.000776 | val: 0.000790 | lr: 6.25e-06 (no improvement for 26 epochs)
Epoch 61/300 | train: 0.000773 | val: 0.000792 | lr: 6.25e-06 (no improvement for 27 epochs)
Epoch 62/300 | train: 0.000770 | val: 0.000797 | lr: 3.13e-06 (no improvement for 28 epochs)
Epoch 63/300 | train: 0.000766 | val: 0.000797 | lr: 3.13e-06 (no improvement for 29 epochs)
Epoch 64/300 | train: 0.000764 | val: 0.000790 | lr: 3.13e-06 (no improvement for 30 epochs)

Early stopping at epoch 64. Best epoch: 34 (val loss: 0.000746).
/home/renku/work/SDSC-IRM/src/visualization/ae_plots.py:1115: UserWarning: Data has no positive values, and therefore cannot be log-scaled.
  ax2.set_yscale("log")
Loss plot saved: /home/renku/work/SDSC-IRM/results/0_tempo/AE_AE3dSeparableDilated_200patients_splitdefault_240dims_aiagent_existing_AE3dSeparableDilated_train_val_loss.png
