None
Data loaded | train: 200 | val: 40 | test: 60 | split: splitdefault
/home/renku/work/.venv/lib/python3.13/site-packages/torch/nn/modules/linear.py:124: UserWarning: Initializing zero-element tensors is a no-op
  init.kaiming_uniform_(self.weight, a=math.sqrt(5))
Training AE3dDilatedDecRefinement | device=cuda | batch_size=1 | patience=30 | max_epochs=300
Epoch 1/300 | train: 0.107813 | val: 0.052685 | lr: 5.00e-05 ✓ best
Epoch 2/300 | train: 0.035866 | val: 0.023077 | lr: 5.00e-05 ✓ best
Epoch 3/300 | train: 0.018811 | val: 0.012714 | lr: 5.00e-05 ✓ best
Epoch 4/300 | train: 0.012169 | val: 0.008603 | lr: 5.00e-05 ✓ best
Epoch 5/300 | train: 0.008852 | val: 0.006431 | lr: 5.00e-05 ✓ best
Epoch 6/300 | train: 0.006962 | val: 0.004566 | lr: 5.00e-05 ✓ best
Epoch 7/300 | train: 0.005600 | val: 0.003747 | lr: 5.00e-05 ✓ best
Epoch 8/300 | train: 0.004770 | val: 0.003257 | lr: 5.00e-05 ✓ best
Epoch 9/300 | train: 0.003873 | val: 0.002803 | lr: 5.00e-05 ✓ best
Epoch 10/300 | train: 0.003428 | val: 0.002318 | lr: 5.00e-05 ✓ best
Epoch 11/300 | train: 0.003021 | val: 0.002081 | lr: 5.00e-05 ✓ best
Epoch 12/300 | train: 0.002752 | val: 0.002058 | lr: 5.00e-05 ✓ best
Epoch 13/300 | train: 0.002522 | val: 0.001655 | lr: 5.00e-05 ✓ best
Epoch 14/300 | train: 0.002307 | val: 0.001552 | lr: 5.00e-05 ✓ best
Epoch 15/300 | train: 0.002119 | val: 0.001557 | lr: 5.00e-05 (no improvement for 1 epochs)
Epoch 16/300 | train: 0.002007 | val: 0.001312 | lr: 5.00e-05 ✓ best
Epoch 17/300 | train: 0.001908 | val: 0.001243 | lr: 5.00e-05 ✓ best
Epoch 18/300 | train: 0.001788 | val: 0.001250 | lr: 5.00e-05 (no improvement for 1 epochs)
Epoch 19/300 | train: 0.001654 | val: 0.001054 | lr: 5.00e-05 ✓ best
Epoch 20/300 | train: 0.001560 | val: 0.001014 | lr: 5.00e-05 ✓ best
Epoch 21/300 | train: 0.001574 | val: 0.001105 | lr: 5.00e-05 (no improvement for 1 epochs)
Epoch 22/300 | train: 0.001459 | val: 0.001281 | lr: 5.00e-05 (no improvement for 2 epochs)
Epoch 23/300 | train: 0.001391 | val: 0.001091 | lr: 5.00e-05 (no improvement for 3 epochs)
Epoch 24/300 | train: 0.001314 | val: 0.001501 | lr: 5.00e-05 (no improvement for 4 epochs)
Epoch 25/300 | train: 0.001311 | val: 0.001059 | lr: 5.00e-05 (no improvement for 5 epochs)
Epoch 26/300 | train: 0.001276 | val: 0.001018 | lr: 5.00e-05 (no improvement for 6 epochs)
Epoch 27/300 | train: 0.001352 | val: 0.001270 | lr: 2.50e-05 (no improvement for 7 epochs)
Epoch 28/300 | train: 0.001128 | val: 0.000920 | lr: 2.50e-05 ✓ best
Epoch 29/300 | train: 0.000991 | val: 0.000897 | lr: 2.50e-05 ✓ best
Epoch 30/300 | train: 0.000927 | val: 0.000900 | lr: 2.50e-05 (no improvement for 1 epochs)
Epoch 31/300 | train: 0.000888 | val: 0.000881 | lr: 2.50e-05 ✓ best
Epoch 32/300 | train: 0.000861 | val: 0.000860 | lr: 2.50e-05 ✓ best
Epoch 33/300 | train: 0.000836 | val: 0.000836 | lr: 2.50e-05 ✓ best
Epoch 34/300 | train: 0.000822 | val: 0.000879 | lr: 2.50e-05 (no improvement for 1 epochs)
Epoch 35/300 | train: 0.000812 | val: 0.000891 | lr: 2.50e-05 (no improvement for 2 epochs)
Epoch 36/300 | train: 0.000822 | val: 0.000739 | lr: 2.50e-05 ✓ best
Epoch 37/300 | train: 0.000882 | val: 0.000887 | lr: 2.50e-05 (no improvement for 1 epochs)
Epoch 38/300 | train: 0.000851 | val: 0.000821 | lr: 2.50e-05 (no improvement for 2 epochs)
Epoch 39/300 | train: 0.000797 | val: 0.000791 | lr: 2.50e-05 (no improvement for 3 epochs)
Epoch 40/300 | train: 0.000753 | val: 0.000795 | lr: 2.50e-05 (no improvement for 4 epochs)
Epoch 41/300 | train: 0.000725 | val: 0.000926 | lr: 2.50e-05 (no improvement for 5 epochs)
Epoch 42/300 | train: 0.000713 | val: 0.000748 | lr: 2.50e-05 (no improvement for 6 epochs)
Epoch 43/300 | train: 0.000723 | val: 0.000903 | lr: 1.25e-05 (no improvement for 7 epochs)
Epoch 44/300 | train: 0.000667 | val: 0.000764 | lr: 1.25e-05 (no improvement for 8 epochs)
Epoch 45/300 | train: 0.000624 | val: 0.000776 | lr: 1.25e-05 (no improvement for 9 epochs)
Epoch 46/300 | train: 0.000606 | val: 0.000825 | lr: 1.25e-05 (no improvement for 10 epochs)
Epoch 47/300 | train: 0.000594 | val: 0.000780 | lr: 1.25e-05 (no improvement for 11 epochs)
Epoch 48/300 | train: 0.000585 | val: 0.000838 | lr: 1.25e-05 (no improvement for 12 epochs)
Epoch 49/300 | train: 0.000577 | val: 0.000798 | lr: 1.25e-05 (no improvement for 13 epochs)
Epoch 50/300 | train: 0.000570 | val: 0.000811 | lr: 6.25e-06 (no improvement for 14 epochs)
Epoch 51/300 | train: 0.000559 | val: 0.000801 | lr: 6.25e-06 (no improvement for 15 epochs)
Epoch 52/300 | train: 0.000549 | val: 0.000801 | lr: 6.25e-06 (no improvement for 16 epochs)
Epoch 53/300 | train: 0.000544 | val: 0.000798 | lr: 6.25e-06 (no improvement for 17 epochs)
Epoch 54/300 | train: 0.000538 | val: 0.000799 | lr: 6.25e-06 (no improvement for 18 epochs)
Epoch 55/300 | train: 0.000533 | val: 0.000798 | lr: 6.25e-06 (no improvement for 19 epochs)
Epoch 56/300 | train: 0.000528 | val: 0.000824 | lr: 6.25e-06 (no improvement for 20 epochs)
Epoch 57/300 | train: 0.000523 | val: 0.000795 | lr: 3.13e-06 (no improvement for 21 epochs)
Epoch 58/300 | train: 0.000516 | val: 0.000792 | lr: 3.13e-06 (no improvement for 22 epochs)
Epoch 59/300 | train: 0.000512 | val: 0.000801 | lr: 3.13e-06 (no improvement for 23 epochs)
Epoch 60/300 | train: 0.000509 | val: 0.000810 | lr: 3.13e-06 (no improvement for 24 epochs)
Epoch 61/300 | train: 0.000506 | val: 0.000805 | lr: 3.13e-06 (no improvement for 25 epochs)
Epoch 62/300 | train: 0.000503 | val: 0.000791 | lr: 3.13e-06 (no improvement for 26 epochs)
Epoch 63/300 | train: 0.000500 | val: 0.000803 | lr: 3.13e-06 (no improvement for 27 epochs)
Epoch 64/300 | train: 0.000497 | val: 0.000799 | lr: 1.56e-06 (no improvement for 28 epochs)
Epoch 65/300 | train: 0.000493 | val: 0.000791 | lr: 1.56e-06 (no improvement for 29 epochs)
Epoch 66/300 | train: 0.000491 | val: 0.000798 | lr: 1.56e-06 (no improvement for 30 epochs)

Early stopping at epoch 66. Best epoch: 36 (val loss: 0.000739).
/home/renku/work/SDSC-IRM/src/visualization/ae_plots.py:1115: UserWarning: Data has no positive values, and therefore cannot be log-scaled.
  ax2.set_yscale("log")
Loss plot saved: /home/renku/work/SDSC-IRM/results/0_tempo/AE_AE3dDilatedDecRefinement_200patients_splitdefault_120dims_aiagent_AE3dDilatedDecRefinement_train_val_loss.png
