None
Data loaded | train: 200 | val: 40 | test: 60 | split: splitdefault

============================================================
Model: AE3dAttention | latent_dim: 8
============================================================
/home/renku/work/.venv/lib/python3.13/site-packages/torch/nn/modules/linear.py:124: UserWarning: Initializing zero-element tensors is a no-op
  init.kaiming_uniform_(self.weight, a=math.sqrt(5))
Training AE3dAttention | device=cuda | batch_size=1 | patience=30 | max_epochs=300
Epoch 1/300 | train: 0.114747 | val: 0.059939 | lr: 5.00e-05 ✓ best
Epoch 2/300 | train: 0.039551 | val: 0.024222 | lr: 5.00e-05 ✓ best
Epoch 3/300 | train: 0.019201 | val: 0.013125 | lr: 5.00e-05 ✓ best
Epoch 4/300 | train: 0.011918 | val: 0.008480 | lr: 5.00e-05 ✓ best
Epoch 5/300 | train: 0.008501 | val: 0.005996 | lr: 5.00e-05 ✓ best
Epoch 6/300 | train: 0.006446 | val: 0.004555 | lr: 5.00e-05 ✓ best
Epoch 7/300 | train: 0.005267 | val: 0.004160 | lr: 5.00e-05 ✓ best
Epoch 8/300 | train: 0.004449 | val: 0.003085 | lr: 5.00e-05 ✓ best
Epoch 9/300 | train: 0.003907 | val: 0.002569 | lr: 5.00e-05 ✓ best
Epoch 10/300 | train: 0.003430 | val: 0.002293 | lr: 5.00e-05 ✓ best
Epoch 11/300 | train: 0.002982 | val: 0.001944 | lr: 5.00e-05 ✓ best
Epoch 12/300 | train: 0.002727 | val: 0.001790 | lr: 5.00e-05 ✓ best
Epoch 13/300 | train: 0.002474 | val: 0.001687 | lr: 5.00e-05 ✓ best
Epoch 14/300 | train: 0.002426 | val: 0.001429 | lr: 5.00e-05 ✓ best
Epoch 15/300 | train: 0.002220 | val: 0.001522 | lr: 5.00e-05 (no improvement for 1 epochs)
Epoch 16/300 | train: 0.002145 | val: 0.001284 | lr: 5.00e-05 ✓ best
Epoch 17/300 | train: 0.002020 | val: 0.001388 | lr: 5.00e-05 (no improvement for 1 epochs)
Epoch 18/300 | train: 0.001909 | val: 0.001261 | lr: 5.00e-05 ✓ best
Epoch 19/300 | train: 0.001891 | val: 0.001202 | lr: 5.00e-05 ✓ best
Epoch 20/300 | train: 0.001770 | val: 0.001258 | lr: 5.00e-05 (no improvement for 1 epochs)
Epoch 21/300 | train: 0.001683 | val: 0.001141 | lr: 5.00e-05 ✓ best
Epoch 22/300 | train: 0.001624 | val: 0.001038 | lr: 5.00e-05 ✓ best
Epoch 23/300 | train: 0.001622 | val: 0.001141 | lr: 5.00e-05 (no improvement for 1 epochs)
Epoch 24/300 | train: 0.001634 | val: 0.001046 | lr: 5.00e-05 (no improvement for 2 epochs)
Epoch 25/300 | train: 0.001583 | val: 0.001250 | lr: 5.00e-05 (no improvement for 3 epochs)
Epoch 26/300 | train: 0.001672 | val: 0.000954 | lr: 5.00e-05 ✓ best
Epoch 27/300 | train: 0.001488 | val: 0.001141 | lr: 5.00e-05 (no improvement for 1 epochs)
Epoch 28/300 | train: 0.001466 | val: 0.001001 | lr: 5.00e-05 (no improvement for 2 epochs)
Epoch 29/300 | train: 0.001451 | val: 0.001037 | lr: 5.00e-05 (no improvement for 3 epochs)
Epoch 30/300 | train: 0.001381 | val: 0.000892 | lr: 5.00e-05 ✓ best
Epoch 31/300 | train: 0.001416 | val: 0.000969 | lr: 5.00e-05 (no improvement for 1 epochs)
Epoch 32/300 | train: 0.001384 | val: 0.000864 | lr: 5.00e-05 ✓ best
Epoch 33/300 | train: 0.001344 | val: 0.000934 | lr: 5.00e-05 (no improvement for 1 epochs)
Epoch 34/300 | train: 0.001364 | val: 0.000891 | lr: 5.00e-05 (no improvement for 2 epochs)
Epoch 35/300 | train: 0.001393 | val: 0.000811 | lr: 5.00e-05 ✓ best
Epoch 36/300 | train: 0.001318 | val: 0.000760 | lr: 5.00e-05 ✓ best
Epoch 37/300 | train: 0.001231 | val: 0.000880 | lr: 5.00e-05 (no improvement for 1 epochs)
Epoch 38/300 | train: 0.001197 | val: 0.000816 | lr: 5.00e-05 (no improvement for 2 epochs)
Epoch 39/300 | train: 0.001217 | val: 0.001091 | lr: 5.00e-05 (no improvement for 3 epochs)
Epoch 40/300 | train: 0.001236 | val: 0.001008 | lr: 5.00e-05 (no improvement for 4 epochs)
Epoch 41/300 | train: 0.001271 | val: 0.001124 | lr: 5.00e-05 (no improvement for 5 epochs)
Epoch 42/300 | train: 0.001290 | val: 0.001040 | lr: 5.00e-05 (no improvement for 6 epochs)
Epoch 43/300 | train: 0.001215 | val: 0.000939 | lr: 2.50e-05 (no improvement for 7 epochs)
Epoch 44/300 | train: 0.001130 | val: 0.000822 | lr: 2.50e-05 (no improvement for 8 epochs)
Epoch 45/300 | train: 0.001063 | val: 0.000852 | lr: 2.50e-05 (no improvement for 9 epochs)
Epoch 46/300 | train: 0.001041 | val: 0.000854 | lr: 2.50e-05 (no improvement for 10 epochs)
Epoch 47/300 | train: 0.001023 | val: 0.000906 | lr: 2.50e-05 (no improvement for 11 epochs)
Epoch 48/300 | train: 0.001013 | val: 0.000849 | lr: 2.50e-05 (no improvement for 12 epochs)
Epoch 49/300 | train: 0.001002 | val: 0.000852 | lr: 2.50e-05 (no improvement for 13 epochs)
Epoch 50/300 | train: 0.000994 | val: 0.000868 | lr: 1.25e-05 (no improvement for 14 epochs)
Epoch 51/300 | train: 0.000977 | val: 0.000850 | lr: 1.25e-05 (no improvement for 15 epochs)
Epoch 52/300 | train: 0.000967 | val: 0.000882 | lr: 1.25e-05 (no improvement for 16 epochs)
Epoch 53/300 | train: 0.000959 | val: 0.000856 | lr: 1.25e-05 (no improvement for 17 epochs)
Epoch 54/300 | train: 0.000954 | val: 0.000859 | lr: 1.25e-05 (no improvement for 18 epochs)
Epoch 55/300 | train: 0.000948 | val: 0.000871 | lr: 1.25e-05 (no improvement for 19 epochs)
Epoch 56/300 | train: 0.000942 | val: 0.000861 | lr: 1.25e-05 (no improvement for 20 epochs)
Epoch 57/300 | train: 0.000938 | val: 0.000851 | lr: 6.25e-06 (no improvement for 21 epochs)
Epoch 58/300 | train: 0.000927 | val: 0.000858 | lr: 6.25e-06 (no improvement for 22 epochs)
Epoch 59/300 | train: 0.000922 | val: 0.000857 | lr: 6.25e-06 (no improvement for 23 epochs)
Epoch 60/300 | train: 0.000919 | val: 0.000867 | lr: 6.25e-06 (no improvement for 24 epochs)
Epoch 61/300 | train: 0.000916 | val: 0.000858 | lr: 6.25e-06 (no improvement for 25 epochs)
Epoch 62/300 | train: 0.000912 | val: 0.000863 | lr: 6.25e-06 (no improvement for 26 epochs)
Epoch 63/300 | train: 0.000909 | val: 0.000849 | lr: 6.25e-06 (no improvement for 27 epochs)
Epoch 64/300 | train: 0.000906 | val: 0.000861 | lr: 3.13e-06 (no improvement for 28 epochs)
Epoch 65/300 | train: 0.000900 | val: 0.000863 | lr: 3.13e-06 (no improvement for 29 epochs)
Epoch 66/300 | train: 0.000897 | val: 0.000867 | lr: 3.13e-06 (no improvement for 30 epochs)

Early stopping at epoch 66. Best epoch: 36 (val loss: 0.000760).
/home/renku/work/SDSC-IRM/src/visualization/ae_plots.py:1115: UserWarning: Data has no positive values, and therefore cannot be log-scaled.
  ax2.set_yscale("log")
Loss plot saved: /home/renku/work/SDSC-IRM/results/0_tempo/AE_AE3dAttention_200patients_splitdefault_8dims_aiagent_existing_AE3dAttention_train_val_loss.png
